../Core/Inc/modbus.h:141:23:SYS_GetTime100us	16	static,ignoring_inline_asm
../Core/Inc/modbus.h:150:23:SYS_GetTimeMs	8	static
../Core/Src/main.c:78:5:main	56	static
../Core/Src/main.c:182:6:SystemClock_Config	72	static
../Core/Src/main.c:221:13:MX_TIM1_Init	32	static
../Core/Src/main.c:267:13:MX_TIM2_Init	32	static
../Core/Src/main.c:317:13:MX_TIM3_Init	56	static
../Core/Src/main.c:366:13:MX_TIM4_Init	64	static
../Core/Src/main.c:437:13:MX_USART1_UART_Init	8	static
../Core/Src/main.c:470:13:MX_GPIO_Init	40	static
../Core/Src/main.c:513:6:HAL_UART_RxCpltCallback	16	static
../Core/Src/main.c:526:6:HAL_UART_ErrorCallback	24	static
../Core/Src/main.c:542:6:Error_Handler	4	static,ignoring_inline_asm
