../Core/Inc/modbus.h:257:23:SYS_GetTime100us	16	static,ignoring_inline_asm
../Core/Inc/modbus.h:266:23:SYS_GetTimeMs	8	static
../Core/Src/main.c:81:5:main	160	static
../Core/Src/main.c:362:6:SystemClock_Config	88	static
../Core/Src/main.c:408:13:MX_ADC1_Init	24	static
../Core/Src/main.c:487:13:MX_TIM1_Init	32	static
../Core/Src/main.c:533:13:MX_TIM3_Init	56	static
../Core/Src/main.c:582:13:MX_TIM4_Init	64	static
../Core/Src/main.c:653:13:MX_USART1_UART_Init	8	static
../Core/Src/main.c:684:13:MX_DMA_Init	16	static
../Core/Src/main.c:702:13:MX_GPIO_Init	40	static
../Core/Src/main.c:739:6:HAL_UART_RxCpltCallback	16	static
../Core/Src/main.c:752:6:HAL_UART_ErrorCallback	24	static
../Core/Src/main.c:768:6:Error_Handler	4	static,ignoring_inline_asm
