../Core/Src/modbus.c:30:9:MODBUS_IsSupportedBaud	24	static
../Core/Src/modbus.c:40:10:MODBUS_EncodeBaud	16	static
../Core/Src/modbus.c:45:10:MODBUS_DecodeBaud	24	static
../Core/Src/modbus.c:51:10:MODBUS_GetFrameTimeoutTicks	24	static
../Core/Src/modbus.c:60:6:MODBUS_SyncTargetPosition	16	static
../Core/Src/modbus.c:65:19:MODBUS_ApplyBaudRate	24	static
../Core/Src/modbus.c:125:17:MODBUS_CalcCRC	24	static
../Core/Src/modbus.c:137:6:MODBUS_Init	24	static
../Core/Src/modbus.c:159:6:MODBUS_OnByteReceived	16	static
../Core/Src/modbus.c:176:6:MODBUS_OnTimeoutTick	24	static
../Core/Src/modbus.c:213:6:MODBUS_SendResponse	32	static
../Core/Src/modbus.c:236:13:MODBUS_SendException	24	static
../Core/Src/modbus.c:248:17:MODBUS_ReadRegister	32	static
../Core/Src/modbus.c:406:13:MODBUS_ApplyTarget	24	static
../Core/Src/modbus.c:417:13:MODBUS_ApplyMode	24	static
../Core/Src/modbus.c:440:13:MODBUS_WriteRegister	352	static
../Core/Src/modbus.c:732:13:MODBUS_ProcessReadHoldingRegs	88	static
../Core/Src/modbus.c:767:13:MODBUS_ProcessWriteSingleReg	24	static
../Core/Src/modbus.c:795:13:MODBUS_ProcessWriteMultipleRegs	48	static
../Core/Src/modbus.c:842:6:MODBUS_Process	40	static
