../Core/Src/motor_control.c:128:17:float_to_u32	24	static
../Core/Src/motor_control.c:133:14:u32_to_float	24	static
../Core/Src/motor_control.c:140:6:MotorControl_LoadConfig	80	static
../Core/Src/motor_control.c:241:6:MotorControl_SaveConfig	336	static
../Core/Src/motor_control.c:325:16:abs64	24	static
../Core/Src/motor_control.c:330:14:clampf	24	static
../Core/Src/motor_control.c:337:14:MotorControl_UpdateSpeedRamp	24	static
../Core/Src/motor_control.c:354:16:ReadHomeSwitch	24	static
../Core/Src/motor_control.c:365:9:MotorControl_GetPWM	4	static
../Core/Src/motor_control.c:370:6:MotorControl_Init	32	static
../Core/Src/motor_control.c:435:13:MotorControl_ClearMotionState	24	static
../Core/Src/motor_control.c:454:13:MotorControl_FinishHoming	16	static
../Core/Src/motor_control.c:464:6:MotorControl_StartHoming	16	static
../Core/Src/motor_control.c:519:9:MotorControl_IsHoming	4	static
../Core/Src/motor_control.c:524:9:MotorControl_HomingFailed	4	static
../Core/Src/motor_control.c:529:6:MotorControl_SetTarget	24	static
../Core/Src/motor_control.c:536:6:MotorControl_SetSpeed	16	static
../Core/Src/motor_control.c:541:6:MotorControl_SetMode	16	static
../Core/Src/motor_control.c:564:6:MotorControl_SetDirection	16	static
../Core/Src/motor_control.c:569:6:MotorControl_SetEncoderDirection	16	static
../Core/Src/motor_control.c:574:6:MotorControl_SetPosPID	24	static
../Core/Src/motor_control.c:583:6:MotorControl_SetSpdPID	24	static
../Core/Src/motor_control.c:592:6:MotorControl_SetMaxOutput	16	static
../Core/Src/motor_control.c:599:6:MotorControl_SetMaxRunSpeed	16	static
../Core/Src/motor_control.c:613:6:MotorControl_SetOrigin	24	static
../Core/Src/motor_control.c:638:16:MotorControl_ApplyLimitSwitches	24	static
../Core/Src/motor_control.c:656:9:MotorControl_Update	432	static,ignoring_inline_asm
../Core/Src/motor_control.c:1047:6:MotorControl_Reset	16	static
../Core/Src/motor_control.c:1055:9:MotorControl_GetTarget	16	static
../Core/Src/motor_control.c:1060:7:MotorControl_GetSpeedTarget	16	static
../Core/Src/motor_control.c:1065:13:MotorControl_GetMode	16	static
../Core/Src/motor_control.c:1070:6:Motor_Start	8	static
../Core/Src/motor_control.c:1094:6:Motor_Stop	8	static
../Core/Src/motor_control.c:1107:6:Motor_SetPWM	16	static
../Core/Src/motor_control.c:1130:6:Encoder_OverflowHandler	4	static
../Core/Src/motor_control.c:1139:9:Encoder_GetCount	40	static
../Core/Src/motor_control.c:1149:7:Encoder_GetSpeed	16	static
../Core/Src/motor_control.c:1159:6:Encoder_Reset	4	static
../Core/Src/motor_control.c:1166:6:MotorControl_ProcessInputs	4	static
../Core/Src/motor_control.c:1172:6:MotorControl_PulseTick10us	16	static
../Core/Src/motor_control.c:1208:6:MotorControl_TimerTick100us	16	static
