../Core/Src/motor_control.c:130:17:float_to_u32	24	static
../Core/Src/motor_control.c:135:14:u32_to_float	24	static
../Core/Src/motor_control.c:142:6:MotorControl_LoadConfig	80	static
../Core/Src/motor_control.c:246:6:MotorControl_SaveConfig	344	static
../Core/Src/motor_control.c:332:16:abs64	24	static
../Core/Src/motor_control.c:337:14:clampf	24	static
../Core/Src/motor_control.c:344:14:MotorControl_UpdateSpeedRamp	24	static
../Core/Src/motor_control.c:361:16:ReadHomeSwitch	24	static
../Core/Src/motor_control.c:372:9:MotorControl_GetPWM	4	static
../Core/Src/motor_control.c:377:6:MotorControl_Init	32	static
../Core/Src/motor_control.c:458:13:MotorControl_ClearMotionState	24	static
../Core/Src/motor_control.c:477:13:MotorControl_FinishHoming	16	static
../Core/Src/motor_control.c:487:6:MotorControl_StartHoming	16	static
../Core/Src/motor_control.c:542:9:MotorControl_IsHoming	4	static
../Core/Src/motor_control.c:547:9:MotorControl_HomingFailed	4	static
../Core/Src/motor_control.c:552:6:MotorControl_SetTarget	24	static
../Core/Src/motor_control.c:559:6:MotorControl_SetSpeed	16	static
../Core/Src/motor_control.c:564:6:MotorControl_SetMode	16	static
../Core/Src/motor_control.c:587:6:MotorControl_SetDirection	16	static
../Core/Src/motor_control.c:592:6:MotorControl_SetEncoderDirection	16	static
../Core/Src/motor_control.c:597:6:MotorControl_SetPosPID	24	static
../Core/Src/motor_control.c:606:6:MotorControl_SetSpdPID	24	static
../Core/Src/motor_control.c:615:6:MotorControl_SetMaxOutput	16	static
../Core/Src/motor_control.c:622:6:MotorControl_SetMaxRunSpeed	16	static
../Core/Src/motor_control.c:636:6:MotorControl_SetOrigin	24	static
../Core/Src/motor_control.c:661:16:MotorControl_ApplyLimitSwitches	24	static
../Core/Src/motor_control.c:679:9:MotorControl_Update	464	static,ignoring_inline_asm
../Core/Src/motor_control.c:1118:6:MotorControl_Reset	16	static
../Core/Src/motor_control.c:1126:9:MotorControl_GetTarget	16	static
../Core/Src/motor_control.c:1131:7:MotorControl_GetSpeedTarget	16	static
../Core/Src/motor_control.c:1136:13:MotorControl_GetMode	16	static
../Core/Src/motor_control.c:1141:6:Motor_Start	8	static
../Core/Src/motor_control.c:1168:6:Motor_Stop	8	static
../Core/Src/motor_control.c:1181:6:Motor_SetPWM	16	static
../Core/Src/motor_control.c:1204:6:Encoder_OverflowHandler	4	static
../Core/Src/motor_control.c:1213:9:Encoder_GetCount	56	static
../Core/Src/motor_control.c:1239:7:Encoder_GetSpeed	16	static
../Core/Src/motor_control.c:1249:6:Encoder_Reset	4	static
../Core/Src/motor_control.c:1257:6:MotorControl_ProcessInputs	4	static
../Core/Src/motor_control.c:1265:6:MotorControl_ApplyTim2Arr	16	static
../Core/Src/motor_control.c:1279:6:MotorControl_UpdateIrqPriority	8	static
../Core/Src/motor_control.c:1297:6:MotorControl_PulseTick10us	16	static
../Core/Src/motor_control.c:1333:6:MotorControl_TimerTick100us	40	static
../Core/Src/motor_control.c:1383:9:MotorControl_IsStallTripped	4	static
../Core/Src/motor_control.c:1388:6:MotorControl_ResetStall	16	static
