Archive member included to satisfy reference by file (symbol)

D:/soft/ST/STM32CubeIDE_2.2.0/STM32CubeIDE/plugins/com.st.stm32cube.ide.mcu.externaltools.gnu-tools-for-stm32.14.3.rel1.win32_1.0.100.202602081740/tools/bin/../lib/gcc/arm-none-eabi/14.3.1/../../../../arm-none-eabi/lib/thumb/v7-m/nofp\libc_nano.a(libc_a-exit.o)
                              D:/soft/ST/STM32CubeIDE_2.2.0/STM32CubeIDE/plugins/com.st.stm32cube.ide.mcu.externaltools.gnu-tools-for-stm32.14.3.rel1.win32_1.0.100.202602081740/tools/bin/../lib/gcc/arm-none-eabi/14.3.1/../../../../arm-none-eabi/lib/thumb/v7-m/nofp/crt0.o (exit)
D:/soft/ST/STM32CubeIDE_2.2.0/STM32CubeIDE/plugins/com.st.stm32cube.ide.mcu.externaltools.gnu-tools-for-stm32.14.3.rel1.win32_1.0.100.202602081740/tools/bin/../lib/gcc/arm-none-eabi/14.3.1/../../../../arm-none-eabi/lib/thumb/v7-m/nofp\libc_nano.a(libc_a-findfp.o)
                              D:/soft/ST/STM32CubeIDE_2.2.0/STM32CubeIDE/plugins/com.st.stm32cube.ide.mcu.externaltools.gnu-tools-for-stm32.14.3.rel1.win32_1.0.100.202602081740/tools/bin/../lib/gcc/arm-none-eabi/14.3.1/../../../../arm-none-eabi/lib/thumb/v7-m/nofp\libc_nano.a(libc_a-exit.o) (__stdio_exit_handler)
D:/soft/ST/STM32CubeIDE_2.2.0/STM32CubeIDE/plugins/com.st.stm32cube.ide.mcu.externaltools.gnu-tools-for-stm32.14.3.rel1.win32_1.0.100.202602081740/tools/bin/../lib/gcc/arm-none-eabi/14.3.1/../../../../arm-none-eabi/lib/thumb/v7-m/nofp\libc_nano.a(libc_a-fwalk.o)
                              D:/soft/ST/STM32CubeIDE_2.2.0/STM32CubeIDE/plugins/com.st.stm32cube.ide.mcu.externaltools.gnu-tools-for-stm32.14.3.rel1.win32_1.0.100.202602081740/tools/bin/../lib/gcc/arm-none-eabi/14.3.1/../../../../arm-none-eabi/lib/thumb/v7-m/nofp\libc_nano.a(libc_a-findfp.o) (_fwalk_sglue)
D:/soft/ST/STM32CubeIDE_2.2.0/STM32CubeIDE/plugins/com.st.stm32cube.ide.mcu.externaltools.gnu-tools-for-stm32.14.3.rel1.win32_1.0.100.202602081740/tools/bin/../lib/gcc/arm-none-eabi/14.3.1/../../../../arm-none-eabi/lib/thumb/v7-m/nofp\libc_nano.a(libc_a-stdio.o)
                              D:/soft/ST/STM32CubeIDE_2.2.0/STM32CubeIDE/plugins/com.st.stm32cube.ide.mcu.externaltools.gnu-tools-for-stm32.14.3.rel1.win32_1.0.100.202602081740/tools/bin/../lib/gcc/arm-none-eabi/14.3.1/../../../../arm-none-eabi/lib/thumb/v7-m/nofp\libc_nano.a(libc_a-findfp.o) (__sread)
D:/soft/ST/STM32CubeIDE_2.2.0/STM32CubeIDE/plugins/com.st.stm32cube.ide.mcu.externaltools.gnu-tools-for-stm32.14.3.rel1.win32_1.0.100.202602081740/tools/bin/../lib/gcc/arm-none-eabi/14.3.1/../../../../arm-none-eabi/lib/thumb/v7-m/nofp\libc_nano.a(libc_a-memset.o)
                              D:/soft/ST/STM32CubeIDE_2.2.0/STM32CubeIDE/plugins/com.st.stm32cube.ide.mcu.externaltools.gnu-tools-for-stm32.14.3.rel1.win32_1.0.100.202602081740/tools/bin/../lib/gcc/arm-none-eabi/14.3.1/../../../../arm-none-eabi/lib/thumb/v7-m/nofp/crt0.o (memset)
D:/soft/ST/STM32CubeIDE_2.2.0/STM32CubeIDE/plugins/com.st.stm32cube.ide.mcu.externaltools.gnu-tools-for-stm32.14.3.rel1.win32_1.0.100.202602081740/tools/bin/../lib/gcc/arm-none-eabi/14.3.1/../../../../arm-none-eabi/lib/thumb/v7-m/nofp\libc_nano.a(libc_a-closer.o)
                              D:/soft/ST/STM32CubeIDE_2.2.0/STM32CubeIDE/plugins/com.st.stm32cube.ide.mcu.externaltools.gnu-tools-for-stm32.14.3.rel1.win32_1.0.100.202602081740/tools/bin/../lib/gcc/arm-none-eabi/14.3.1/../../../../arm-none-eabi/lib/thumb/v7-m/nofp\libc_nano.a(libc_a-stdio.o) (_close_r)
D:/soft/ST/STM32CubeIDE_2.2.0/STM32CubeIDE/plugins/com.st.stm32cube.ide.mcu.externaltools.gnu-tools-for-stm32.14.3.rel1.win32_1.0.100.202602081740/tools/bin/../lib/gcc/arm-none-eabi/14.3.1/../../../../arm-none-eabi/lib/thumb/v7-m/nofp\libc_nano.a(libc_a-reent.o)
                              D:/soft/ST/STM32CubeIDE_2.2.0/STM32CubeIDE/plugins/com.st.stm32cube.ide.mcu.externaltools.gnu-tools-for-stm32.14.3.rel1.win32_1.0.100.202602081740/tools/bin/../lib/gcc/arm-none-eabi/14.3.1/../../../../arm-none-eabi/lib/thumb/v7-m/nofp\libc_nano.a(libc_a-closer.o) (errno)
D:/soft/ST/STM32CubeIDE_2.2.0/STM32CubeIDE/plugins/com.st.stm32cube.ide.mcu.externaltools.gnu-tools-for-stm32.14.3.rel1.win32_1.0.100.202602081740/tools/bin/../lib/gcc/arm-none-eabi/14.3.1/../../../../arm-none-eabi/lib/thumb/v7-m/nofp\libc_nano.a(libc_a-impure.o)
                              D:/soft/ST/STM32CubeIDE_2.2.0/STM32CubeIDE/plugins/com.st.stm32cube.ide.mcu.externaltools.gnu-tools-for-stm32.14.3.rel1.win32_1.0.100.202602081740/tools/bin/../lib/gcc/arm-none-eabi/14.3.1/../../../../arm-none-eabi/lib/thumb/v7-m/nofp\libc_nano.a(libc_a-reent.o) (_impure_ptr)
D:/soft/ST/STM32CubeIDE_2.2.0/STM32CubeIDE/plugins/com.st.stm32cube.ide.mcu.externaltools.gnu-tools-for-stm32.14.3.rel1.win32_1.0.100.202602081740/tools/bin/../lib/gcc/arm-none-eabi/14.3.1/../../../../arm-none-eabi/lib/thumb/v7-m/nofp\libc_nano.a(libc_a-lseekr.o)
[...]
Memory Configuration

Name             Origin             Length             Attributes
RAM              0x20000000         0x00005000         xrw
FLASH            0x08000000         0x00020000         xr
*default*        0x00000000         0xffffffff

Linker script and memory map

LOAD D:/soft/ST/STM32CubeIDE_2.2.0/STM32CubeIDE/plugins/com.st.stm32cube.ide.mcu.externaltools.gnu-tools-for-stm32.14.3.rel1.win32_1.0.100.202602081740/tools/bin/../lib/gcc/arm-none-eabi/14.3.1/thumb/v7-m/nofp/crti.o
LOAD D:/soft/ST/STM32CubeIDE_2.2.0/STM32CubeIDE/plugins/com.st.stm32cube.ide.mcu.externaltools.gnu-tools-for-stm32.14.3.rel1.win32_1.0.100.202602081740/tools/bin/../lib/gcc/arm-none-eabi/14.3.1/thumb/v7-m/nofp/crtbegin.o
LOAD D:/soft/ST/STM32CubeIDE_2.2.0/STM32CubeIDE/plugins/com.st.stm32cube.ide.mcu.externaltools.gnu-tools-for-stm32.14.3.rel1.win32_1.0.100.202602081740/tools/bin/../lib/gcc/arm-none-eabi/14.3.1/../../../../arm-none-eabi/lib/thumb/v7-m/nofp/crt0.o
LOAD ./Core/Src/afangkaobei.o
LOAD ./Core/Src/main.o
LOAD ./Core/Src/modbus.o
LOAD ./Core/Src/motor_control.o
LOAD ./Core/Src/stm32f1xx_hal_msp.o
LOAD ./Core/Src/stm32f1xx_it.o
LOAD ./Core/Src/syscalls.o
LOAD ./Core/Src/sysmem.o
LOAD ./Core/Src/system_stm32f1xx.o
LOAD ./Core/Startup/startup_stm32f103rbtx.o
LOAD ./Drivers/STM32F1xx_HAL_Driver/Src/stm32f1xx_hal.o
LOAD ./Drivers/STM32F1xx_HAL_Driver/Src/stm32f1xx_hal_cortex.o
LOAD ./Drivers/STM32F1xx_HAL_Driver/Src/stm32f1xx_hal_dma.o
LOAD ./Drivers/STM32F1xx_HAL_Driver/Src/stm32f1xx_hal_exti.o
LOAD ./Drivers/STM32F1xx_HAL_Driver/Src/stm32f1xx_hal_flash.o
LOAD ./Drivers/STM32F1xx_HAL_Driver/Src/stm32f1xx_hal_flash_ex.o
LOAD ./Drivers/STM32F1xx_HAL_Driver/Src/stm32f1xx_hal_gpio.o
LOAD ./Drivers/STM32F1xx_HAL_Driver/Src/stm32f1xx_hal_gpio_ex.o
LOAD ./Drivers/STM32F1xx_HAL_Driver/Src/stm32f1xx_hal_pwr.o
LOAD ./Drivers/STM32F1xx_HAL_Driver/Src/stm32f1xx_hal_rcc.o
LOAD ./Drivers/STM32F1xx_HAL_Driver/Src/stm32f1xx_hal_rcc_ex.o
LOAD ./Drivers/STM32F1xx_HAL_Driver/Src/stm32f1xx_hal_tim.o
LOAD ./Drivers/STM32F1xx_HAL_Driver/Src/stm32f1xx_hal_tim_ex.o
LOAD ./Drivers/STM32F1xx_HAL_Driver/Src/stm32f1xx_hal_uart.o
START GROUP
LOAD D:/soft/ST/STM32CubeIDE_2.2.0/STM32CubeIDE/plugins/com.st.stm32cube.ide.mcu.externaltools.gnu-tools-for-stm32.14.3.rel1.win32_1.0.100.202602081740/tools/bin/../lib/gcc/arm-none-eabi/14.3.1/../../../../arm-none-eabi/lib/thumb/v7-m/nofp\libc_nano.a
LOAD D:/soft/ST/STM32CubeIDE_2.2.0/STM32CubeIDE/plugins/com.st.stm32cube.ide.mcu.externaltools.gnu-tools-for-stm32.14.3.rel1.win32_1.0.100.202602081740/tools/bin/../lib/gcc/arm-none-eabi/14.3.1/../../../../arm-none-eabi/lib/thumb/v7-m/nofp\libm.a
END GROUP
START GROUP
LOAD D:/soft/ST/STM32CubeIDE_2.2.0/STM32CubeIDE/plugins/com.st.stm32cube.ide.mcu.externaltools.gnu-tools-for-stm32.14.3.rel1.win32_1.0.100.202602081740/tools/bin/../lib/gcc/arm-none-eabi/14.3.1/thumb/v7-m/nofp\libgcc.a
LOAD D:/soft/ST/STM32CubeIDE_2.2.0/STM32CubeIDE/plugins/com.st.stm32cube.ide.mcu.externaltools.gnu-tools-for-stm32.14.3.rel1.win32_1.0.100.202602081740/tools/bin/../lib/gcc/arm-none-eabi/14.3.1/../../../../arm-none-eabi/lib/thumb/v7-m/nofp\libc_nano.a
END GROUP
START GROUP
LOAD D:/soft/ST/STM32CubeIDE_2.2.0/STM32CubeIDE/plugins/com.st.stm32cube.ide.mcu.externaltools.gnu-tools-for-stm32.14.3.rel1.win32_1.0.100.202602081740/tools/bin/../lib/gcc/arm-none-eabi/14.3.1/thumb/v7-m/nofp\libgcc.a
LOAD D:/soft/ST/STM32CubeIDE_2.2.0/STM32CubeIDE/plugins/com.st.stm32cube.ide.mcu.externaltools.gnu-tools-for-stm32.14.3.rel1.win32_1.0.100.202602081740/tools/bin/../lib/gcc/arm-none-eabi/14.3.1/../../../../arm-none-eabi/lib/thumb/v7-m/nofp\libc_nano.a
LOAD D:/soft/ST/STM32CubeIDE_2.2.0/STM32CubeIDE/plugins/com.st.stm32cube.ide.mcu.externaltools.gnu-tools-for-stm32.14.3.rel1.win32_1.0.100.202602081740/tools/bin/../lib/gcc/arm-none-eabi/14.3.1/../../../../arm-none-eabi/lib/thumb/v7-m/nofp\libnosys.a
END GROUP
START GROUP
LOAD D:/soft/ST/STM32CubeIDE_2.2.0/STM32CubeIDE/plugins/com.st.stm32cube.ide.mcu.externaltools.gnu-tools-for-stm32.14.3.rel1.win32_1.0.100.202602081740/tools/bin/../lib/gcc/arm-none-eabi/14.3.1/thumb/v7-m/nofp\libgcc.a
LOAD D:/soft/ST/STM32CubeIDE_2.2.0/STM32CubeIDE/plugins/com.st.stm32cube.ide.mcu.externaltools.gnu-tools-for-stm32.14.3.rel1.win32_1.0.100.202602081740/tools/bin/../lib/gcc/arm-none-eabi/14.3.1/../../../../arm-none-eabi/lib/thumb/v7-m/nofp\libc_nano.a
LOAD D:/soft/ST/STM32CubeIDE_2.2.0/STM32CubeIDE/plugins/com.st.stm32cube.ide.mcu.externaltools.gnu-tools-for-stm32.14.3.rel1.win32_1.0.100.202602081740/tools/bin/../lib/gcc/arm-none-eabi/14.3.1/../../../../arm-none-eabi/lib/thumb/v7-m/nofp\libnosys.a
END GROUP
LOAD D:/soft/ST/STM32CubeIDE_2.2.0/STM32CubeIDE/plugins/com.st.stm32cube.ide.mcu.externaltools.gnu-tools-for-stm32.14.3.rel1.win32_1.0.100.202602081740/tools/bin/../lib/gcc/arm-none-eabi/14.3.1/thumb/v7-m/nofp/crtend.o
LOAD D:/soft/ST/STM32CubeIDE_2.2.0/STM32CubeIDE/plugins/com.st.stm32cube.ide.mcu.externaltools.gnu-tools-for-stm32.14.3.rel1.win32_1.0.100.202602081740/tools/bin/../lib/gcc/arm-none-eabi/14.3.1/thumb/v7-m/nofp/crtn.o
                0x20005000                        _estack = (ORIGIN (RAM) + LENGTH (RAM))
                0x00000200                        _Min_Heap_Size = 0x200
                0x00000400                        _Min_Stack_Size = 0x400

.isr_vector     0x08000000      0x10c
                0x08000000                        . = ALIGN (0x4)
 *(.isr_vector)
 .isr_vector    0x08000000      0x10c ./Core/Startup/startup_stm32f103rbtx.o
                0x08000000                g_pfnVectors
                0x0800010c                        . = ALIGN (0x4)

.text           0x08000110     0xa008
                0x08000110                        . = ALIGN (0x4)
 *(.text)
 .text          0x08000110       0x40 D:/soft/ST/STM32CubeIDE_2.2.0/STM32CubeIDE/plugins/com.st.stm32cube.ide.mcu.externaltools.gnu-tools-for-stm32.14.3.rel1.win32_1.0.100.202602081740/tools/bin/../lib/gcc/arm-none-eabi/14.3.1/thumb/v7-m/nofp/crtbegin.o
 .text          0x08000150      0x21c D:/soft/ST/STM32CubeIDE_2.2.0/STM32CubeIDE/plugins/com.st.stm32cube.ide.mcu.externaltools.gnu-tools-for-stm32.14.3.rel1.win32_1.0.100.202602081740/tools/bin/../lib/gcc/arm-none-eabi/14.3.1/thumb/v7-m/nofp\libgcc.a(_arm_addsubsf3.o)
                0x08000150                __aeabi_frsub
                0x08000158                __subsf3
                0x08000158                __aeabi_fsub
                0x0800015c                __aeabi_fadd
                0x0800015c                __addsf3
                0x080002bc                __aeabi_ui2f
                0x080002bc                __floatunsisf
                0x080002c4                __aeabi_i2f
                0x080002c4                __floatsisf
                0x080002e0                __aeabi_ul2f
                0x080002e0                __floatundisf
                0x080002f0                __aeabi_l2f
                0x080002f0                __floatdisf
 .text          0x0800036c      0x2a0 D:/soft/ST/STM32CubeIDE_2.2.0/STM32CubeIDE/plugins/com.st.stm32cube.ide.mcu.externaltools.gnu-tools-for-stm32.14.3.rel1.win32_1.0.100.202602081740/tools/bin/../lib/gcc/arm-none-eabi/14.3.1/thumb/v7-m/nofp\libgcc.a(_arm_muldivsf3.o)
                0x0800036c                __mulsf3
                0x0800036c                __aeabi_fmul
                0x080004d4                __aeabi_fdiv
                0x080004d4                __divsf3
 .text          0x0800060c       0xec D:/soft/ST/STM32CubeIDE_2.2.0/STM32CubeIDE/plugins/com.st.stm32cube.ide.mcu.externaltools.gnu-tools-for-stm32.14.3.rel1.win32_1.0.100.202602081740/tools/bin/../lib/gcc/arm-none-eabi/14.3.1/thumb/v7-m/nofp\libgcc.a(_arm_cmpsf2.o)
                0x0800060c                __gesf2
                0x0800060c                __gtsf2
                0x08000614                __lesf2
                0x08000614                __ltsf2
                0x0800061c                __nesf2
                0x0800061c                __eqsf2
                0x0800061c                __cmpsf2
                0x0800067c                __aeabi_cfrcmple
                0x08000684                __aeabi_cfcmpeq
                0x08000684                __aeabi_cfcmple
                0x08000694                __aeabi_fcmpeq
                0x080006a8                __aeabi_fcmplt
                0x080006bc                __aeabi_fcmple
                0x080006d0                __aeabi_fcmpge
                0x080006e4                __aeabi_fcmpgt
 .text          0x080006f8       0x4c D:/soft/ST/STM32CubeIDE_2.2.0/STM32CubeIDE/plugins/com.st.stm32cube.ide.mcu.externaltools.gnu-tools-for-stm32.14.3.rel1.win32_1.0.100.202602081740/tools/bin/../lib/gcc/arm-none-eabi/14.3.1/thumb/v7-m/nofp\libgcc.a(_arm_fixsfsi.o)
                0x080006f8                __aeabi_f2iz
                0x080006f8                __fixsfsi
 .text          0x08000744       0xa0 D:/soft/ST/STM32CubeIDE_2.2.0/STM32CubeIDE/plugins/com.st.stm32cube.ide.mcu.externaltools.gnu-tools-for-stm32.14.3.rel1.win32_1.0.100.202602081740/tools/bin/../lib/gcc/arm-none-eabi/14.3.1/thumb/v7-m/nofp\libgcc.a(_aeabi_ldivmod.o)
                0x08000744                __aeabi_ldivmod
 .text          0x080007e4       0x28 D:/soft/ST/STM32CubeIDE_2.2.0/STM32CubeIDE/plugins/com.st.stm32cube.ide.mcu.externaltools.gnu-tools-for-stm32.14.3.rel1.win32_1.0.100.202602081740/tools/bin/../lib/gcc/arm-none-eabi/14.3.1/thumb/v7-m/nofp\libgcc.a(_fixsfdi.o)
                0x080007e4                __fixsfdi
                0x080007e4                __aeabi_f2lz
 .text          0x0800080c       0x40 D:/soft/ST/STM32CubeIDE_2.2.0/STM32CubeIDE/plugins/com.st.stm32cube.ide.mcu.externaltools.gnu-tools-for-stm32.14.3.rel1.win32_1.0.100.202602081740/tools/bin/../lib/gcc/arm-none-eabi/14.3.1/thumb/v7-m/nofp\libgcc.a(_fixunssfdi.o)
                0x0800080c                __fixunssfdi
                0x0800080c                __aeabi_f2ulz
 .text          0x0800084c      0x2f4 D:/soft/ST/STM32CubeIDE_2.2.0/STM32CubeIDE/plugins/com.st.stm32cube.ide.mcu.externaltools.gnu-tools-for-stm32.14.3.rel1.win32_1.0.100.202602081740/tools/bin/../lib/gcc/arm-none-eabi/14.3.1/thumb/v7-m/nofp\libgcc.a(_udivmoddi4.o)
                0x0800084c                __udivmoddi4
 .text          0x08000b40      0x254 D:/soft/ST/STM32CubeIDE_2.2.0/STM32CubeIDE/plugins/com.st.stm32cube.ide.mcu.externaltools.gnu-tools-for-stm32.14.3.rel1.win32_1.0.100.202602081740/tools/bin/../lib/gcc/arm-none-eabi/14.3.1/thumb/v7-m/nofp\libgcc.a(_arm_muldf3.o)
                0x08000b40                __muldf3
                0x08000b40                __aeabi_dmul
 .text          0x08000d94        0x4 D:/soft/ST/STM32CubeIDE_2.2.0/STM32CubeIDE/plugins/com.st.stm32cube.ide.mcu.externaltools.gnu-tools-for-stm32.14.3.rel1.win32_1.0.100.202602081740/tools/bin/../lib/gcc/arm-none-eabi/14.3.1/thumb/v7-m/nofp\libgcc.a(_dvmd_tls.o)
                0x08000d94                __aeabi_idiv0
                0x08000d94                __aeabi_ldiv0
 .text          0x08000d98      0x378 D:/soft/ST/STM32CubeIDE_2.2.0/STM32CubeIDE/plugins/com.st.stm32cube.ide.mcu.externaltools.gnu-tools-for-stm32.14.3.rel1.win32_1.0.100.202602081740/tools/bin/../lib/gcc/arm-none-eabi/14.3.1/thumb/v7-m/nofp\libgcc.a(_arm_addsubdf3.o)
                0x08000d98                __aeabi_drsub
                0x08000da0                __aeabi_dsub
                0x08000da0                __subdf3
                0x08000da4                __aeabi_dadd
                0x08000da4                __adddf3
                0x0800101c                __floatunsidf
                0x0800101c                __aeabi_ui2d
                0x0800103c                __floatsidf
                0x0800103c                __aeabi_i2d
                0x08001060                __aeabi_f2d
                0x08001060                __extendsfdf2
                0x080010a4                __floatundidf
                0x080010a4                __aeabi_ul2d
                0x080010b4                __floatdidf
                0x080010b4                __aeabi_l2d
 .text          0x08001110       0x40 D:/soft/ST/STM32CubeIDE_2.2.0/STM32CubeIDE/plugins/com.st.stm32cube.ide.mcu.externaltools.gnu-tools-for-stm32.14.3.rel1.win32_1.0.100.202602081740/tools/bin/../lib/gcc/arm-none-eabi/14.3.1/thumb/v7-m/nofp\libgcc.a(_arm_fixunsdfsi.o)
                0x08001110                __aeabi_d2uiz
                0x08001110                __fixunsdfsi
 *(.text*)
 .text.jiamisuanfa
                0x08001150       0x34 ./Core/Src/afangkaobei.o
                0x08001150                jiamisuanfa
 .text.fangkaobei
                0x08001184      0x1d8 ./Core/Src/afangkaobei.o
                0x08001184                fangkaobei
 .text.SYS_GetTime100us
                0x0800135c       0x2c ./Core/Src/main.o
 .text.SYS_GetTimeMs
                0x08001388       0x1e ./Core/Src/main.o
 *fill*         0x080013a6        0x2 
 .text.main     0x080013a8      0x178 ./Core/Src/main.o
                0x080013a8                main
 .text.SystemClock_Config
                0x08001520       0x82 ./Core/Src/main.o
                0x08001520                SystemClock_Config
 *fill*         0x080015a2        0x2 
 .text.MX_TIM1_Init
                0x080015a4       0xa0 ./Core/Src/main.o
 .text.MX_TIM2_Init
                0x08001644       0xc0 ./Core/Src/main.o
 .text.MX_TIM3_Init
                0x08001704       0xa8 ./Core/Src/main.o
 .text.MX_TIM4_Init
                0x080017ac      0x130 ./Core/Src/main.o
 .text.MX_USART1_UART_Init
                0x080018dc       0x54 ./Core/Src/main.o
 .text.MX_GPIO_Init
                0x08001930       0xd0 ./Core/Src/main.o
 .text.HAL_UART_RxCpltCallback
                0x08001a00       0x44 ./Core/Src/main.o
                0x08001a00                HAL_UART_RxCpltCallback
 .text.HAL_UART_ErrorCallback
                0x08001a44       0x48 ./Core/Src/main.o
                0x08001a44                HAL_UART_ErrorCallback
 .text.Error_Handler
                0x08001a8c        0xc ./Core/Src/main.o
                0x08001a8c                Error_Handler
 .text.MODBUS_IsSupportedBaud
                0x08001a98       0x3c ./Core/Src/modbus.o
                0x08001a98                MODBUS_IsSupportedBaud
 .text.MODBUS_EncodeBaud
                0x08001ad4       0x24 ./Core/Src/modbus.o
                0x08001ad4                MODBUS_EncodeBaud
 .text.MODBUS_DecodeBaud
                0x08001af8       0x2e ./Core/Src/modbus.o
                0x08001af8                MODBUS_DecodeBaud
 .text.MODBUS_GetFrameTimeoutTicks
                0x08001b26       0x32 ./Core/Src/modbus.o
                0x08001b26                MODBUS_GetFrameTimeoutTicks
 .text.MODBUS_SyncTargetPosition
                0x08001b58       0x24 ./Core/Src/modbus.o
                0x08001b58                MODBUS_SyncTargetPosition
 .text.MODBUS_ApplyBaudRate
                0x08001b7c       0x8c ./Core/Src/modbus.o
                0x08001b7c                MODBUS_ApplyBaudRate
 .text.MODBUS_CalcCRC
                0x08001c08       0x54 ./Core/Src/modbus.o
 .text.MODBUS_Init
                0x08001c5c       0xb8 ./Core/Src/modbus.o
                0x08001c5c                MODBUS_Init
 .text.MODBUS_OnByteReceived
                0x08001d14       0x4c ./Core/Src/modbus.o
                0x08001d14                MODBUS_OnByteReceived
 .text.MODBUS_OnTimeoutTick
                0x08001d60       0xc4 ./Core/Src/modbus.o
                0x08001d60                MODBUS_OnTimeoutTick
 .text.MODBUS_SendResponse
                0x08001e24       0xb8 ./Core/Src/modbus.o
                0x08001e24                MODBUS_SendResponse
 .text.MODBUS_SendException
                0x08001edc       0x3c ./Core/Src/modbus.o
 .text.MODBUS_ReadRegister
                0x08001f18      0x55c ./Core/Src/modbus.o
 .text.MODBUS_ApplyTarget
                0x08002474       0x80 ./Core/Src/modbus.o
 .text.MODBUS_ApplyMode
                0x080024f4       0x80 ./Core/Src/modbus.o
 .text.MODBUS_WriteRegister
                0x08002574      0xdb8 ./Core/Src/modbus.o
 .text.MODBUS_ProcessReadHoldingRegs
                0x0800332c      0x128 ./Core/Src/modbus.o
 .text.MODBUS_ProcessWriteSingleReg
                0x08003454       0x80 ./Core/Src/modbus.o
 .text.MODBUS_ProcessWriteMultipleRegs
                0x080034d4      0x13c ./Core/Src/modbus.o
 .text.MODBUS_Process
                0x08003610      0x228 ./Core/Src/modbus.o
                0x08003610                MODBUS_Process
 .text.float_to_u32
                0x08003838       0x18 ./Core/Src/motor_control.o
 .text.u32_to_float
                0x08003850       0x18 ./Core/Src/motor_control.o
 .text.MotorControl_LoadConfig
                0x08003868      0x478 ./Core/Src/motor_control.o
                0x08003868                MotorControl_LoadConfig
 .text.MotorControl_SaveConfig
                0x08003ce0      0x5d8 ./Core/Src/motor_control.o
                0x08003ce0                MotorControl_SaveConfig
 .text.abs64    0x080042b8       0x2a ./Core/Src/motor_control.o
 .text.clampf   0x080042e2       0x3a ./Core/Src/motor_control.o
 .text.MotorControl_UpdateSpeedRamp
                0x0800431c       0x90 ./Core/Src/motor_control.o
 .text.ReadHomeSwitch
                0x080043ac       0x9c ./Core/Src/motor_control.o
 .text.MotorControl_GetPWM
                0x08004448       0x18 ./Core/Src/motor_control.o
                0x08004448                MotorControl_GetPWM
 .text.MotorControl_Init
                0x08004460      0x244 ./Core/Src/motor_control.o
                0x08004460                MotorControl_Init
 .text.MotorControl_ClearMotionState
                0x080046a4       0xb4 ./Core/Src/motor_control.o
 .text.MotorControl_FinishHoming
                0x08004758       0x48 ./Core/Src/motor_control.o
 .text.MotorControl_StartHoming
                0x080047a0      0x208 ./Core/Src/motor_control.o
                0x080047a0                MotorControl_StartHoming
 .text.MotorControl_IsHoming
                0x080049a8       0x20 ./Core/Src/motor_control.o
                0x080049a8                MotorControl_IsHoming
 .text.MotorControl_HomingFailed
                0x080049c8       0x14 ./Core/Src/motor_control.o
                0x080049c8                MotorControl_HomingFailed
 .text.MotorControl_SetTarget
                0x080049dc       0x32 ./Core/Src/motor_control.o
                0x080049dc                MotorControl_SetTarget
 .text.MotorControl_SetSpeed
                0x08004a0e       0x1a ./Core/Src/motor_control.o
                0x08004a0e                MotorControl_SetSpeed
 .text.MotorControl_SetMode
                0x08004a28       0xb8 ./Core/Src/motor_control.o
                0x08004a28                MotorControl_SetMode
 .text.MotorControl_SetDirection
                0x08004ae0       0x1c ./Core/Src/motor_control.o
                0x08004ae0                MotorControl_SetDirection
 .text.MotorControl_SetEncoderDirection
                0x08004afc       0x1c ./Core/Src/motor_control.o
                0x08004afc                MotorControl_SetEncoderDirection
 .text.MotorControl_SetPosPID
                0x08004b18       0x3c ./Core/Src/motor_control.o
                0x08004b18                MotorControl_SetPosPID
 .text.MotorControl_SetSpdPID
                0x08004b54       0x3c ./Core/Src/motor_control.o
                0x08004b54                MotorControl_SetSpdPID
 .text.MotorControl_SetMaxRunSpeed
                0x08004b90       0x4c ./Core/Src/motor_control.o
                0x08004b90                MotorControl_SetMaxRunSpeed
 .text.MotorControl_SetOrigin
                0x08004bdc       0xb8 ./Core/Src/motor_control.o
                0x08004bdc                MotorControl_SetOrigin
 .text.MotorControl_ApplyLimitSwitches
                0x08004c94       0xe8 ./Core/Src/motor_control.o
 .text.MotorControl_Update
                0x08004d7c     0x139c ./Core/Src/motor_control.o
                0x08004d7c                MotorControl_Update
 .text.MotorControl_GetMode
                0x08006118       0x18 ./Core/Src/motor_control.o
                0x08006118                MotorControl_GetMode
 .text.Motor_Start
                0x08006130       0xa4 ./Core/Src/motor_control.o
                0x08006130                Motor_Start
 .text.Motor_SetPWM
                0x080061d4       0x80 ./Core/Src/motor_control.o
                0x080061d4                Motor_SetPWM
 .text.Encoder_OverflowHandler
                0x08006254       0x38 ./Core/Src/motor_control.o
                0x08006254                Encoder_OverflowHandler
 .text.Encoder_GetCount
                0x0800628c       0xac ./Core/Src/motor_control.o
                0x0800628c                Encoder_GetCount
 .text.Encoder_GetSpeed
                0x08006338       0x3c ./Core/Src/motor_control.o
                0x08006338                Encoder_GetSpeed
 .text.Encoder_Reset
                0x08006374       0x34 ./Core/Src/motor_control.o
                0x08006374                Encoder_Reset
 .text.MotorControl_ProcessInputs
                0x080063a8       0x14 ./Core/Src/motor_control.o
                0x080063a8                MotorControl_ProcessInputs
 .text.MotorControl_ApplyTim2Arr
                0x080063bc       0x50 ./Core/Src/motor_control.o
                0x080063bc                MotorControl_ApplyTim2Arr
 .text.MotorControl_UpdateIrqPriority
                0x0800640c       0x6c ./Core/Src/motor_control.o
                0x0800640c                MotorControl_UpdateIrqPriority
 .text.MotorControl_PulseTick10us
                0x08006478      0x120 ./Core/Src/motor_control.o
                0x08006478                MotorControl_PulseTick10us
 .text.MotorControl_TimerTick100us
                0x08006598       0x44 ./Core/Src/motor_control.o
                0x08006598                MotorControl_TimerTick100us
 .text.HAL_MspInit
                0x080065dc       0x64 ./Core/Src/stm32f1xx_hal_msp.o
                0x080065dc                HAL_MspInit
 .text.HAL_TIM_Base_MspInit
                0x08006640       0xa8 ./Core/Src/stm32f1xx_hal_msp.o
                0x08006640                HAL_TIM_Base_MspInit
 .text.HAL_TIM_Encoder_MspInit
                0x080066e8       0x8c ./Core/Src/stm32f1xx_hal_msp.o
                0x080066e8                HAL_TIM_Encoder_MspInit
 .text.HAL_TIM_MspPostInit
                0x08006774       0x68 ./Core/Src/stm32f1xx_hal_msp.o
                0x08006774                HAL_TIM_MspPostInit
 .text.HAL_UART_MspInit
                0x080067dc       0xa8 ./Core/Src/stm32f1xx_hal_msp.o
                0x080067dc                HAL_UART_MspInit
 .text.HAL_UART_MspDeInit
                0x08006884       0x44 ./Core/Src/stm32f1xx_hal_msp.o
                0x08006884                HAL_UART_MspDeInit
 .text.NMI_Handler
                0x080068c8        0x8 ./Core/Src/stm32f1xx_it.o
                0x080068c8                NMI_Handler
 .text.HardFault_Handler
                0x080068d0        0x8 ./Core/Src/stm32f1xx_it.o
                0x080068d0                HardFault_Handler
 .text.MemManage_Handler
                0x080068d8        0x8 ./Core/Src/stm32f1xx_it.o
                0x080068d8                MemManage_Handler
 .text.BusFault_Handler
                0x080068e0        0x8 ./Core/Src/stm32f1xx_it.o
                0x080068e0                BusFault_Handler
 .text.UsageFault_Handler
                0x080068e8        0x8 ./Core/Src/stm32f1xx_it.o
                0x080068e8                UsageFault_Handler
 .text.SVC_Handler
                0x080068f0        0xc ./Core/Src/stm32f1xx_it.o
                0x080068f0                SVC_Handler
 .text.DebugMon_Handler
                0x080068fc        0xc ./Core/Src/stm32f1xx_it.o
                0x080068fc                DebugMon_Handler
 .text.PendSV_Handler
                0x08006908        0xc ./Core/Src/stm32f1xx_it.o
                0x08006908                PendSV_Handler
 .text.SysTick_Handler
                0x08006914        0xc ./Core/Src/stm32f1xx_it.o
                0x08006914                SysTick_Handler
 .text.TIM1_UP_IRQHandler
                0x08006920       0x50 ./Core/Src/stm32f1xx_it.o
                0x08006920                TIM1_UP_IRQHandler
 .text.TIM2_IRQHandler
                0x08006970       0x30 ./Core/Src/stm32f1xx_it.o
                0x08006970                TIM2_IRQHandler
 .text.TIM3_IRQHandler
                0x080069a0       0x30 ./Core/Src/stm32f1xx_it.o
                0x080069a0                TIM3_IRQHandler
 .text.USART1_IRQHandler
                0x080069d0       0x6c ./Core/Src/stm32f1xx_it.o
                0x080069d0                USART1_IRQHandler
 .text.SystemInit
                0x08006a3c        0xc ./Core/Src/system_stm32f1xx.o
                0x08006a3c                SystemInit
 .text.Reset_Handler
                0x08006a48       0x48 ./Core/Startup/startup_stm32f103rbtx.o
                0x08006a48                Reset_Handler
 .text.Default_Handler
                0x08006a90        0x2 ./Core/Startup/startup_stm32f103rbtx.o
                0x08006a90                RTC_Alarm_IRQHandler
                0x08006a90                EXTI2_IRQHandler
                0x08006a90                TIM1_CC_IRQHandler
                0x08006a90                PVD_IRQHandler
                0x08006a90                EXTI3_IRQHandler
                0x08006a90                EXTI0_IRQHandler
                0x08006a90                I2C2_EV_IRQHandler
                0x08006a90                ADC1_2_IRQHandler
                0x08006a90                SPI1_IRQHandler
                0x08006a90                TAMPER_IRQHandler
                0x08006a90                DMA1_Channel4_IRQHandler
                0x08006a90                USART3_IRQHandler
                0x08006a90                RTC_IRQHandler
                0x08006a90                DMA1_Channel7_IRQHandler
                0x08006a90                CAN1_RX1_IRQHandler
                0x08006a90                TIM4_IRQHandler
                0x08006a90                I2C1_EV_IRQHandler
                0x08006a90                DMA1_Channel6_IRQHandler
                0x08006a90                RCC_IRQHandler
                0x08006a90                TIM1_TRG_COM_IRQHandler
                0x08006a90                DMA1_Channel1_IRQHandler
                0x08006a90                Default_Handler
                0x08006a90                EXTI15_10_IRQHandler
                0x08006a90                EXTI9_5_IRQHandler
                0x08006a90                SPI2_IRQHandler
                0x08006a90                DMA1_Channel5_IRQHandler
                0x08006a90                EXTI4_IRQHandler
                0x08006a90                USB_LP_CAN1_RX0_IRQHandler
                0x08006a90                USB_HP_CAN1_TX_IRQHandler
                0x08006a90                DMA1_Channel3_IRQHandler
                0x08006a90                WWDG_IRQHandler
                0x08006a90                TIM1_BRK_IRQHandler
                0x08006a90                EXTI1_IRQHandler
                0x08006a90                USART2_IRQHandler
                0x08006a90                I2C2_ER_IRQHandler
                0x08006a90                DMA1_Channel2_IRQHandler
                0x08006a90                CAN1_SCE_IRQHandler
                0x08006a90                FLASH_IRQHandler
                0x08006a90                I2C1_ER_IRQHandler
                0x08006a90                USBWakeUp_IRQHandler
 *fill*         0x08006a92        0x2 
 .text.HAL_Init
                0x08006a94       0x2c ./Drivers/STM32F1xx_HAL_Driver/Src/stm32f1xx_hal.o
                0x08006a94                HAL_Init
 .text.HAL_InitTick
                0x08006ac0       0x60 ./Drivers/STM32F1xx_HAL_Driver/Src/stm32f1xx_hal.o
                0x08006ac0                HAL_InitTick
 .text.HAL_IncTick
                0x08006b20       0x24 ./Drivers/STM32F1xx_HAL_Driver/Src/stm32f1xx_hal.o
                0x08006b20                HAL_IncTick
 .text.HAL_GetTick
                0x08006b44       0x14 ./Drivers/STM32F1xx_HAL_Driver/Src/stm32f1xx_hal.o
                0x08006b44                HAL_GetTick
 .text.HAL_Delay
                0x08006b58       0x48 ./Drivers/STM32F1xx_HAL_Driver/Src/stm32f1xx_hal.o
                0x08006b58                HAL_Delay
 .text.__NVIC_SetPriorityGrouping
                0x08006ba0       0x48 ./Drivers/STM32F1xx_HAL_Driver/Src/stm32f1xx_hal_cortex.o
 .text.__NVIC_GetPriorityGrouping
                0x08006be8       0x1c ./Drivers/STM32F1xx_HAL_Driver/Src/stm32f1xx_hal_cortex.o
 .text.__NVIC_EnableIRQ
                0x08006c04       0x38 ./Drivers/STM32F1xx_HAL_Driver/Src/stm32f1xx_hal_cortex.o
 .text.__NVIC_DisableIRQ
                0x08006c3c       0x48 ./Drivers/STM32F1xx_HAL_Driver/Src/stm32f1xx_hal_cortex.o
 .text.__NVIC_SetPriority
                0x08006c84       0x54 ./Drivers/STM32F1xx_HAL_Driver/Src/stm32f1xx_hal_cortex.o
 .text.NVIC_EncodePriority
                0x08006cd8       0x64 ./Drivers/STM32F1xx_HAL_Driver/Src/stm32f1xx_hal_cortex.o
 .text.SysTick_Config
                0x08006d3c       0x44 ./Drivers/STM32F1xx_HAL_Driver/Src/stm32f1xx_hal_cortex.o
 .text.HAL_NVIC_SetPriorityGrouping
                0x08006d80       0x16 ./Drivers/STM32F1xx_HAL_Driver/Src/stm32f1xx_hal_cortex.o
                0x08006d80                HAL_NVIC_SetPriorityGrouping
 .text.HAL_NVIC_SetPriority
                0x08006d96       0x38 ./Drivers/STM32F1xx_HAL_Driver/Src/stm32f1xx_hal_cortex.o
                0x08006d96                HAL_NVIC_SetPriority
 .text.HAL_NVIC_EnableIRQ
                0x08006dce       0x1c ./Drivers/STM32F1xx_HAL_Driver/Src/stm32f1xx_hal_cortex.o
                0x08006dce                HAL_NVIC_EnableIRQ
 .text.HAL_NVIC_DisableIRQ
                0x08006dea       0x1c ./Drivers/STM32F1xx_HAL_Driver/Src/stm32f1xx_hal_cortex.o
                0x08006dea                HAL_NVIC_DisableIRQ
 .text.HAL_SYSTICK_Config
                0x08006e06       0x18 ./Drivers/STM32F1xx_HAL_Driver/Src/stm32f1xx_hal_cortex.o
                0x08006e06                HAL_SYSTICK_Config
 .text.HAL_DMA_Abort
                0x08006e1e       0x76 ./Drivers/STM32F1xx_HAL_Driver/Src/stm32f1xx_hal_dma.o
                0x08006e1e                HAL_DMA_Abort
 .text.HAL_DMA_Abort_IT
                0x08006e94       0xf0 ./Drivers/STM32F1xx_HAL_Driver/Src/stm32f1xx_hal_dma.o
                0x08006e94                HAL_DMA_Abort_IT
 .text.HAL_DMA_GetError
                0x08006f84       0x16 ./Drivers/STM32F1xx_HAL_Driver/Src/stm32f1xx_hal_dma.o
                0x08006f84                HAL_DMA_GetError
 *fill*         0x08006f9a        0x2 
 .text.HAL_FLASH_Program
                0x08006f9c       0xe0 ./Drivers/STM32F1xx_HAL_Driver/Src/stm32f1xx_hal_flash.o
                0x08006f9c                HAL_FLASH_Program
 .text.HAL_FLASH_Unlock
                0x0800707c       0x4c ./Drivers/STM32F1xx_HAL_Driver/Src/stm32f1xx_hal_flash.o
                0x0800707c                HAL_FLASH_Unlock
 .text.HAL_FLASH_Lock
                0x080070c8       0x20 ./Drivers/STM32F1xx_HAL_Driver/Src/stm32f1xx_hal_flash.o
                0x080070c8                HAL_FLASH_Lock
 .text.FLASH_Program_HalfWord
                0x080070e8       0x38 ./Drivers/STM32F1xx_HAL_Driver/Src/stm32f1xx_hal_flash.o
 .text.FLASH_WaitForLastOperation
                0x08007120       0x8c ./Drivers/STM32F1xx_HAL_Driver/Src/stm32f1xx_hal_flash.o
                0x08007120                FLASH_WaitForLastOperation
 .text.FLASH_SetErrorCode
                0x080071ac       0xa0 ./Drivers/STM32F1xx_HAL_Driver/Src/stm32f1xx_hal_flash.o
 .text.HAL_FLASHEx_Erase
                0x0800724c       0xd8 ./Drivers/STM32F1xx_HAL_Driver/Src/stm32f1xx_hal_flash_ex.o
                0x0800724c                HAL_FLASHEx_Erase
 .text.FLASH_MassErase
                0x08007324       0x38 ./Drivers/STM32F1xx_HAL_Driver/Src/stm32f1xx_hal_flash_ex.o
 .text.FLASH_PageErase
                0x0800735c       0x40 ./Drivers/STM32F1xx_HAL_Driver/Src/stm32f1xx_hal_flash_ex.o
                0x0800735c                FLASH_PageErase
 .text.HAL_GPIO_Init
                0x0800739c      0x308 ./Drivers/STM32F1xx_HAL_Driver/Src/stm32f1xx_hal_gpio.o
                0x0800739c                HAL_GPIO_Init
 .text.HAL_GPIO_DeInit
                0x080076a4      0x178 ./Drivers/STM32F1xx_HAL_Driver/Src/stm32f1xx_hal_gpio.o
                0x080076a4                HAL_GPIO_DeInit
 .text.HAL_GPIO_ReadPin
                0x0800781c       0x2e ./Drivers/STM32F1xx_HAL_Driver/Src/stm32f1xx_hal_gpio.o
                0x0800781c                HAL_GPIO_ReadPin
 .text.HAL_GPIO_WritePin
                0x0800784a       0x30 ./Drivers/STM32F1xx_HAL_Driver/Src/stm32f1xx_hal_gpio.o
                0x0800784a                HAL_GPIO_WritePin
 *fill*         0x0800787a        0x2 
 .text.HAL_RCC_OscConfig
                0x0800787c      0x504 ./Drivers/STM32F1xx_HAL_Driver/Src/stm32f1xx_hal_rcc.o
                0x0800787c                HAL_RCC_OscConfig
 .text.HAL_RCC_ClockConfig
                0x08007d80      0x1d4 ./Drivers/STM32F1xx_HAL_Driver/Src/stm32f1xx_hal_rcc.o
                0x08007d80                HAL_RCC_ClockConfig
 .text.HAL_RCC_GetSysClockFreq
                0x08007f54       0xa8 ./Drivers/STM32F1xx_HAL_Driver/Src/stm32f1xx_hal_rcc.o
                0x08007f54                HAL_RCC_GetSysClockFreq
 .text.HAL_RCC_GetHCLKFreq
                0x08007ffc       0x14 ./Drivers/STM32F1xx_HAL_Driver/Src/stm32f1xx_hal_rcc.o
                0x08007ffc                HAL_RCC_GetHCLKFreq
 .text.HAL_RCC_GetPCLK1Freq
                0x08008010       0x28 ./Drivers/STM32F1xx_HAL_Driver/Src/stm32f1xx_hal_rcc.o
                0x08008010                HAL_RCC_GetPCLK1Freq
 .text.HAL_RCC_GetPCLK2Freq
                0x08008038       0x28 ./Drivers/STM32F1xx_HAL_Driver/Src/stm32f1xx_hal_rcc.o
                0x08008038                HAL_RCC_GetPCLK2Freq
 .text.RCC_Delay
                0x08008060       0x3c ./Drivers/STM32F1xx_HAL_Driver/Src/stm32f1xx_hal_rcc.o
 .text.HAL_TIM_Base_Init
                0x0800809c       0x9e ./Drivers/STM32F1xx_HAL_Driver/Src/stm32f1xx_hal_tim.o
                0x0800809c                HAL_TIM_Base_Init
 *fill*         0x0800813a        0x2 
 .text.HAL_TIM_Base_Start_IT
                0x0800813c       0xa4 ./Drivers/STM32F1xx_HAL_Driver/Src/stm32f1xx_hal_tim.o
                0x0800813c                HAL_TIM_Base_Start_IT
 .text.HAL_TIM_Base_Stop_IT
                0x080081e0       0x5c ./Drivers/STM32F1xx_HAL_Driver/Src/stm32f1xx_hal_tim.o
                0x080081e0                HAL_TIM_Base_Stop_IT
 .text.HAL_TIM_PWM_Init
                0x0800823c       0x9e ./Drivers/STM32F1xx_HAL_Driver/Src/stm32f1xx_hal_tim.o
                0x0800823c                HAL_TIM_PWM_Init
 .text.HAL_TIM_PWM_MspInit
                0x080082da       0x12 ./Drivers/STM32F1xx_HAL_Driver/Src/stm32f1xx_hal_tim.o
                0x080082da                HAL_TIM_PWM_MspInit
 .text.HAL_TIM_PWM_Start
                0x080082ec      0x144 ./Drivers/STM32F1xx_HAL_Driver/Src/stm32f1xx_hal_tim.o
                0x080082ec                HAL_TIM_PWM_Start
 .text.HAL_TIM_Encoder_Init
                0x08008430      0x144 ./Drivers/STM32F1xx_HAL_Driver/Src/stm32f1xx_hal_tim.o
                0x08008430                HAL_TIM_Encoder_Init
 .text.HAL_TIM_Encoder_Start
                0x08008574      0x11c ./Drivers/STM32F1xx_HAL_Driver/Src/stm32f1xx_hal_tim.o
                0x08008574                HAL_TIM_Encoder_Start
 .text.HAL_TIM_IRQHandler
                0x08008690      0x1e0 ./Drivers/STM32F1xx_HAL_Driver/Src/stm32f1xx_hal_tim.o
                0x08008690                HAL_TIM_IRQHandler
 .text.HAL_TIM_PWM_ConfigChannel
                0x08008870      0x184 ./Drivers/STM32F1xx_HAL_Driver/Src/stm32f1xx_hal_tim.o
                0x08008870                HAL_TIM_PWM_ConfigChannel
 .text.HAL_TIM_ConfigClockSource
                0x080089f4      0x18e ./Drivers/STM32F1xx_HAL_Driver/Src/stm32f1xx_hal_tim.o
                0x080089f4                HAL_TIM_ConfigClockSource
 .text.HAL_TIM_PeriodElapsedCallback
                0x08008b82       0x12 ./Drivers/STM32F1xx_HAL_Driver/Src/stm32f1xx_hal_tim.o
                0x08008b82                HAL_TIM_PeriodElapsedCallback
 .text.HAL_TIM_OC_DelayElapsedCallback
                0x08008b94       0x12 ./Drivers/STM32F1xx_HAL_Driver/Src/stm32f1xx_hal_tim.o
                0x08008b94                HAL_TIM_OC_DelayElapsedCallback
 .text.HAL_TIM_IC_CaptureCallback
                0x08008ba6       0x12 ./Drivers/STM32F1xx_HAL_Driver/Src/stm32f1xx_hal_tim.o
                0x08008ba6                HAL_TIM_IC_CaptureCallback
 .text.HAL_TIM_PWM_PulseFinishedCallback
                0x08008bb8       0x12 ./Drivers/STM32F1xx_HAL_Driver/Src/stm32f1xx_hal_tim.o
                0x08008bb8                HAL_TIM_PWM_PulseFinishedCallback
 .text.HAL_TIM_TriggerCallback
                0x08008bca       0x12 ./Drivers/STM32F1xx_HAL_Driver/Src/stm32f1xx_hal_tim.o
                0x08008bca                HAL_TIM_TriggerCallback
 .text.TIM_Base_SetConfig
                0x08008bdc       0xdc ./Drivers/STM32F1xx_HAL_Driver/Src/stm32f1xx_hal_tim.o
                0x08008bdc                TIM_Base_SetConfig
 .text.TIM_OC1_SetConfig
                0x08008cb8       0xcc ./Drivers/STM32F1xx_HAL_Driver/Src/stm32f1xx_hal_tim.o
 .text.TIM_OC2_SetConfig
                0x08008d84       0xd4 ./Drivers/STM32F1xx_HAL_Driver/Src/stm32f1xx_hal_tim.o
                0x08008d84                TIM_OC2_SetConfig
 .text.TIM_OC3_SetConfig
                0x08008e58       0xd4 ./Drivers/STM32F1xx_HAL_Driver/Src/stm32f1xx_hal_tim.o
 .text.TIM_OC4_SetConfig
                0x08008f2c       0x9c ./Drivers/STM32F1xx_HAL_Driver/Src/stm32f1xx_hal_tim.o
 .text.TIM_TI1_ConfigInputStage
                0x08008fc8       0x5c ./Drivers/STM32F1xx_HAL_Driver/Src/stm32f1xx_hal_tim.o
 .text.TIM_TI2_ConfigInputStage
                0x08009024       0x5e ./Drivers/STM32F1xx_HAL_Driver/Src/stm32f1xx_hal_tim.o
 .text.TIM_ITRx_SetConfig
                0x08009082       0x34 ./Drivers/STM32F1xx_HAL_Driver/Src/stm32f1xx_hal_tim.o
 .text.TIM_ETR_SetConfig
                0x080090b6       0x3e ./Drivers/STM32F1xx_HAL_Driver/Src/stm32f1xx_hal_tim.o
                0x080090b6                TIM_ETR_SetConfig
 .text.TIM_CCxChannelCmd
                0x080090f4       0x48 ./Drivers/STM32F1xx_HAL_Driver/Src/stm32f1xx_hal_tim.o
                0x080090f4                TIM_CCxChannelCmd
 .text.HAL_TIMEx_MasterConfigSynchronization
                0x0800913c       0xbc ./Drivers/STM32F1xx_HAL_Driver/Src/stm32f1xx_hal_tim_ex.o
                0x0800913c                HAL_TIMEx_MasterConfigSynchronization
 .text.HAL_TIMEx_CommutCallback
                0x080091f8       0x12 ./Drivers/STM32F1xx_HAL_Driver/Src/stm32f1xx_hal_tim_ex.o
                0x080091f8                HAL_TIMEx_CommutCallback
 .text.HAL_TIMEx_BreakCallback
                0x0800920a       0x12 ./Drivers/STM32F1xx_HAL_Driver/Src/stm32f1xx_hal_tim_ex.o
                0x0800920a                HAL_TIMEx_BreakCallback
 .text.HAL_UART_Init
                0x0800921c       0xa0 ./Drivers/STM32F1xx_HAL_Driver/Src/stm32f1xx_hal_uart.o
                0x0800921c                HAL_UART_Init
 .text.HAL_UART_DeInit
                0x080092bc       0x64 ./Drivers/STM32F1xx_HAL_Driver/Src/stm32f1xx_hal_uart.o
                0x080092bc                HAL_UART_DeInit
 .text.HAL_UART_Transmit
                0x08009320      0x116 ./Drivers/STM32F1xx_HAL_Driver/Src/stm32f1xx_hal_uart.o
                0x08009320                HAL_UART_Transmit
 .text.HAL_UART_Receive_IT
                0x08009436       0x4a ./Drivers/STM32F1xx_HAL_Driver/Src/stm32f1xx_hal_uart.o
                0x08009436                HAL_UART_Receive_IT
 .text.HAL_UART_AbortReceive
                0x08009480      0x146 ./Drivers/STM32F1xx_HAL_Driver/Src/stm32f1xx_hal_uart.o
                0x08009480                HAL_UART_AbortReceive
 *fill*         0x080095c6        0x2 
 .text.HAL_UART_IRQHandler
                0x080095c8      0x524 ./Drivers/STM32F1xx_HAL_Driver/Src/stm32f1xx_hal_uart.o
                0x080095c8                HAL_UART_IRQHandler
 .text.HAL_UART_TxCpltCallback
                0x08009aec       0x12 ./Drivers/STM32F1xx_HAL_Driver/Src/stm32f1xx_hal_uart.o
                0x08009aec                HAL_UART_TxCpltCallback
 .text.HAL_UARTEx_RxEventCallback
                0x08009afe       0x16 ./Drivers/STM32F1xx_HAL_Driver/Src/stm32f1xx_hal_uart.o
                0x08009afe                HAL_UARTEx_RxEventCallback
 .text.UART_WaitOnFlagUntilTimeout
                0x08009b14       0xb2 ./Drivers/STM32F1xx_HAL_Driver/Src/stm32f1xx_hal_uart.o
 .text.UART_Start_Receive_IT
                0x08009bc6       0x72 ./Drivers/STM32F1xx_HAL_Driver/Src/stm32f1xx_hal_uart.o
                0x08009bc6                UART_Start_Receive_IT
 .text.UART_EndRxTransfer
                0x08009c38       0xc4 ./Drivers/STM32F1xx_HAL_Driver/Src/stm32f1xx_hal_uart.o
 .text.UART_DMAAbortOnError
                0x08009cfc       0x28 ./Drivers/STM32F1xx_HAL_Driver/Src/stm32f1xx_hal_uart.o
 .text.UART_Transmit_IT
                0x08009d24       0x9e ./Drivers/STM32F1xx_HAL_Driver/Src/stm32f1xx_hal_uart.o
 .text.UART_EndTransmit_IT
                0x08009dc2       0x30 ./Drivers/STM32F1xx_HAL_Driver/Src/stm32f1xx_hal_uart.o
 .text.UART_Receive_IT
                0x08009df2      0x17c ./Drivers/STM32F1xx_HAL_Driver/Src/stm32f1xx_hal_uart.o
 *fill*         0x08009f6e        0x2 
 .text.UART_SetConfig
                0x08009f70      0x11c ./Drivers/STM32F1xx_HAL_Driver/Src/stm32f1xx_hal_uart.o
 .text.memset   0x0800a08c       0x10 D:/soft/ST/STM32CubeIDE_2.2.0/STM32CubeIDE/plugins/com.st.stm32cube.ide.mcu.externaltools.gnu-tools-for-stm32.14.3.rel1.win32_1.0.100.202602081740/tools/bin/../lib/gcc/arm-none-eabi/14.3.1/../../../../arm-none-eabi/lib/thumb/v7-m/nofp\libc_nano.a(libc_a-memset.o)
                0x0800a08c                memset
 .text.__libc_init_array
                0x0800a09c       0x48 D:/soft/ST/STM32CubeIDE_2.2.0/STM32CubeIDE/plugins/com.st.stm32cube.ide.mcu.externaltools.gnu-tools-for-stm32.14.3.rel1.win32_1.0.100.202602081740/tools/bin/../lib/gcc/arm-none-eabi/14.3.1/../../../../arm-none-eabi/lib/thumb/v7-m/nofp\libc_nano.a(libc_a-init.o)
                0x0800a09c                __libc_init_array
 .text.memcpy   0x0800a0e4       0x1c D:/soft/ST/STM32CubeIDE_2.2.0/STM32CubeIDE/plugins/com.st.stm32cube.ide.mcu.externaltools.gnu-tools-for-stm32.14.3.rel1.win32_1.0.100.202602081740/tools/bin/../lib/gcc/arm-none-eabi/14.3.1/../../../../arm-none-eabi/lib/thumb/v7-m/nofp\libc_nano.a(libc_a-memcpy-stub.o)
                0x0800a0e4                memcpy
 *(.glue_7)
 .glue_7        0x0800a100        0x0 linker stubs
 *(.glue_7t)
 .glue_7t       0x0800a100        0x0 linker stubs
 *(.eh_frame)
 .eh_frame      0x0800a100        0x0 D:/soft/ST/STM32CubeIDE_2.2.0/STM32CubeIDE/plugins/com.st.stm32cube.ide.mcu.externaltools.gnu-tools-for-stm32.14.3.rel1.win32_1.0.100.202602081740/tools/bin/../lib/gcc/arm-none-eabi/14.3.1/thumb/v7-m/nofp/crtbegin.o
 *(.init)
 .init          0x0800a100        0x4 D:/soft/ST/STM32CubeIDE_2.2.0/STM32CubeIDE/plugins/com.st.stm32cube.ide.mcu.externaltools.gnu-tools-for-stm32.14.3.rel1.win32_1.0.100.202602081740/tools/bin/../lib/gcc/arm-none-eabi/14.3.1/thumb/v7-m/nofp/crti.o
                0x0800a100                _init
 .init          0x0800a104        0x8 D:/soft/ST/STM32CubeIDE_2.2.0/STM32CubeIDE/plugins/com.st.stm32cube.ide.mcu.externaltools.gnu-tools-for-stm32.14.3.rel1.win32_1.0.100.202602081740/tools/bin/../lib/gcc/arm-none-eabi/14.3.1/thumb/v7-m/nofp/crtn.o
 *(.fini)
 .fini          0x0800a10c        0x4 D:/soft/ST/STM32CubeIDE_2.2.0/STM32CubeIDE/plugins/com.st.stm32cube.ide.mcu.externaltools.gnu-tools-for-stm32.14.3.rel1.win32_1.0.100.202602081740/tools/bin/../lib/gcc/arm-none-eabi/14.3.1/thumb/v7-m/nofp/crti.o
                0x0800a10c                _fini
 .fini          0x0800a110        0x8 D:/soft/ST/STM32CubeIDE_2.2.0/STM32CubeIDE/plugins/com.st.stm32cube.ide.mcu.externaltools.gnu-tools-for-stm32.14.3.rel1.win32_1.0.100.202602081740/tools/bin/../lib/gcc/arm-none-eabi/14.3.1/thumb/v7-m/nofp/crtn.o
                0x0800a118                        . = ALIGN (0x4)
                0x0800a118                        _etext = .

.vfp11_veneer   0x0800a118        0x0
 .vfp11_veneer  0x0800a118        0x0 linker stubs

.v4_bx          0x0800a118        0x0
 .v4_bx         0x0800a118        0x0 linker stubs

.iplt           0x0800a118        0x0
 .iplt          0x0800a118        0x0 D:/soft/ST/STM32CubeIDE_2.2.0/STM32CubeIDE/plugins/com.st.stm32cube.ide.mcu.externaltools.gnu-tools-for-stm32.14.3.rel1.win32_1.0.100.202602081740/tools/bin/../lib/gcc/arm-none-eabi/14.3.1/thumb/v7-m/nofp/crtbegin.o

.rodata         0x0800a118      0x254
                0x0800a118                        . = ALIGN (0x4)
 *(.rodata)
 *(.rodata*)
 .rodata.zzzz   0x0800a118       0x14 ./Core/Src/afangkaobei.o
                0x0800a118                zzzz
 .rodata.supported_baud_rates
                0x0800a12c       0x14 ./Core/Src/modbus.o
 .rodata.crc_table
                0x0800a140      0x200 ./Core/Src/modbus.o
 .rodata.AHBPrescTable
                0x0800a340       0x10 ./Core/Src/system_stm32f1xx.o
                0x0800a340                AHBPrescTable
 .rodata.APBPrescTable
                0x0800a350        0x8 ./Core/Src/system_stm32f1xx.o
                0x0800a350                APBPrescTable
 .rodata.aPLLMULFactorTable.1
                0x0800a358       0x10 ./Drivers/STM32F1xx_HAL_Driver/Src/stm32f1xx_hal_rcc.o
 .rodata.aPredivFactorTable.0
                0x0800a368        0x2 ./Drivers/STM32F1xx_HAL_Driver/Src/stm32f1xx_hal_rcc.o
                0x0800a36c                        . = ALIGN (0x4)
 *fill*         0x0800a36a        0x2 

.ARM.extab      0x0800a36c        0x0
                0x0800a36c                        . = ALIGN (0x4)
 *(.ARM.extab* .gnu.linkonce.armextab.*)
                0x0800a36c                        . = ALIGN (0x4)

.ARM            0x0800a36c        0x8
                0x0800a36c                        . = ALIGN (0x4)
                0x0800a36c                        __exidx_start = .
 *(.ARM.exidx*)
 .ARM.exidx     0x0800a36c        0x8 D:/soft/ST/STM32CubeIDE_2.2.0/STM32CubeIDE/plugins/com.st.stm32cube.ide.mcu.externaltools.gnu-tools-for-stm32.14.3.rel1.win32_1.0.100.202602081740/tools/bin/../lib/gcc/arm-none-eabi/14.3.1/thumb/v7-m/nofp\libgcc.a(_udivmoddi4.o)
                0x0800a374                        __exidx_end = .
                0x0800a374                        . = ALIGN (0x4)

.preinit_array  0x0800a374        0x0
                0x0800a374                        . = ALIGN (0x4)
                0x0800a374                        PROVIDE (__preinit_array_start = .)
 *(.preinit_array*)
                0x0800a374                        PROVIDE (__preinit_array_end = .)
                0x0800a374                        . = ALIGN (0x4)

.init_array     0x0800a374        0x4
                0x0800a374                        . = ALIGN (0x4)
                0x0800a374                        PROVIDE (__init_array_start = .)
 *(SORT_BY_NAME(.init_array.*))
 *(.init_array*)
 .init_array    0x0800a374        0x4 D:/soft/ST/STM32CubeIDE_2.2.0/STM32CubeIDE/plugins/com.st.stm32cube.ide.mcu.externaltools.gnu-tools-for-stm32.14.3.rel1.win32_1.0.100.202602081740/tools/bin/../lib/gcc/arm-none-eabi/14.3.1/thumb/v7-m/nofp/crtbegin.o
                0x0800a378                        PROVIDE (__init_array_end = .)
                0x0800a378                        . = ALIGN (0x4)

.fini_array     0x0800a378        0x4
                0x0800a378                        . = ALIGN (0x4)
                [!provide]                        PROVIDE (__fini_array_start = .)
 *(SORT_BY_NAME(.fini_array.*))
 *(.fini_array*)
 .fini_array    0x0800a378        0x4 D:/soft/ST/STM32CubeIDE_2.2.0/STM32CubeIDE/plugins/com.st.stm32cube.ide.mcu.externaltools.gnu-tools-for-stm32.14.3.rel1.win32_1.0.100.202602081740/tools/bin/../lib/gcc/arm-none-eabi/14.3.1/thumb/v7-m/nofp/crtbegin.o
                [!provide]                        PROVIDE (__fini_array_end = .)
                0x0800a37c                        . = ALIGN (0x4)
                0x0800a37c                        _sidata = LOADADDR (.data)

.rel.dyn        0x0800a37c        0x0
 .rel.iplt      0x0800a37c        0x0 D:/soft/ST/STM32CubeIDE_2.2.0/STM32CubeIDE/plugins/com.st.stm32cube.ide.mcu.externaltools.gnu-tools-for-stm32.14.3.rel1.win32_1.0.100.202602081740/tools/bin/../lib/gcc/arm-none-eabi/14.3.1/thumb/v7-m/nofp/crtbegin.o

.data           0x20000000       0x24 load address 0x0800a37c
                0x20000000                        . = ALIGN (0x4)
                0x20000000                        _sdata = .
 *(.data)
 *(.data*)
 .data.JIAMIDIZHI1
                0x20000000        0x4 ./Core/Src/afangkaobei.o
                0x20000000                JIAMIDIZHI1
 .data.JIAMIDIZHI2
                0x20000004        0x4 ./Core/Src/afangkaobei.o
                0x20000004                JIAMIDIZHI2
 .data.JIAMIDIZHI3
                0x20000008        0x4 ./Core/Src/afangkaobei.o
                0x20000008                JIAMIDIZHI3
 .data.ASD      0x2000000c        0x4 ./Core/Src/afangkaobei.o
                0x2000000c                ASD
 .data.id1      0x20000010        0x4 ./Core/Src/afangkaobei.o
                0x20000010                id1
 .data.id2      0x20000014        0x4 ./Core/Src/afangkaobei.o
                0x20000014                id2
 .data.SystemCoreClock
                0x20000018        0x4 ./Core/Src/system_stm32f1xx.o
                0x20000018                SystemCoreClock
 .data.uwTickPrio
                0x2000001c        0x4 ./Drivers/STM32F1xx_HAL_Driver/Src/stm32f1xx_hal.o
                0x2000001c                uwTickPrio
 .data.uwTickFreq
                0x20000020        0x1 ./Drivers/STM32F1xx_HAL_Driver/Src/stm32f1xx_hal.o
                0x20000020                uwTickFreq
 *(.RamFunc)
 *(.RamFunc*)
                0x20000024                        . = ALIGN (0x4)
 *fill*         0x20000021        0x3 
                0x20000024                        _edata = .

.igot.plt       0x20000024        0x0 load address 0x0800a3a0
 .igot.plt      0x20000024        0x0 D:/soft/ST/STM32CubeIDE_2.2.0/STM32CubeIDE/plugins/com.st.stm32cube.ide.mcu.externaltools.gnu-tools-for-stm32.14.3.rel1.win32_1.0.100.202602081740/tools/bin/../lib/gcc/arm-none-eabi/14.3.1/thumb/v7-m/nofp/crtbegin.o
                0x20000024                        . = ALIGN (0x4)

.bss            0x20000028      0x4d8 load address 0x0800a3a0
                0x20000028                        _sbss = .
                0x20000028                        __bss_start__ = _sbss
 *(.bss)
 .bss           0x20000028       0x1c D:/soft/ST/STM32CubeIDE_2.2.0/STM32CubeIDE/plugins/com.st.stm32cube.ide.mcu.externaltools.gnu-tools-for-stm32.14.3.rel1.win32_1.0.100.202602081740/tools/bin/../lib/gcc/arm-none-eabi/14.3.1/thumb/v7-m/nofp/crtbegin.o
 *(.bss*)
 .bss.ChipUniqueID
                0x20000044       0x24 ./Core/Src/afangkaobei.o
                0x20000044                ChipUniqueID
 .bss.ChipUniqueID2
                0x20000068       0x24 ./Core/Src/afangkaobei.o
                0x20000068                ChipUniqueID2
 .bss.htim1     0x2000008c       0x48 ./Core/Src/main.o
                0x2000008c                htim1
 .bss.htim2     0x200000d4       0x48 ./Core/Src/main.o
                0x200000d4                htim2
 .bss.htim3     0x2000011c       0x48 ./Core/Src/main.o
                0x2000011c                htim3
 .bss.htim4     0x20000164       0x48 ./Core/Src/main.o
                0x20000164                htim4
 .bss.huart1    0x200001ac       0x48 ./Core/Src/main.o
                0x200001ac                huart1
 *fill*         0x200001f4        0x4 
 .bss.motor     0x200001f8       0xf0 ./Core/Src/main.o
                0x200001f8                motor
 .bss.mb_ctx    0x200002e8      0x158 ./Core/Src/main.o
                0x200002e8                mb_ctx
 .bss.last_500ms.1
                0x20000440        0x8 ./Core/Src/main.o
 .bss.last_2s.0
                0x20000448        0x8 ./Core/Src/main.o
 .bss.sys_time_100us
                0x20000450        0x8 ./Core/Src/modbus.o
                0x20000450                sys_time_100us
 .bss.start_flag_set
                0x20000458        0x1 ./Core/Src/modbus.o
 *fill*         0x20000459        0x1 
 .bss.pending_control_word
                0x2000045a        0x2 ./Core/Src/modbus.o
 *fill*         0x2000045c        0x4 
 .bss.pending_target_pos
                0x20000460        0x8 ./Core/Src/modbus.o
 .bss.pending_target_speed
                0x20000468        0x4 ./Core/Src/modbus.o
 .bss.config_dirty
                0x2000046c        0x1 ./Core/Src/modbus.o
 *fill*         0x2000046d        0x3 
 .bss.pending_baud_rate
                0x20000470        0x4 ./Core/Src/modbus.o
 .bss.motor_running
                0x20000474        0x1 ./Core/Src/motor_control.o
 *fill*         0x20000475        0x3 
 .bss.current_velocity
                0x20000478        0x4 ./Core/Src/motor_control.o
 .bss.ramped_target_speed
                0x2000047c        0x4 ./Core/Src/motor_control.o
 .bss.encoder_wrap
                0x20000480        0x4 ./Core/Src/motor_control.o
 *fill*         0x20000484        0x4 
 .bss.last_valid_count
                0x20000488        0x8 ./Core/Src/motor_control.o
 .bss.motor_ctl
                0x20000490        0x4 ./Core/Src/motor_control.o
 .bss.current_pwm_output
                0x20000494        0x2 ./Core/Src/motor_control.o
 .bss.homing_state
                0x20000496        0x1 ./Core/Src/motor_control.o
 .bss.homing_failed
                0x20000497        0x1 ./Core/Src/motor_control.o
 .bss.homing_ticks
                0x20000498        0x4 ./Core/Src/motor_control.o
 .bss.homing_stall_ticks
                0x2000049c        0x4 ./Core/Src/motor_control.o
 .bss.homing_start_position
                0x200004a0        0x8 ./Core/Src/motor_control.o
 .bss.mode_before_homing
                0x200004a8        0x1 ./Core/Src/motor_control.o
 *fill*         0x200004a9        0x3 
 .bss.speed_limit_integral
                0x200004ac        0x4 ./Core/Src/motor_control.o
 .bss.speed_limit_prev_velocity
                0x200004b0        0x4 ./Core/Src/motor_control.o
 *fill*         0x200004b4        0x4 
 .bss.switch_edge_pos
                0x200004b8        0x8 ./Core/Src/motor_control.o
 .bss.precision_cycle_idx
                0x200004c0        0x1 ./Core/Src/motor_control.o
 *fill*         0x200004c1        0x7 
 .bss.switch_edge_sum
                0x200004c8        0x8 ./Core/Src/motor_control.o
 .bss.prev_pin4_state
                0x200004d0        0x1 ./Core/Src/motor_control.o
 .bss.prev_pin5_state
                0x200004d1        0x1 ./Core/Src/motor_control.o
 *fill*         0x200004d2        0x2 
 .bss.pulse_accumulator
                0x200004d4        0x4 ./Core/Src/motor_control.o
 .bss.target_level_state
                0x200004d8        0x1 ./Core/Src/motor_control.o
 *fill*         0x200004d9        0x1 
 .bss.pid_divider.0
                0x200004da        0x2 ./Core/Src/motor_control.o
 .bss.uwTick    0x200004dc        0x4 ./Drivers/STM32F1xx_HAL_Driver/Src/stm32f1xx_hal.o
                0x200004dc                uwTick
 .bss.pFlash    0x200004e0       0x20 ./Drivers/STM32F1xx_HAL_Driver/Src/stm32f1xx_hal_flash.o
                0x200004e0                pFlash
 *(COMMON)
                0x20000500                        . = ALIGN (0x4)
                0x20000500                        _ebss = .
                0x20000500                        __bss_end__ = _ebss

._user_heap_stack
                0x20000500      0x600 load address 0x0800a3a0
                0x20000500                        . = ALIGN (0x8)
                [!provide]                        PROVIDE (end = .)
                0x20000500                        PROVIDE (_end = .)
                0x20000700                        . = (. + _Min_Heap_Size)
 *fill*         0x20000500      0x200 
                0x20000b00                        . = (. + _Min_Stack_Size)
 *fill*         0x20000700      0x400 
                0x20000b00                        . = ALIGN (0x8)

/DISCARD/
 libc.a(*)
 libm.a(*)
 libgcc.a(*)

.ARM.attributes
                0x00000000       0x29
 *(.ARM.attributes)
 .ARM.attributes
                0x00000000       0x1d D:/soft/ST/STM32CubeIDE_2.2.0/STM32CubeIDE/plugins/com.st.stm32cube.ide.mcu.externaltools.gnu-tools-for-stm32.14.3.rel1.win32_1.0.100.202602081740/tools/bin/../lib/gcc/arm-none-eabi/14.3.1/thumb/v7-m/nofp/crti.o
 .ARM.attributes
                0x0000001d       0x2d D:/soft/ST/STM32CubeIDE_2.2.0/STM32CubeIDE/plugins/com.st.stm32cube.ide.mcu.externaltools.gnu-tools-for-stm32.14.3.rel1.win32_1.0.100.202602081740/tools/bin/../lib/gcc/arm-none-eabi/14.3.1/thumb/v7-m/nofp/crtbegin.o
 .ARM.attributes
                0x0000004a       0x2d ./Core/Src/afangkaobei.o
 .ARM.attributes
                0x00000077       0x2d ./Core/Src/main.o
 .ARM.attributes
                0x000000a4       0x2d ./Core/Src/modbus.o
 .ARM.attributes
                0x000000d1       0x2d ./Core/Src/motor_control.o
 .ARM.attributes
                0x000000fe       0x2d ./Core/Src/stm32f1xx_hal_msp.o
 .ARM.attributes
                0x0000012b       0x2d ./Core/Src/stm32f1xx_it.o
 .ARM.attributes
                0x00000158       0x2d ./Core/Src/system_stm32f1xx.o
 .ARM.attributes
                0x00000185       0x21 ./Core/Startup/startup_stm32f103rbtx.o
 .ARM.attributes
                0x000001a6       0x2d ./Drivers/STM32F1xx_HAL_Driver/Src/stm32f1xx_hal.o
 .ARM.attributes
                0x000001d3       0x2d ./Drivers/STM32F1xx_HAL_Driver/Src/stm32f1xx_hal_cortex.o
 .ARM.attributes
                0x00000200       0x2d ./Drivers/STM32F1xx_HAL_Driver/Src/stm32f1xx_hal_dma.o
 .ARM.attributes
                0x0000022d       0x2d ./Drivers/STM32F1xx_HAL_Driver/Src/stm32f1xx_hal_flash.o
 .ARM.attributes
                0x0000025a       0x2d ./Drivers/STM32F1xx_HAL_Driver/Src/stm32f1xx_hal_flash_ex.o
 .ARM.attributes
                0x00000287       0x2d ./Drivers/STM32F1xx_HAL_Driver/Src/stm32f1xx_hal_gpio.o
 .ARM.attributes
                0x000002b4       0x2d ./Drivers/STM32F1xx_HAL_Driver/Src/stm32f1xx_hal_rcc.o
 .ARM.attributes
                0x000002e1       0x2d ./Drivers/STM32F1xx_HAL_Driver/Src/stm32f1xx_hal_tim.o
 .ARM.attributes
                0x0000030e       0x2d ./Drivers/STM32F1xx_HAL_Driver/Src/stm32f1xx_hal_tim_ex.o
 .ARM.attributes
                0x0000033b       0x2d ./Drivers/STM32F1xx_HAL_Driver/Src/stm32f1xx_hal_uart.o
 .ARM.attributes
                0x00000368       0x2d D:/soft/ST/STM32CubeIDE_2.2.0/STM32CubeIDE/plugins/com.st.stm32cube.ide.mcu.externaltools.gnu-tools-for-stm32.14.3.rel1.win32_1.0.100.202602081740/tools/bin/../lib/gcc/arm-none-eabi/14.3.1/../../../../arm-none-eabi/lib/thumb/v7-m/nofp\libc_nano.a(libc_a-memset.o)
 .ARM.attributes
                0x00000395       0x2d D:/soft/ST/STM32CubeIDE_2.2.0/STM32CubeIDE/plugins/com.st.stm32cube.ide.mcu.externaltools.gnu-tools-for-stm32.14.3.rel1.win32_1.0.100.202602081740/tools/bin/../lib/gcc/arm-none-eabi/14.3.1/../../../../arm-none-eabi/lib/thumb/v7-m/nofp\libc_nano.a(libc_a-init.o)
 .ARM.attributes
                0x000003c2       0x2d D:/soft/ST/STM32CubeIDE_2.2.0/STM32CubeIDE/plugins/com.st.stm32cube.ide.mcu.externaltools.gnu-tools-for-stm32.14.3.rel1.win32_1.0.100.202602081740/tools/bin/../lib/gcc/arm-none-eabi/14.3.1/../../../../arm-none-eabi/lib/thumb/v7-m/nofp\libc_nano.a(libc_a-memcpy-stub.o)
 .ARM.attributes
                0x000003ef       0x1d D:/soft/ST/STM32CubeIDE_2.2.0/STM32CubeIDE/plugins/com.st.stm32cube.ide.mcu.externaltools.gnu-tools-for-stm32.14.3.rel1.win32_1.0.100.202602081740/tools/bin/../lib/gcc/arm-none-eabi/14.3.1/thumb/v7-m/nofp\libgcc.a(_arm_addsubsf3.o)
 .ARM.attributes
                0x0000040c       0x1d D:/soft/ST/STM32CubeIDE_2.2.0/STM32CubeIDE/plugins/com.st.stm32cube.ide.mcu.externaltools.gnu-tools-for-stm32.14.3.rel1.win32_1.0.100.202602081740/tools/bin/../lib/gcc/arm-none-eabi/14.3.1/thumb/v7-m/nofp\libgcc.a(_arm_muldivsf3.o)
 .ARM.attributes
                0x00000429       0x1d D:/soft/ST/STM32CubeIDE_2.2.0/STM32CubeIDE/plugins/com.st.stm32cube.ide.mcu.externaltools.gnu-tools-for-stm32.14.3.rel1.win32_1.0.100.202602081740/tools/bin/../lib/gcc/arm-none-eabi/14.3.1/thumb/v7-m/nofp\libgcc.a(_arm_cmpsf2.o)
 .ARM.attributes
                0x00000446       0x1d D:/soft/ST/STM32CubeIDE_2.2.0/STM32CubeIDE/plugins/com.st.stm32cube.ide.mcu.externaltools.gnu-tools-for-stm32.14.3.rel1.win32_1.0.100.202602081740/tools/bin/../lib/gcc/arm-none-eabi/14.3.1/thumb/v7-m/nofp\libgcc.a(_arm_fixsfsi.o)
 .ARM.attributes
                0x00000463       0x1d D:/soft/ST/STM32CubeIDE_2.2.0/STM32CubeIDE/plugins/com.st.stm32cube.ide.mcu.externaltools.gnu-tools-for-stm32.14.3.rel1.win32_1.0.100.202602081740/tools/bin/../lib/gcc/arm-none-eabi/14.3.1/thumb/v7-m/nofp\libgcc.a(_aeabi_ldivmod.o)
 .ARM.attributes
                0x00000480       0x2d D:/soft/ST/STM32CubeIDE_2.2.0/STM32CubeIDE/plugins/com.st.stm32cube.ide.mcu.externaltools.gnu-tools-for-stm32.14.3.rel1.win32_1.0.100.202602081740/tools/bin/../lib/gcc/arm-none-eabi/14.3.1/thumb/v7-m/nofp\libgcc.a(_fixsfdi.o)
 .ARM.attributes
                0x000004ad       0x2d D:/soft/ST/STM32CubeIDE_2.2.0/STM32CubeIDE/plugins/com.st.stm32cube.ide.mcu.externaltools.gnu-tools-for-stm32.14.3.rel1.win32_1.0.100.202602081740/tools/bin/../lib/gcc/arm-none-eabi/14.3.1/thumb/v7-m/nofp\libgcc.a(_fixunssfdi.o)
 .ARM.attributes
                0x000004da       0x2d D:/soft/ST/STM32CubeIDE_2.2.0/STM32CubeIDE/plugins/com.st.stm32cube.ide.mcu.externaltools.gnu-tools-for-stm32.14.3.rel1.win32_1.0.100.202602081740/tools/bin/../lib/gcc/arm-none-eabi/14.3.1/thumb/v7-m/nofp\libgcc.a(_udivmoddi4.o)
 .ARM.attributes
                0x00000507       0x1d D:/soft/ST/STM32CubeIDE_2.2.0/STM32CubeIDE/plugins/com.st.stm32cube.ide.mcu.externaltools.gnu-tools-for-stm32.14.3.rel1.win32_1.0.100.202602081740/tools/bin/../lib/gcc/arm-none-eabi/14.3.1/thumb/v7-m/nofp\libgcc.a(_arm_muldf3.o)
 .ARM.attributes
                0x00000524       0x1d D:/soft/ST/STM32CubeIDE_2.2.0/STM32CubeIDE/plugins/com.st.stm32cube.ide.mcu.externaltools.gnu-tools-for-stm32.14.3.rel1.win32_1.0.100.202602081740/tools/bin/../lib/gcc/arm-none-eabi/14.3.1/thumb/v7-m/nofp\libgcc.a(_dvmd_tls.o)
 .ARM.attributes
                0x00000541       0x1d D:/soft/ST/STM32CubeIDE_2.2.0/STM32CubeIDE/plugins/com.st.stm32cube.ide.mcu.externaltools.gnu-tools-for-stm32.14.3.rel1.win32_1.0.100.202602081740/tools/bin/../lib/gcc/arm-none-eabi/14.3.1/thumb/v7-m/nofp\libgcc.a(_arm_addsubdf3.o)
 .ARM.attributes
                0x0000055e       0x1d D:/soft/ST/STM32CubeIDE_2.2.0/STM32CubeIDE/plugins/com.st.stm32cube.ide.mcu.externaltools.gnu-tools-for-stm32.14.3.rel1.win32_1.0.100.202602081740/tools/bin/../lib/gcc/arm-none-eabi/14.3.1/thumb/v7-m/nofp\libgcc.a(_arm_fixunsdfsi.o)
 .ARM.attributes
                0x0000057b       0x1d D:/soft/ST/STM32CubeIDE_2.2.0/STM32CubeIDE/plugins/com.st.stm32cube.ide.mcu.externaltools.gnu-tools-for-stm32.14.3.rel1.win32_1.0.100.202602081740/tools/bin/../lib/gcc/arm-none-eabi/14.3.1/thumb/v7-m/nofp/crtn.o
OUTPUT(rb.elf elf32-littlearm)
LOAD linker stubs
LOAD D:/soft/ST/STM32CubeIDE_2.2.0/STM32CubeIDE/plugins/com.st.stm32cube.ide.mcu.externaltools.gnu-tools-for-stm32.14.3.rel1.win32_1.0.100.202602081740/tools/bin/../lib/gcc/arm-none-eabi/14.3.1/../../../../arm-none-eabi/lib/thumb/v7-m/nofp\libc.a
LOAD D:/soft/ST/STM32CubeIDE_2.2.0/STM32CubeIDE/plugins/com.st.stm32cube.ide.mcu.externaltools.gnu-tools-for-stm32.14.3.rel1.win32_1.0.100.202602081740/tools/bin/../lib/gcc/arm-none-eabi/14.3.1/../../../../arm-none-eabi/lib/thumb/v7-m/nofp\libm.a
LOAD D:/soft/ST/STM32CubeIDE_2.2.0/STM32CubeIDE/plugins/com.st.stm32cube.ide.mcu.externaltools.gnu-tools-for-stm32.14.3.rel1.win32_1.0.100.202602081740/tools/bin/../lib/gcc/arm-none-eabi/14.3.1/thumb/v7-m/nofp\libgcc.a

.debug_info     0x00000000    0x10cdc
 .debug_info    0x00000000      0x254 ./Core/Src/afangkaobei.o
 .debug_info    0x00000254     0x1892 ./Core/Src/main.o
 .debug_info    0x00001ae6     0x1536 ./Core/Src/modbus.o
 .debug_info    0x0000301c     0x1e7d ./Core/Src/motor_control.o
 .debug_info    0x00004e99      0xe3f ./Core/Src/stm32f1xx_hal_msp.o
 .debug_info    0x00005cd8      0xe85 ./Core/Src/stm32f1xx_it.o
 .debug_info    0x00006b5d      0x222 ./Core/Src/system_stm32f1xx.o
 .debug_info    0x00006d7f       0x30 ./Core/Startup/startup_stm32f103rbtx.o
 .debug_info    0x00006daf      0x704 ./Drivers/STM32F1xx_HAL_Driver/Src/stm32f1xx_hal.o
 .debug_info    0x000074b3      0xa87 ./Drivers/STM32F1xx_HAL_Driver/Src/stm32f1xx_hal_cortex.o
 .debug_info    0x00007f3a      0x6d2 ./Drivers/STM32F1xx_HAL_Driver/Src/stm32f1xx_hal_dma.o
 .debug_info    0x0000860c      0x4f8 ./Drivers/STM32F1xx_HAL_Driver/Src/stm32f1xx_hal_flash.o
 .debug_info    0x00008b04      0x777 ./Drivers/STM32F1xx_HAL_Driver/Src/stm32f1xx_hal_flash_ex.o
 .debug_info    0x0000927b      0x5ab ./Drivers/STM32F1xx_HAL_Driver/Src/stm32f1xx_hal_gpio.o
 .debug_info    0x00009826      0x7d5 ./Drivers/STM32F1xx_HAL_Driver/Src/stm32f1xx_hal_rcc.o
 .debug_info    0x00009ffb     0x2959 ./Drivers/STM32F1xx_HAL_Driver/Src/stm32f1xx_hal_tim.o
 .debug_info    0x0000c954     0x149b ./Drivers/STM32F1xx_HAL_Driver/Src/stm32f1xx_hal_tim_ex.o
 .debug_info    0x0000ddef     0x2eed ./Drivers/STM32F1xx_HAL_Driver/Src/stm32f1xx_hal_uart.o

.debug_abbrev   0x00000000     0x29f3
 .debug_abbrev  0x00000000      0x13e ./Core/Src/afangkaobei.o
 .debug_abbrev  0x0000013e      0x38d ./Core/Src/main.o
 .debug_abbrev  0x000004cb      0x3a7 ./Core/Src/modbus.o
 .debug_abbrev  0x00000872      0x3de ./Core/Src/motor_control.o
 .debug_abbrev  0x00000c50      0x21e ./Core/Src/stm32f1xx_hal_msp.o
 .debug_abbrev  0x00000e6e      0x219 ./Core/Src/stm32f1xx_it.o
 .debug_abbrev  0x00001087      0x13f ./Core/Src/system_stm32f1xx.o
 .debug_abbrev  0x000011c6       0x24 ./Core/Startup/startup_stm32f103rbtx.o
 .debug_abbrev  0x000011ea      0x201 ./Drivers/STM32F1xx_HAL_Driver/Src/stm32f1xx_hal.o
 .debug_abbrev  0x000013eb      0x2f8 ./Drivers/STM32F1xx_HAL_Driver/Src/stm32f1xx_hal_cortex.o
 .debug_abbrev  0x000016e3      0x20b ./Drivers/STM32F1xx_HAL_Driver/Src/stm32f1xx_hal_dma.o
 .debug_abbrev  0x000018ee      0x250 ./Drivers/STM32F1xx_HAL_Driver/Src/stm32f1xx_hal_flash.o
 .debug_abbrev  0x00001b3e      0x247 ./Drivers/STM32F1xx_HAL_Driver/Src/stm32f1xx_hal_flash_ex.o
 .debug_abbrev  0x00001d85      0x1ca ./Drivers/STM32F1xx_HAL_Driver/Src/stm32f1xx_hal_gpio.o
 .debug_abbrev  0x00001f4f      0x2b3 ./Drivers/STM32F1xx_HAL_Driver/Src/stm32f1xx_hal_rcc.o
 .debug_abbrev  0x00002202      0x277 ./Drivers/STM32F1xx_HAL_Driver/Src/stm32f1xx_hal_tim.o
 .debug_abbrev  0x00002479      0x282 ./Drivers/STM32F1xx_HAL_Driver/Src/stm32f1xx_hal_tim_ex.o
 .debug_abbrev  0x000026fb      0x2f8 ./Drivers/STM32F1xx_HAL_Driver/Src/stm32f1xx_hal_uart.o

.debug_aranges  0x00000000      0xfa0
 .debug_aranges
                0x00000000       0x28 ./Core/Src/afangkaobei.o
 .debug_aranges
                0x00000028       0x80 ./Core/Src/main.o
 .debug_aranges
                0x000000a8       0xb8 ./Core/Src/modbus.o
 .debug_aranges
                0x00000160      0x170 ./Core/Src/motor_control.o
 .debug_aranges
                0x000002d0       0x58 ./Core/Src/stm32f1xx_hal_msp.o
 .debug_aranges
                0x00000328       0x80 ./Core/Src/stm32f1xx_it.o
 .debug_aranges
                0x000003a8       0x28 ./Core/Src/system_stm32f1xx.o
 .debug_aranges
                0x000003d0       0x28 ./Core/Startup/startup_stm32f103rbtx.o
 .debug_aranges
                0x000003f8       0xe0 ./Drivers/STM32F1xx_HAL_Driver/Src/stm32f1xx_hal.o
 .debug_aranges
                0x000004d8      0x100 ./Drivers/STM32F1xx_HAL_Driver/Src/stm32f1xx_hal_cortex.o
 .debug_aranges
                0x000005d8       0x80 ./Drivers/STM32F1xx_HAL_Driver/Src/stm32f1xx_hal_dma.o
 .debug_aranges
                0x00000658       0x88 ./Drivers/STM32F1xx_HAL_Driver/Src/stm32f1xx_hal_flash.o
 .debug_aranges
                0x000006e0       0x98 ./Drivers/STM32F1xx_HAL_Driver/Src/stm32f1xx_hal_flash_ex.o
 .debug_aranges
                0x00000778       0x58 ./Drivers/STM32F1xx_HAL_Driver/Src/stm32f1xx_hal_gpio.o
 .debug_aranges
                0x000007d0       0x90 ./Drivers/STM32F1xx_HAL_Driver/Src/stm32f1xx_hal_rcc.o
 .debug_aranges
                0x00000860      0x3d0 ./Drivers/STM32F1xx_HAL_Driver/Src/stm32f1xx_hal_tim.o
 .debug_aranges
                0x00000c30      0x168 ./Drivers/STM32F1xx_HAL_Driver/Src/stm32f1xx_hal_tim_ex.o
 .debug_aranges
                0x00000d98      0x208 ./Drivers/STM32F1xx_HAL_Driver/Src/stm32f1xx_hal_uart.o

.debug_rnglists
                0x00000000      0xc49
 .debug_rnglists
                0x00000000       0x1a ./Core/Src/afangkaobei.o
 .debug_rnglists
                0x0000001a       0x62 ./Core/Src/main.o
 .debug_rnglists
                0x0000007c       0x91 ./Core/Src/modbus.o
 .debug_rnglists
                0x0000010d      0x12d ./Core/Src/motor_control.o
 .debug_rnglists
                0x0000023a       0x40 ./Core/Src/stm32f1xx_hal_msp.o
 .debug_rnglists
                0x0000027a       0x5b ./Core/Src/stm32f1xx_it.o
 .debug_rnglists
                0x000002d5       0x1a ./Core/Src/system_stm32f1xx.o
 .debug_rnglists
                0x000002ef       0x19 ./Core/Startup/startup_stm32f103rbtx.o
 .debug_rnglists
                0x00000308       0xa3 ./Drivers/STM32F1xx_HAL_Driver/Src/stm32f1xx_hal.o
 .debug_rnglists
                0x000003ab       0xbb ./Drivers/STM32F1xx_HAL_Driver/Src/stm32f1xx_hal_cortex.o
 .debug_rnglists
                0x00000466       0x64 ./Drivers/STM32F1xx_HAL_Driver/Src/stm32f1xx_hal_dma.o
 .debug_rnglists
                0x000004ca       0x66 ./Drivers/STM32F1xx_HAL_Driver/Src/stm32f1xx_hal_flash.o
 .debug_rnglists
                0x00000530       0x73 ./Drivers/STM32F1xx_HAL_Driver/Src/stm32f1xx_hal_flash_ex.o
 .debug_rnglists
                0x000005a3       0x3f ./Drivers/STM32F1xx_HAL_Driver/Src/stm32f1xx_hal_gpio.o
 .debug_rnglists
                0x000005e2       0x6c ./Drivers/STM32F1xx_HAL_Driver/Src/stm32f1xx_hal_rcc.o
 .debug_rnglists
                0x0000064e      0x31a ./Drivers/STM32F1xx_HAL_Driver/Src/stm32f1xx_hal_tim.o
 .debug_rnglists
                0x00000968      0x125 ./Drivers/STM32F1xx_HAL_Driver/Src/stm32f1xx_hal_tim_ex.o
 .debug_rnglists
                0x00000a8d      0x1bc ./Drivers/STM32F1xx_HAL_Driver/Src/stm32f1xx_hal_uart.o

.debug_macro    0x00000000    0x18387
 .debug_macro   0x00000000      0x1ad ./Core/Src/afangkaobei.o
 .debug_macro   0x000001ad      0xacc ./Core/Src/afangkaobei.o
 .debug_macro   0x00000c79      0x21b ./Core/Src/afangkaobei.o
 .debug_macro   0x00000e94       0x2e ./Core/Src/afangkaobei.o
 .debug_macro   0x00000ec2       0x22 ./Core/Src/afangkaobei.o
 .debug_macro   0x00000ee4       0x22 ./Core/Src/afangkaobei.o
 .debug_macro   0x00000f06       0x8e ./Core/Src/afangkaobei.o
 .debug_macro   0x00000f94       0x51 ./Core/Src/afangkaobei.o
 .debug_macro   0x00000fe5      0x103 ./Core/Src/afangkaobei.o
 .debug_macro   0x000010e8       0x6a ./Core/Src/afangkaobei.o
 .debug_macro   0x00001152      0x1df ./Core/Src/afangkaobei.o
 .debug_macro   0x00001331       0x1c ./Core/Src/afangkaobei.o
 .debug_macro   0x0000134d       0x22 ./Core/Src/afangkaobei.o
 .debug_macro   0x0000136f       0xbd ./Core/Src/afangkaobei.o
 .debug_macro   0x0000142c      0xd23 ./Core/Src/afangkaobei.o
 .debug_macro   0x0000214f     0xe09e ./Core/Src/afangkaobei.o
 .debug_macro   0x000101ed       0x6d ./Core/Src/afangkaobei.o
 .debug_macro   0x0001025a     0x34a2 ./Core/Src/afangkaobei.o
 .debug_macro   0x000136fc      0x190 ./Core/Src/afangkaobei.o
 .debug_macro   0x0001388c       0x5c ./Core/Src/afangkaobei.o
 .debug_macro   0x000138e8      0x5bc ./Core/Src/afangkaobei.o
 .debug_macro   0x00013ea4      0x289 ./Core/Src/afangkaobei.o
 .debug_macro   0x0001412d      0x1cb ./Core/Src/afangkaobei.o
 .debug_macro   0x000142f8      0x114 ./Core/Src/afangkaobei.o
 .debug_macro   0x0001440c      0x1b2 ./Core/Src/afangkaobei.o
 .debug_macro   0x000145be       0x27 ./Core/Src/afangkaobei.o
 .debug_macro   0x000145e5      0x136 ./Core/Src/afangkaobei.o
 .debug_macro   0x0001471b      0x1bc ./Core/Src/afangkaobei.o
 .debug_macro   0x000148d7       0x34 ./Core/Src/afangkaobei.o
 .debug_macro   0x0001490b       0x3c ./Core/Src/afangkaobei.o
 .debug_macro   0x00014947       0x57 ./Core/Src/afangkaobei.o
 .debug_macro   0x0001499e       0x87 ./Core/Src/afangkaobei.o
 .debug_macro   0x00014a25      0x240 ./Core/Src/afangkaobei.o
 .debug_macro   0x00014c65      0x140 ./Core/Src/afangkaobei.o
 .debug_macro   0x00014da5      0x8ed ./Core/Src/afangkaobei.o
 .debug_macro   0x00015692      0x28e ./Core/Src/afangkaobei.o
 .debug_macro   0x00015920       0x83 ./Core/Src/afangkaobei.o
 .debug_macro   0x000159a3      0x1e3 ./Core/Src/main.o
 .debug_macro   0x00015b86       0x1c ./Core/Src/main.o
 .debug_macro   0x00015ba2      0x202 ./Core/Src/main.o
 .debug_macro   0x00015da4      0x298 ./Core/Src/modbus.o
 .debug_macro   0x0001603c       0x10 ./Core/Src/modbus.o
 .debug_macro   0x0001604c       0x61 ./Core/Src/modbus.o
 .debug_macro   0x000160ad       0x24 ./Core/Src/modbus.o
 .debug_macro   0x000160d1       0x43 ./Core/Src/modbus.o
 .debug_macro   0x00016114       0x34 ./Core/Src/modbus.o
 .debug_macro   0x00016148      0x364 ./Core/Src/modbus.o
 .debug_macro   0x000164ac       0x16 ./Core/Src/modbus.o
 .debug_macro   0x000164c2       0x4a ./Core/Src/modbus.o
 .debug_macro   0x0001650c       0x34 ./Core/Src/modbus.o
 .debug_macro   0x00016540       0x10 ./Core/Src/modbus.o
 .debug_macro   0x00016550       0x58 ./Core/Src/modbus.o
 .debug_macro   0x000165a8       0x8e ./Core/Src/modbus.o
 .debug_macro   0x00016636       0x1c ./Core/Src/modbus.o
 .debug_macro   0x00016652      0x17e ./Core/Src/modbus.o
 .debug_macro   0x000167d0       0x10 ./Core/Src/modbus.o
 .debug_macro   0x000167e0       0x3c ./Core/Src/modbus.o
 .debug_macro   0x0001681c       0x20 ./Core/Src/modbus.o
 .debug_macro   0x0001683c      0x2fa ./Core/Src/motor_control.o
 .debug_macro   0x00016b36       0x16 ./Core/Src/motor_control.o
 .debug_macro   0x00016b4c       0x16 ./Core/Src/motor_control.o
 .debug_macro   0x00016b62       0x29 ./Core/Src/motor_control.o
 .debug_macro   0x00016b8b      0x19b ./Core/Src/motor_control.o
 .debug_macro   0x00016d26       0x16 ./Core/Src/motor_control.o
 .debug_macro   0x00016d3c      0x1b2 ./Core/Src/stm32f1xx_hal_msp.o
 .debug_macro   0x00016eee      0x1e3 ./Core/Src/stm32f1xx_it.o
 .debug_macro   0x000170d1      0x1a3 ./Core/Src/system_stm32f1xx.o
 .debug_macro   0x00017274      0x1c7 ./Drivers/STM32F1xx_HAL_Driver/Src/stm32f1xx_hal.o
 .debug_macro   0x0001743b      0x1a3 ./Drivers/STM32F1xx_HAL_Driver/Src/stm32f1xx_hal_cortex.o
 .debug_macro   0x000175de      0x1a3 ./Drivers/STM32F1xx_HAL_Driver/Src/stm32f1xx_hal_dma.o
 .debug_macro   0x00017781      0x1a3 ./Drivers/STM32F1xx_HAL_Driver/Src/stm32f1xx_hal_flash.o
 .debug_macro   0x00017924      0x1b5 ./Drivers/STM32F1xx_HAL_Driver/Src/stm32f1xx_hal_flash_ex.o
 .debug_macro   0x00017ad9      0x20e ./Drivers/STM32F1xx_HAL_Driver/Src/stm32f1xx_hal_gpio.o
 .debug_macro   0x00017ce7      0x1b5 ./Drivers/STM32F1xx_HAL_Driver/Src/stm32f1xx_hal_rcc.o
 .debug_macro   0x00017e9c      0x1a4 ./Drivers/STM32F1xx_HAL_Driver/Src/stm32f1xx_hal_tim.o
 .debug_macro   0x00018040      0x1a3 ./Drivers/STM32F1xx_HAL_Driver/Src/stm32f1xx_hal_tim_ex.o
 .debug_macro   0x000181e3      0x1a4 ./Drivers/STM32F1xx_HAL_Driver/Src/stm32f1xx_hal_uart.o

.debug_line     0x00000000    0x12710
 .debug_line    0x00000000      0x854 ./Core/Src/afangkaobei.o
 .debug_line    0x00000854      0xb20 ./Core/Src/main.o
 .debug_line    0x00001374     0x170a ./Core/Src/modbus.o
 .debug_line    0x00002a7e     0x1fc0 ./Core/Src/motor_control.o
 .debug_line    0x00004a3e      0x85f ./Core/Src/stm32f1xx_hal_msp.o
 .debug_line    0x0000529d      0x881 ./Core/Src/stm32f1xx_it.o
 .debug_line    0x00005b1e      0x793 ./Core/Src/system_stm32f1xx.o
 .debug_line    0x000062b1       0x78 ./Core/Startup/startup_stm32f103rbtx.o
 .debug_line    0x00006329      0x9c7 ./Drivers/STM32F1xx_HAL_Driver/Src/stm32f1xx_hal.o
 .debug_line    0x00006cf0      0xb8e ./Drivers/STM32F1xx_HAL_Driver/Src/stm32f1xx_hal_cortex.o
 .debug_line    0x0000787e      0xdce ./Drivers/STM32F1xx_HAL_Driver/Src/stm32f1xx_hal_dma.o
 .debug_line    0x0000864c      0xa7e ./Drivers/STM32F1xx_HAL_Driver/Src/stm32f1xx_hal_flash.o
 .debug_line    0x000090ca      0xb8b ./Drivers/STM32F1xx_HAL_Driver/Src/stm32f1xx_hal_flash_ex.o
 .debug_line    0x00009c55      0xa1e ./Drivers/STM32F1xx_HAL_Driver/Src/stm32f1xx_hal_gpio.o
 .debug_line    0x0000a673      0xe7d ./Drivers/STM32F1xx_HAL_Driver/Src/stm32f1xx_hal_rcc.o
 .debug_line    0x0000b4f0     0x34b8 ./Drivers/STM32F1xx_HAL_Driver/Src/stm32f1xx_hal_tim.o
 .debug_line    0x0000e9a8     0x1888 ./Drivers/STM32F1xx_HAL_Driver/Src/stm32f1xx_hal_tim_ex.o
 .debug_line    0x00010230     0x24e0 ./Drivers/STM32F1xx_HAL_Driver/Src/stm32f1xx_hal_uart.o

.debug_str      0x00000000    0x8c242
 .debug_str     0x00000000    0x8c242 ./Core/Src/afangkaobei.o
                              0x837e2 (size before relaxing)
 .debug_str     0x0008c242    0x854b7 ./Core/Src/main.o
 .debug_str     0x0008c242    0x87ff1 ./Core/Src/modbus.o
 .debug_str     0x0008c242    0x88835 ./Core/Src/motor_control.o
 .debug_str     0x0008c242    0x842c9 ./Core/Src/stm32f1xx_hal_msp.o
 .debug_str     0x0008c242    0x84ca3 ./Core/Src/stm32f1xx_it.o
 .debug_str     0x0008c242    0x83794 ./Core/Src/system_stm32f1xx.o
 .debug_str     0x0008c242       0x75 ./Core/Startup/startup_stm32f103rbtx.o
 .debug_str     0x0008c242    0x83ec7 ./Drivers/STM32F1xx_HAL_Driver/Src/stm32f1xx_hal.o
 .debug_str     0x0008c242    0x83e13 ./Drivers/STM32F1xx_HAL_Driver/Src/stm32f1xx_hal_cortex.o
 .debug_str     0x0008c242    0x83b3d ./Drivers/STM32F1xx_HAL_Driver/Src/stm32f1xx_hal_dma.o
 .debug_str     0x0008c242    0x83a6f ./Drivers/STM32F1xx_HAL_Driver/Src/stm32f1xx_hal_flash.o
 .debug_str     0x0008c242    0x83c1d ./Drivers/STM32F1xx_HAL_Driver/Src/stm32f1xx_hal_flash_ex.o
 .debug_str     0x0008c242    0x83b1a ./Drivers/STM32F1xx_HAL_Driver/Src/stm32f1xx_hal_gpio.o
 .debug_str     0x0008c242    0x83bc3 ./Drivers/STM32F1xx_HAL_Driver/Src/stm32f1xx_hal_rcc.o
 .debug_str     0x0008c242    0x84bc5 ./Drivers/STM32F1xx_HAL_Driver/Src/stm32f1xx_hal_tim.o
 .debug_str     0x0008c242    0x843d1 ./Drivers/STM32F1xx_HAL_Driver/Src/stm32f1xx_hal_tim_ex.o
 .debug_str     0x0008c242    0x84234 ./Drivers/STM32F1xx_HAL_Driver/Src/stm32f1xx_hal_uart.o

.comment        0x00000000       0x43
 .comment       0x00000000       0x43 ./Core/Src/afangkaobei.o
                                 0x44 (size before relaxing)
 .comment       0x00000043       0x44 ./Core/Src/main.o
 .comment       0x00000043       0x44 ./Core/Src/modbus.o
 .comment       0x00000043       0x44 ./Core/Src/motor_control.o
 .comment       0x00000043       0x44 ./Core/Src/stm32f1xx_hal_msp.o
 .comment       0x00000043       0x44 ./Core/Src/stm32f1xx_it.o
 .comment       0x00000043       0x44 ./Core/Src/system_stm32f1xx.o
 .comment       0x00000043       0x44 ./Drivers/STM32F1xx_HAL_Driver/Src/stm32f1xx_hal.o
 .comment       0x00000043       0x44 ./Drivers/STM32F1xx_HAL_Driver/Src/stm32f1xx_hal_cortex.o
 .comment       0x00000043       0x44 ./Drivers/STM32F1xx_HAL_Driver/Src/stm32f1xx_hal_dma.o
 .comment       0x00000043       0x44 ./Drivers/STM32F1xx_HAL_Driver/Src/stm32f1xx_hal_flash.o
 .comment       0x00000043       0x44 ./Drivers/STM32F1xx_HAL_Driver/Src/stm32f1xx_hal_flash_ex.o
 .comment       0x00000043       0x44 ./Drivers/STM32F1xx_HAL_Driver/Src/stm32f1xx_hal_gpio.o
 .comment       0x00000043       0x44 ./Drivers/STM32F1xx_HAL_Driver/Src/stm32f1xx_hal_rcc.o
 .comment       0x00000043       0x44 ./Drivers/STM32F1xx_HAL_Driver/Src/stm32f1xx_hal_tim.o
 .comment       0x00000043       0x44 ./Drivers/STM32F1xx_HAL_Driver/Src/stm32f1xx_hal_tim_ex.o
 .comment       0x00000043       0x44 ./Drivers/STM32F1xx_HAL_Driver/Src/stm32f1xx_hal_uart.o

.debug_frame    0x00000000     0x41c0
 .debug_frame   0x00000000       0x64 ./Core/Src/afangkaobei.o
 .debug_frame   0x00000064      0x1cc ./Core/Src/main.o
 .debug_frame   0x00000230      0x2f8 ./Core/Src/modbus.o
 .debug_frame   0x00000528      0x620 ./Core/Src/motor_control.o
 .debug_frame   0x00000b48      0x130 ./Core/Src/stm32f1xx_hal_msp.o
 .debug_frame   0x00000c78      0x170 ./Core/Src/stm32f1xx_it.o
 .debug_frame   0x00000de8       0x50 ./Core/Src/system_stm32f1xx.o
 .debug_frame   0x00000e38      0x2e4 ./Drivers/STM32F1xx_HAL_Driver/Src/stm32f1xx_hal.o
 .debug_frame   0x0000111c      0x3f0 ./Drivers/STM32F1xx_HAL_Driver/Src/stm32f1xx_hal_cortex.o
 .debug_frame   0x0000150c      0x1e8 ./Drivers/STM32F1xx_HAL_Driver/Src/stm32f1xx_hal_dma.o
 .debug_frame   0x000016f4      0x1e8 ./Drivers/STM32F1xx_HAL_Driver/Src/stm32f1xx_hal_flash.o
 .debug_frame   0x000018dc      0x240 ./Drivers/STM32F1xx_HAL_Driver/Src/stm32f1xx_hal_flash_ex.o
 .debug_frame   0x00001b1c      0x130 ./Drivers/STM32F1xx_HAL_Driver/Src/stm32f1xx_hal_gpio.o
 .debug_frame   0x00001c4c      0x1f8 ./Drivers/STM32F1xx_HAL_Driver/Src/stm32f1xx_hal_rcc.o
 .debug_frame   0x00001e44     0x10e8 ./Drivers/STM32F1xx_HAL_Driver/Src/stm32f1xx_hal_tim.o
 .debug_frame   0x00002f2c      0x600 ./Drivers/STM32F1xx_HAL_Driver/Src/stm32f1xx_hal_tim_ex.o
 .debug_frame   0x0000352c      0x8dc ./Drivers/STM32F1xx_HAL_Driver/Src/stm32f1xx_hal_uart.o
 .debug_frame   0x00003e08       0x20 D:/soft/ST/STM32CubeIDE_2.2.0/STM32CubeIDE/plugins/com.st.stm32cube.ide.mcu.externaltools.gnu-tools-for-stm32.14.3.rel1.win32_1.0.100.202602081740/tools/bin/../lib/gcc/arm-none-eabi/14.3.1/../../../../arm-none-eabi/lib/thumb/v7-m/nofp\libc_nano.a(libc_a-memset.o)
 .debug_frame   0x00003e28       0x2c D:/soft/ST/STM32CubeIDE_2.2.0/STM32CubeIDE/plugins/com.st.stm32cube.ide.mcu.externaltools.gnu-tools-for-stm32.14.3.rel1.win32_1.0.100.202602081740/tools/bin/../lib/gcc/arm-none-eabi/14.3.1/../../../../arm-none-eabi/lib/thumb/v7-m/nofp\libc_nano.a(libc_a-init.o)
 .debug_frame   0x00003e54       0x28 D:/soft/ST/STM32CubeIDE_2.2.0/STM32CubeIDE/plugins/com.st.stm32cube.ide.mcu.externaltools.gnu-tools-for-stm32.14.3.rel1.win32_1.0.100.202602081740/tools/bin/../lib/gcc/arm-none-eabi/14.3.1/../../../../arm-none-eabi/lib/thumb/v7-m/nofp\libc_nano.a(libc_a-memcpy-stub.o)
 .debug_frame   0x00003e7c       0x4c D:/soft/ST/STM32CubeIDE_2.2.0/STM32CubeIDE/plugins/com.st.stm32cube.ide.mcu.externaltools.gnu-tools-for-stm32.14.3.rel1.win32_1.0.100.202602081740/tools/bin/../lib/gcc/arm-none-eabi/14.3.1/thumb/v7-m/nofp\libgcc.a(_arm_addsubsf3.o)
 .debug_frame   0x00003ec8       0x38 D:/soft/ST/STM32CubeIDE_2.2.0/STM32CubeIDE/plugins/com.st.stm32cube.ide.mcu.externaltools.gnu-tools-for-stm32.14.3.rel1.win32_1.0.100.202602081740/tools/bin/../lib/gcc/arm-none-eabi/14.3.1/thumb/v7-m/nofp\libgcc.a(_arm_muldivsf3.o)
 .debug_frame   0x00003f00       0xc8 D:/soft/ST/STM32CubeIDE_2.2.0/STM32CubeIDE/plugins/com.st.stm32cube.ide.mcu.externaltools.gnu-tools-for-stm32.14.3.rel1.win32_1.0.100.202602081740/tools/bin/../lib/gcc/arm-none-eabi/14.3.1/thumb/v7-m/nofp\libgcc.a(_arm_cmpsf2.o)
 .debug_frame   0x00003fc8       0x24 D:/soft/ST/STM32CubeIDE_2.2.0/STM32CubeIDE/plugins/com.st.stm32cube.ide.mcu.externaltools.gnu-tools-for-stm32.14.3.rel1.win32_1.0.100.202602081740/tools/bin/../lib/gcc/arm-none-eabi/14.3.1/thumb/v7-m/nofp\libgcc.a(_arm_fixsfsi.o)
 .debug_frame   0x00003fec       0x44 D:/soft/ST/STM32CubeIDE_2.2.0/STM32CubeIDE/plugins/com.st.stm32cube.ide.mcu.externaltools.gnu-tools-for-stm32.14.3.rel1.win32_1.0.100.202602081740/tools/bin/../lib/gcc/arm-none-eabi/14.3.1/thumb/v7-m/nofp\libgcc.a(_aeabi_ldivmod.o)
 .debug_frame   0x00004030       0x30 D:/soft/ST/STM32CubeIDE_2.2.0/STM32CubeIDE/plugins/com.st.stm32cube.ide.mcu.externaltools.gnu-tools-for-stm32.14.3.rel1.win32_1.0.100.202602081740/tools/bin/../lib/gcc/arm-none-eabi/14.3.1/thumb/v7-m/nofp\libgcc.a(_fixsfdi.o)
 .debug_frame   0x00004060       0x2c D:/soft/ST/STM32CubeIDE_2.2.0/STM32CubeIDE/plugins/com.st.stm32cube.ide.mcu.externaltools.gnu-tools-for-stm32.14.3.rel1.win32_1.0.100.202602081740/tools/bin/../lib/gcc/arm-none-eabi/14.3.1/thumb/v7-m/nofp\libgcc.a(_fixunssfdi.o)
 .debug_frame   0x0000408c       0x34 D:/soft/ST/STM32CubeIDE_2.2.0/STM32CubeIDE/plugins/com.st.stm32cube.ide.mcu.externaltools.gnu-tools-for-stm32.14.3.rel1.win32_1.0.100.202602081740/tools/bin/../lib/gcc/arm-none-eabi/14.3.1/thumb/v7-m/nofp\libgcc.a(_udivmoddi4.o)
 .debug_frame   0x000040c0       0x30 D:/soft/ST/STM32CubeIDE_2.2.0/STM32CubeIDE/plugins/com.st.stm32cube.ide.mcu.externaltools.gnu-tools-for-stm32.14.3.rel1.win32_1.0.100.202602081740/tools/bin/../lib/gcc/arm-none-eabi/14.3.1/thumb/v7-m/nofp\libgcc.a(_arm_muldf3.o)
 .debug_frame   0x000040f0       0xac D:/soft/ST/STM32CubeIDE_2.2.0/STM32CubeIDE/plugins/com.st.stm32cube.ide.mcu.externaltools.gnu-tools-for-stm32.14.3.rel1.win32_1.0.100.202602081740/tools/bin/../lib/gcc/arm-none-eabi/14.3.1/thumb/v7-m/nofp\libgcc.a(_arm_addsubdf3.o)
 .debug_frame   0x0000419c       0x24 D:/soft/ST/STM32CubeIDE_2.2.0/STM32CubeIDE/plugins/com.st.stm32cube.ide.mcu.externaltools.gnu-tools-for-stm32.14.3.rel1.win32_1.0.100.202602081740/tools/bin/../lib/gcc/arm-none-eabi/14.3.1/thumb/v7-m/nofp\libgcc.a(_arm_fixunsdfsi.o)

.debug_line_str
                0x00000000       0x59
 .debug_line_str
                0x00000000       0x59 ./Core/Startup/startup_stm32f103rbtx.o
