Archive member included to satisfy reference by file (symbol)

D:/soft/ST/STM32CubeIDE_2.2.0/STM32CubeIDE/plugins/com.st.stm32cube.ide.mcu.externaltools.gnu-tools-for-stm32.14.3.rel1.win32_1.0.100.202602081740/tools/bin/../lib/gcc/arm-none-eabi/14.3.1/../../../../arm-none-eabi/lib/thumb/v7-m/nofp\libc_nano.a(libc_a-exit.o)
                              D:/soft/ST/STM32CubeIDE_2.2.0/STM32CubeIDE/plugins/com.st.stm32cube.ide.mcu.externaltools.gnu-tools-for-stm32.14.3.rel1.win32_1.0.100.202602081740/tools/bin/../lib/gcc/arm-none-eabi/14.3.1/../../../../arm-none-eabi/lib/thumb/v7-m/nofp/crt0.o (exit)
D:/soft/ST/STM32CubeIDE_2.2.0/STM32CubeIDE/plugins/com.st.stm32cube.ide.mcu.externaltools.gnu-tools-for-stm32.14.3.rel1.win32_1.0.100.202602081740/tools/bin/../lib/gcc/arm-none-eabi/14.3.1/../../../../arm-none-eabi/lib/thumb/v7-m/nofp\libc_nano.a(libc_a-findfp.o)
                              D:/soft/ST/STM32CubeIDE_2.2.0/STM32CubeIDE/plugins/com.st.stm32cube.ide.mcu.externaltools.gnu-tools-for-stm32.14.3.rel1.win32_1.0.100.202602081740/tools/bin/../lib/gcc/arm-none-eabi/14.3.1/../../../../arm-none-eabi/lib/thumb/v7-m/nofp\libc_nano.a(libc_a-exit.o) (__stdio_exit_handler)
D:/soft/ST/STM32CubeIDE_2.2.0/STM32CubeIDE/plugins/com.st.stm32cube.ide.mcu.externaltools.gnu-tools-for-stm32.14.3.rel1.win32_1.0.100.202602081740/tools/bin/../lib/gcc/arm-none-eabi/14.3.1/../../../../arm-none-eabi/lib/thumb/v7-m/nofp\libc_nano.a(libc_a-fwalk.o)
                              D:/soft/ST/STM32CubeIDE_2.2.0/STM32CubeIDE/plugins/com.st.stm32cube.ide.mcu.externaltools.gnu-tools-for-stm32.14.3.rel1.win32_1.0.100.202602081740/tools/bin/../lib/gcc/arm-none-eabi/14.3.1/../../../../arm-none-eabi/lib/thumb/v7-m/nofp\libc_nano.a(libc_a-findfp.o) (_fwalk_sglue)
D:/soft/ST/STM32CubeIDE_2.2.0/STM32CubeIDE/plugins/com.st.stm32cube.ide.mcu.externaltools.gnu-tools-for-stm32.14.3.rel1.win32_1.0.100.202602081740/tools/bin/../lib/gcc/arm-none-eabi/14.3.1/../../../../arm-none-eabi/lib/thumb/v7-m/nofp\libc_nano.a(libc_a-stdio.o)
                              D:/soft/ST/STM32CubeIDE_2.2.0/STM32CubeIDE/plugins/com.st.stm32cube.ide.mcu.externaltools.gnu-tools-for-stm32.14.3.rel1.win32_1.0.100.202602081740/tools/bin/../lib/gcc/arm-none-eabi/14.3.1/../../../../arm-none-eabi/lib/thumb/v7-m/nofp\libc_nano.a(libc_a-findfp.o) (__sread)
D:/soft/ST/STM32CubeIDE_2.2.0/STM32CubeIDE/plugins/com.st.stm32cube.ide.mcu.externaltools.gnu-tools-for-stm32.14.3.rel1.win32_1.0.100.202602081740/tools/bin/../lib/gcc/arm-none-eabi/14.3.1/../../../../arm-none-eabi/lib/thumb/v7-m/nofp\libc_nano.a(libc_a-memset.o)
                              D:/soft/ST/STM32CubeIDE_2.2.0/STM32CubeIDE/plugins/com.st.stm32cube.ide.mcu.externaltools.gnu-tools-for-stm32.14.3.rel1.win32_1.0.100.202602081740/tools/bin/../lib/gcc/arm-none-eabi/14.3.1/../../../../arm-none-eabi/lib/thumb/v7-m/nofp/crt0.o (memset)
D:/soft/ST/STM32CubeIDE_2.2.0/STM32CubeIDE/plugins/com.st.stm32cube.ide.mcu.externaltools.gnu-tools-for-stm32.14.3.rel1.win32_1.0.100.202602081740/tools/bin/../lib/gcc/arm-none-eabi/14.3.1/../../../../arm-none-eabi/lib/thumb/v7-m/nofp\libc_nano.a(libc_a-closer.o)
                              D:/soft/ST/STM32CubeIDE_2.2.0/STM32CubeIDE/plugins/com.st.stm32cube.ide.mcu.externaltools.gnu-tools-for-stm32.14.3.rel1.win32_1.0.100.202602081740/tools/bin/../lib/gcc/arm-none-eabi/14.3.1/../../../../arm-none-eabi/lib/thumb/v7-m/nofp\libc_nano.a(libc_a-stdio.o) (_close_r)
D:/soft/ST/STM32CubeIDE_2.2.0/STM32CubeIDE/plugins/com.st.stm32cube.ide.mcu.externaltools.gnu-tools-for-stm32.14.3.rel1.win32_1.0.100.202602081740/tools/bin/../lib/gcc/arm-none-eabi/14.3.1/../../../../arm-none-eabi/lib/thumb/v7-m/nofp\libc_nano.a(libc_a-reent.o)
                              D:/soft/ST/STM32CubeIDE_2.2.0/STM32CubeIDE/plugins/com.st.stm32cube.ide.mcu.externaltools.gnu-tools-for-stm32.14.3.rel1.win32_1.0.100.202602081740/tools/bin/../lib/gcc/arm-none-eabi/14.3.1/../../../../arm-none-eabi/lib/thumb/v7-m/nofp\libc_nano.a(libc_a-closer.o) (errno)
D:/soft/ST/STM32CubeIDE_2.2.0/STM32CubeIDE/plugins/com.st.stm32cube.ide.mcu.externaltools.gnu-tools-for-stm32.14.3.rel1.win32_1.0.100.202602081740/tools/bin/../lib/gcc/arm-none-eabi/14.3.1/../../../../arm-none-eabi/lib/thumb/v7-m/nofp\libc_nano.a(libc_a-impure.o)
                              D:/soft/ST/STM32CubeIDE_2.2.0/STM32CubeIDE/plugins/com.st.stm32cube.ide.mcu.externaltools.gnu-tools-for-stm32.14.3.rel1.win32_1.0.100.202602081740/tools/bin/../lib/gcc/arm-none-eabi/14.3.1/../../../../arm-none-eabi/lib/thumb/v7-m/nofp\libc_nano.a(libc_a-reent.o) (_impure_ptr)
D:/soft/ST/STM32CubeIDE_2.2.0/STM32CubeIDE/plugins/com.st.stm32cube.ide.mcu.externaltools.gnu-tools-for-stm32.14.3.rel1.win32_1.0.100.202602081740/tools/bin/../lib/gcc/arm-none-eabi/14.3.1/../../../../arm-none-eabi/lib/thumb/v7-m/nofp\libc_nano.a(libc_a-lseekr.o)
[...]
Memory Configuration

Name             Origin             Length             Attributes
RAM              0x20000000         0x00005000         xrw
FLASH            0x08000000         0x00020000         xr
*default*        0x00000000         0xffffffff

Linker script and memory map

LOAD D:/soft/ST/STM32CubeIDE_2.2.0/STM32CubeIDE/plugins/com.st.stm32cube.ide.mcu.externaltools.gnu-tools-for-stm32.14.3.rel1.win32_1.0.100.202602081740/tools/bin/../lib/gcc/arm-none-eabi/14.3.1/thumb/v7-m/nofp/crti.o
LOAD D:/soft/ST/STM32CubeIDE_2.2.0/STM32CubeIDE/plugins/com.st.stm32cube.ide.mcu.externaltools.gnu-tools-for-stm32.14.3.rel1.win32_1.0.100.202602081740/tools/bin/../lib/gcc/arm-none-eabi/14.3.1/thumb/v7-m/nofp/crtbegin.o
LOAD D:/soft/ST/STM32CubeIDE_2.2.0/STM32CubeIDE/plugins/com.st.stm32cube.ide.mcu.externaltools.gnu-tools-for-stm32.14.3.rel1.win32_1.0.100.202602081740/tools/bin/../lib/gcc/arm-none-eabi/14.3.1/../../../../arm-none-eabi/lib/thumb/v7-m/nofp/crt0.o
LOAD ./Core/Src/afangkaobei.o
LOAD ./Core/Src/main.o
LOAD ./Core/Src/modbus.o
LOAD ./Core/Src/motor_control.o
LOAD ./Core/Src/stm32f1xx_hal_msp.o
LOAD ./Core/Src/stm32f1xx_it.o
LOAD ./Core/Src/syscalls.o
LOAD ./Core/Src/sysmem.o
LOAD ./Core/Src/system_stm32f1xx.o
LOAD ./Core/Startup/startup_stm32f103rbtx.o
LOAD ./Drivers/STM32F1xx_HAL_Driver/Src/stm32f1xx_hal.o
LOAD ./Drivers/STM32F1xx_HAL_Driver/Src/stm32f1xx_hal_cortex.o
LOAD ./Drivers/STM32F1xx_HAL_Driver/Src/stm32f1xx_hal_dma.o
LOAD ./Drivers/STM32F1xx_HAL_Driver/Src/stm32f1xx_hal_exti.o
LOAD ./Drivers/STM32F1xx_HAL_Driver/Src/stm32f1xx_hal_flash.o
LOAD ./Drivers/STM32F1xx_HAL_Driver/Src/stm32f1xx_hal_flash_ex.o
LOAD ./Drivers/STM32F1xx_HAL_Driver/Src/stm32f1xx_hal_gpio.o
LOAD ./Drivers/STM32F1xx_HAL_Driver/Src/stm32f1xx_hal_gpio_ex.o
LOAD ./Drivers/STM32F1xx_HAL_Driver/Src/stm32f1xx_hal_pwr.o
LOAD ./Drivers/STM32F1xx_HAL_Driver/Src/stm32f1xx_hal_rcc.o
LOAD ./Drivers/STM32F1xx_HAL_Driver/Src/stm32f1xx_hal_rcc_ex.o
LOAD ./Drivers/STM32F1xx_HAL_Driver/Src/stm32f1xx_hal_tim.o
LOAD ./Drivers/STM32F1xx_HAL_Driver/Src/stm32f1xx_hal_tim_ex.o
LOAD ./Drivers/STM32F1xx_HAL_Driver/Src/stm32f1xx_hal_uart.o
START GROUP
LOAD D:/soft/ST/STM32CubeIDE_2.2.0/STM32CubeIDE/plugins/com.st.stm32cube.ide.mcu.externaltools.gnu-tools-for-stm32.14.3.rel1.win32_1.0.100.202602081740/tools/bin/../lib/gcc/arm-none-eabi/14.3.1/../../../../arm-none-eabi/lib/thumb/v7-m/nofp\libc_nano.a
LOAD D:/soft/ST/STM32CubeIDE_2.2.0/STM32CubeIDE/plugins/com.st.stm32cube.ide.mcu.externaltools.gnu-tools-for-stm32.14.3.rel1.win32_1.0.100.202602081740/tools/bin/../lib/gcc/arm-none-eabi/14.3.1/../../../../arm-none-eabi/lib/thumb/v7-m/nofp\libm.a
END GROUP
START GROUP
LOAD D:/soft/ST/STM32CubeIDE_2.2.0/STM32CubeIDE/plugins/com.st.stm32cube.ide.mcu.externaltools.gnu-tools-for-stm32.14.3.rel1.win32_1.0.100.202602081740/tools/bin/../lib/gcc/arm-none-eabi/14.3.1/thumb/v7-m/nofp\libgcc.a
LOAD D:/soft/ST/STM32CubeIDE_2.2.0/STM32CubeIDE/plugins/com.st.stm32cube.ide.mcu.externaltools.gnu-tools-for-stm32.14.3.rel1.win32_1.0.100.202602081740/tools/bin/../lib/gcc/arm-none-eabi/14.3.1/../../../../arm-none-eabi/lib/thumb/v7-m/nofp\libc_nano.a
END GROUP
START GROUP
LOAD D:/soft/ST/STM32CubeIDE_2.2.0/STM32CubeIDE/plugins/com.st.stm32cube.ide.mcu.externaltools.gnu-tools-for-stm32.14.3.rel1.win32_1.0.100.202602081740/tools/bin/../lib/gcc/arm-none-eabi/14.3.1/thumb/v7-m/nofp\libgcc.a
LOAD D:/soft/ST/STM32CubeIDE_2.2.0/STM32CubeIDE/plugins/com.st.stm32cube.ide.mcu.externaltools.gnu-tools-for-stm32.14.3.rel1.win32_1.0.100.202602081740/tools/bin/../lib/gcc/arm-none-eabi/14.3.1/../../../../arm-none-eabi/lib/thumb/v7-m/nofp\libc_nano.a
LOAD D:/soft/ST/STM32CubeIDE_2.2.0/STM32CubeIDE/plugins/com.st.stm32cube.ide.mcu.externaltools.gnu-tools-for-stm32.14.3.rel1.win32_1.0.100.202602081740/tools/bin/../lib/gcc/arm-none-eabi/14.3.1/../../../../arm-none-eabi/lib/thumb/v7-m/nofp\libnosys.a
END GROUP
START GROUP
LOAD D:/soft/ST/STM32CubeIDE_2.2.0/STM32CubeIDE/plugins/com.st.stm32cube.ide.mcu.externaltools.gnu-tools-for-stm32.14.3.rel1.win32_1.0.100.202602081740/tools/bin/../lib/gcc/arm-none-eabi/14.3.1/thumb/v7-m/nofp\libgcc.a
LOAD D:/soft/ST/STM32CubeIDE_2.2.0/STM32CubeIDE/plugins/com.st.stm32cube.ide.mcu.externaltools.gnu-tools-for-stm32.14.3.rel1.win32_1.0.100.202602081740/tools/bin/../lib/gcc/arm-none-eabi/14.3.1/../../../../arm-none-eabi/lib/thumb/v7-m/nofp\libc_nano.a
LOAD D:/soft/ST/STM32CubeIDE_2.2.0/STM32CubeIDE/plugins/com.st.stm32cube.ide.mcu.externaltools.gnu-tools-for-stm32.14.3.rel1.win32_1.0.100.202602081740/tools/bin/../lib/gcc/arm-none-eabi/14.3.1/../../../../arm-none-eabi/lib/thumb/v7-m/nofp\libnosys.a
END GROUP
LOAD D:/soft/ST/STM32CubeIDE_2.2.0/STM32CubeIDE/plugins/com.st.stm32cube.ide.mcu.externaltools.gnu-tools-for-stm32.14.3.rel1.win32_1.0.100.202602081740/tools/bin/../lib/gcc/arm-none-eabi/14.3.1/thumb/v7-m/nofp/crtend.o
LOAD D:/soft/ST/STM32CubeIDE_2.2.0/STM32CubeIDE/plugins/com.st.stm32cube.ide.mcu.externaltools.gnu-tools-for-stm32.14.3.rel1.win32_1.0.100.202602081740/tools/bin/../lib/gcc/arm-none-eabi/14.3.1/thumb/v7-m/nofp/crtn.o
                0x20005000                        _estack = (ORIGIN (RAM) + LENGTH (RAM))
                0x00000200                        _Min_Heap_Size = 0x200
                0x00000400                        _Min_Stack_Size = 0x400

.isr_vector     0x08000000      0x10c
                0x08000000                        . = ALIGN (0x4)
 *(.isr_vector)
 .isr_vector    0x08000000      0x10c ./Core/Startup/startup_stm32f103rbtx.o
                0x08000000                g_pfnVectors
                0x0800010c                        . = ALIGN (0x4)

.text           0x08000110     0xa9c4
                0x08000110                        . = ALIGN (0x4)
 *(.text)
 .text          0x08000110       0x40 D:/soft/ST/STM32CubeIDE_2.2.0/STM32CubeIDE/plugins/com.st.stm32cube.ide.mcu.externaltools.gnu-tools-for-stm32.14.3.rel1.win32_1.0.100.202602081740/tools/bin/../lib/gcc/arm-none-eabi/14.3.1/thumb/v7-m/nofp/crtbegin.o
 .text          0x08000150      0x21c D:/soft/ST/STM32CubeIDE_2.2.0/STM32CubeIDE/plugins/com.st.stm32cube.ide.mcu.externaltools.gnu-tools-for-stm32.14.3.rel1.win32_1.0.100.202602081740/tools/bin/../lib/gcc/arm-none-eabi/14.3.1/thumb/v7-m/nofp\libgcc.a(_arm_addsubsf3.o)
                0x08000150                __aeabi_frsub
                0x08000158                __subsf3
                0x08000158                __aeabi_fsub
                0x0800015c                __aeabi_fadd
                0x0800015c                __addsf3
                0x080002bc                __aeabi_ui2f
                0x080002bc                __floatunsisf
                0x080002c4                __aeabi_i2f
                0x080002c4                __floatsisf
                0x080002e0                __aeabi_ul2f
                0x080002e0                __floatundisf
                0x080002f0                __aeabi_l2f
                0x080002f0                __floatdisf
 .text          0x0800036c      0x2a0 D:/soft/ST/STM32CubeIDE_2.2.0/STM32CubeIDE/plugins/com.st.stm32cube.ide.mcu.externaltools.gnu-tools-for-stm32.14.3.rel1.win32_1.0.100.202602081740/tools/bin/../lib/gcc/arm-none-eabi/14.3.1/thumb/v7-m/nofp\libgcc.a(_arm_muldivsf3.o)
                0x0800036c                __mulsf3
                0x0800036c                __aeabi_fmul
                0x080004d4                __aeabi_fdiv
                0x080004d4                __divsf3
 .text          0x0800060c       0xec D:/soft/ST/STM32CubeIDE_2.2.0/STM32CubeIDE/plugins/com.st.stm32cube.ide.mcu.externaltools.gnu-tools-for-stm32.14.3.rel1.win32_1.0.100.202602081740/tools/bin/../lib/gcc/arm-none-eabi/14.3.1/thumb/v7-m/nofp\libgcc.a(_arm_cmpsf2.o)
                0x0800060c                __gesf2
                0x0800060c                __gtsf2
                0x08000614                __lesf2
                0x08000614                __ltsf2
                0x0800061c                __nesf2
                0x0800061c                __eqsf2
                0x0800061c                __cmpsf2
                0x0800067c                __aeabi_cfrcmple
                0x08000684                __aeabi_cfcmpeq
                0x08000684                __aeabi_cfcmple
                0x08000694                __aeabi_fcmpeq
                0x080006a8                __aeabi_fcmplt
                0x080006bc                __aeabi_fcmple
                0x080006d0                __aeabi_fcmpge
                0x080006e4                __aeabi_fcmpgt
 .text          0x080006f8       0x4c D:/soft/ST/STM32CubeIDE_2.2.0/STM32CubeIDE/plugins/com.st.stm32cube.ide.mcu.externaltools.gnu-tools-for-stm32.14.3.rel1.win32_1.0.100.202602081740/tools/bin/../lib/gcc/arm-none-eabi/14.3.1/thumb/v7-m/nofp\libgcc.a(_arm_fixsfsi.o)
                0x080006f8                __aeabi_f2iz
                0x080006f8                __fixsfsi
 .text          0x08000744       0xa0 D:/soft/ST/STM32CubeIDE_2.2.0/STM32CubeIDE/plugins/com.st.stm32cube.ide.mcu.externaltools.gnu-tools-for-stm32.14.3.rel1.win32_1.0.100.202602081740/tools/bin/../lib/gcc/arm-none-eabi/14.3.1/thumb/v7-m/nofp\libgcc.a(_aeabi_ldivmod.o)
                0x08000744                __aeabi_ldivmod
 .text          0x080007e4       0x28 D:/soft/ST/STM32CubeIDE_2.2.0/STM32CubeIDE/plugins/com.st.stm32cube.ide.mcu.externaltools.gnu-tools-for-stm32.14.3.rel1.win32_1.0.100.202602081740/tools/bin/../lib/gcc/arm-none-eabi/14.3.1/thumb/v7-m/nofp\libgcc.a(_fixsfdi.o)
                0x080007e4                __fixsfdi
                0x080007e4                __aeabi_f2lz
 .text          0x0800080c       0x40 D:/soft/ST/STM32CubeIDE_2.2.0/STM32CubeIDE/plugins/com.st.stm32cube.ide.mcu.externaltools.gnu-tools-for-stm32.14.3.rel1.win32_1.0.100.202602081740/tools/bin/../lib/gcc/arm-none-eabi/14.3.1/thumb/v7-m/nofp\libgcc.a(_fixunssfdi.o)
                0x0800080c                __fixunssfdi
                0x0800080c                __aeabi_f2ulz
 .text          0x0800084c      0x2f4 D:/soft/ST/STM32CubeIDE_2.2.0/STM32CubeIDE/plugins/com.st.stm32cube.ide.mcu.externaltools.gnu-tools-for-stm32.14.3.rel1.win32_1.0.100.202602081740/tools/bin/../lib/gcc/arm-none-eabi/14.3.1/thumb/v7-m/nofp\libgcc.a(_udivmoddi4.o)
                0x0800084c                __udivmoddi4
 .text          0x08000b40      0x254 D:/soft/ST/STM32CubeIDE_2.2.0/STM32CubeIDE/plugins/com.st.stm32cube.ide.mcu.externaltools.gnu-tools-for-stm32.14.3.rel1.win32_1.0.100.202602081740/tools/bin/../lib/gcc/arm-none-eabi/14.3.1/thumb/v7-m/nofp\libgcc.a(_arm_muldf3.o)
                0x08000b40                __muldf3
                0x08000b40                __aeabi_dmul
 .text          0x08000d94        0x4 D:/soft/ST/STM32CubeIDE_2.2.0/STM32CubeIDE/plugins/com.st.stm32cube.ide.mcu.externaltools.gnu-tools-for-stm32.14.3.rel1.win32_1.0.100.202602081740/tools/bin/../lib/gcc/arm-none-eabi/14.3.1/thumb/v7-m/nofp\libgcc.a(_dvmd_tls.o)
                0x08000d94                __aeabi_idiv0
                0x08000d94                __aeabi_ldiv0
 .text          0x08000d98      0x378 D:/soft/ST/STM32CubeIDE_2.2.0/STM32CubeIDE/plugins/com.st.stm32cube.ide.mcu.externaltools.gnu-tools-for-stm32.14.3.rel1.win32_1.0.100.202602081740/tools/bin/../lib/gcc/arm-none-eabi/14.3.1/thumb/v7-m/nofp\libgcc.a(_arm_addsubdf3.o)
                0x08000d98                __aeabi_drsub
                0x08000da0                __aeabi_dsub
                0x08000da0                __subdf3
                0x08000da4                __aeabi_dadd
                0x08000da4                __adddf3
                0x0800101c                __floatunsidf
                0x0800101c                __aeabi_ui2d
                0x0800103c                __floatsidf
                0x0800103c                __aeabi_i2d
                0x08001060                __aeabi_f2d
                0x08001060                __extendsfdf2
                0x080010a4                __floatundidf
                0x080010a4                __aeabi_ul2d
                0x080010b4                __floatdidf
                0x080010b4                __aeabi_l2d
 .text          0x08001110       0x40 D:/soft/ST/STM32CubeIDE_2.2.0/STM32CubeIDE/plugins/com.st.stm32cube.ide.mcu.externaltools.gnu-tools-for-stm32.14.3.rel1.win32_1.0.100.202602081740/tools/bin/../lib/gcc/arm-none-eabi/14.3.1/thumb/v7-m/nofp\libgcc.a(_arm_fixunsdfsi.o)
                0x08001110                __aeabi_d2uiz
                0x08001110                __fixunsdfsi
 *(.text*)
 .text.jiamisuanfa
                0x08001150       0x34 ./Core/Src/afangkaobei.o
                0x08001150                jiamisuanfa
 .text.fangkaobei
                0x08001184      0x1d8 ./Core/Src/afangkaobei.o
                0x08001184                fangkaobei
 .text.SYS_GetTime100us
                0x0800135c       0x2c ./Core/Src/main.o
 .text.SYS_GetTimeMs
                0x08001388       0x1e ./Core/Src/main.o
 *fill*         0x080013a6        0x2 
 .text.main     0x080013a8      0x17c ./Core/Src/main.o
                0x080013a8                main
 .text.SystemClock_Config
                0x08001524       0x82 ./Core/Src/main.o
                0x08001524                SystemClock_Config
 *fill*         0x080015a6        0x2 
 .text.MX_TIM1_Init
                0x080015a8       0xa0 ./Core/Src/main.o
 .text.MX_TIM2_Init
                0x08001648       0xc0 ./Core/Src/main.o
 .text.MX_TIM3_Init
                0x08001708       0xa8 ./Core/Src/main.o
 .text.MX_TIM4_Init
                0x080017b0      0x130 ./Core/Src/main.o
 .text.MX_USART1_UART_Init
                0x080018e0       0x54 ./Core/Src/main.o
 .text.MX_GPIO_Init
                0x08001934       0xd0 ./Core/Src/main.o
 .text.HAL_UART_RxCpltCallback
                0x08001a04       0x44 ./Core/Src/main.o
                0x08001a04                HAL_UART_RxCpltCallback
 .text.HAL_UART_ErrorCallback
                0x08001a48       0x48 ./Core/Src/main.o
                0x08001a48                HAL_UART_ErrorCallback
 .text.Error_Handler
                0x08001a90        0xc ./Core/Src/main.o
                0x08001a90                Error_Handler
 .text.MODBUS_IsSupportedBaud
                0x08001a9c       0x3c ./Core/Src/modbus.o
                0x08001a9c                MODBUS_IsSupportedBaud
 .text.MODBUS_EncodeBaud
                0x08001ad8       0x24 ./Core/Src/modbus.o
                0x08001ad8                MODBUS_EncodeBaud
 .text.MODBUS_DecodeBaud
                0x08001afc       0x2e ./Core/Src/modbus.o
                0x08001afc                MODBUS_DecodeBaud
 .text.MODBUS_GetFrameTimeoutTicks
                0x08001b2a       0x32 ./Core/Src/modbus.o
                0x08001b2a                MODBUS_GetFrameTimeoutTicks
 .text.MODBUS_SyncTargetPosition
                0x08001b5c       0x24 ./Core/Src/modbus.o
                0x08001b5c                MODBUS_SyncTargetPosition
 .text.MODBUS_ApplyBaudRate
                0x08001b80       0x8c ./Core/Src/modbus.o
                0x08001b80                MODBUS_ApplyBaudRate
 .text.MODBUS_CalcCRC
                0x08001c0c       0x54 ./Core/Src/modbus.o
 .text.MODBUS_Init
                0x08001c60       0xb8 ./Core/Src/modbus.o
                0x08001c60                MODBUS_Init
 .text.MODBUS_OnByteReceived
                0x08001d18       0x4c ./Core/Src/modbus.o
                0x08001d18                MODBUS_OnByteReceived
 .text.MODBUS_OnTimeoutTick
                0x08001d64       0xc4 ./Core/Src/modbus.o
                0x08001d64                MODBUS_OnTimeoutTick
 .text.MODBUS_SendResponse
                0x08001e28       0xb8 ./Core/Src/modbus.o
                0x08001e28                MODBUS_SendResponse
 .text.MODBUS_SendException
                0x08001ee0       0x3c ./Core/Src/modbus.o
 .text.MODBUS_ReadRegister
                0x08001f1c      0x7c8 ./Core/Src/modbus.o
 .text.MODBUS_ApplyTarget
                0x080026e4       0x80 ./Core/Src/modbus.o
 .text.MODBUS_ApplyMode
                0x08002764       0x80 ./Core/Src/modbus.o
 .text.MODBUS_WriteRegister
                0x080027e4      0xf94 ./Core/Src/modbus.o
 .text.MODBUS_ProcessReadHoldingRegs
                0x08003778      0x1d6 ./Core/Src/modbus.o
 .text.MODBUS_ProcessWriteSingleReg
                0x0800394e       0x80 ./Core/Src/modbus.o
 *fill*         0x080039ce        0x2 
 .text.MODBUS_ProcessWriteMultipleRegs
                0x080039d0      0x13c ./Core/Src/modbus.o
 .text.MODBUS_Process
                0x08003b0c      0x228 ./Core/Src/modbus.o
                0x08003b0c                MODBUS_Process
 .text.float_to_u32
                0x08003d34       0x18 ./Core/Src/motor_control.o
 .text.u32_to_float
                0x08003d4c       0x18 ./Core/Src/motor_control.o
 .text.MotorControl_LoadConfig
                0x08003d64      0x478 ./Core/Src/motor_control.o
                0x08003d64                MotorControl_LoadConfig
 *fill*         0x080041dc        0x4 
 .text.MotorControl_SaveConfig
                0x080041e0      0x5d8 ./Core/Src/motor_control.o
                0x080041e0                MotorControl_SaveConfig
 .text.abs64    0x080047b8       0x2a ./Core/Src/motor_control.o
 .text.clampf   0x080047e2       0x3a ./Core/Src/motor_control.o
 .text.MotorControl_UpdateSpeedRamp
                0x0800481c       0x90 ./Core/Src/motor_control.o
 .text.ReadHomeSwitch
                0x080048ac       0x9c ./Core/Src/motor_control.o
 .text.MotorControl_GetPWM
                0x08004948       0x18 ./Core/Src/motor_control.o
                0x08004948                MotorControl_GetPWM
 .text.MotorControl_Init
                0x08004960      0x2d4 ./Core/Src/motor_control.o
                0x08004960                MotorControl_Init
 .text.MotorControl_ClearMotionState
                0x08004c34       0xb4 ./Core/Src/motor_control.o
 .text.MotorControl_FinishHoming
                0x08004ce8       0x48 ./Core/Src/motor_control.o
 .text.MotorControl_StartHoming
                0x08004d30      0x208 ./Core/Src/motor_control.o
                0x08004d30                MotorControl_StartHoming
 .text.MotorControl_IsHoming
                0x08004f38       0x20 ./Core/Src/motor_control.o
                0x08004f38                MotorControl_IsHoming
 .text.MotorControl_HomingFailed
                0x08004f58       0x14 ./Core/Src/motor_control.o
                0x08004f58                MotorControl_HomingFailed
 .text.MotorControl_SetTarget
                0x08004f6c       0x32 ./Core/Src/motor_control.o
                0x08004f6c                MotorControl_SetTarget
 .text.MotorControl_SetSpeed
                0x08004f9e       0x1a ./Core/Src/motor_control.o
                0x08004f9e                MotorControl_SetSpeed
 .text.MotorControl_SetMode
                0x08004fb8       0xb8 ./Core/Src/motor_control.o
                0x08004fb8                MotorControl_SetMode
 .text.MotorControl_SetDirection
                0x08005070       0x1c ./Core/Src/motor_control.o
                0x08005070                MotorControl_SetDirection
 .text.MotorControl_SetEncoderDirection
                0x0800508c       0x1c ./Core/Src/motor_control.o
                0x0800508c                MotorControl_SetEncoderDirection
 .text.MotorControl_SetPosPID
                0x080050a8       0x3c ./Core/Src/motor_control.o
                0x080050a8                MotorControl_SetPosPID
 .text.MotorControl_SetSpdPID
                0x080050e4       0x3c ./Core/Src/motor_control.o
                0x080050e4                MotorControl_SetSpdPID
 .text.MotorControl_SetMaxRunSpeed
                0x08005120       0x4c ./Core/Src/motor_control.o
                0x08005120                MotorControl_SetMaxRunSpeed
 .text.MotorControl_SetOrigin
                0x0800516c       0xb8 ./Core/Src/motor_control.o
                0x0800516c                MotorControl_SetOrigin
 .text.MotorControl_ApplyLimitSwitches
                0x08005224       0xe8 ./Core/Src/motor_control.o
 .text.MotorControl_Update
                0x0800530c     0x1594 ./Core/Src/motor_control.o
                0x0800530c                MotorControl_Update
 .text.MotorControl_GetMode
                0x080068a0       0x18 ./Core/Src/motor_control.o
                0x080068a0                MotorControl_GetMode
 .text.Motor_Start
                0x080068b8       0xa4 ./Core/Src/motor_control.o
                0x080068b8                Motor_Start
 .text.Motor_SetPWM
                0x0800695c       0x80 ./Core/Src/motor_control.o
                0x0800695c                Motor_SetPWM
 .text.Encoder_OverflowHandler
                0x080069dc       0x38 ./Core/Src/motor_control.o
                0x080069dc                Encoder_OverflowHandler
 .text.Encoder_GetCount
                0x08006a14       0xac ./Core/Src/motor_control.o
                0x08006a14                Encoder_GetCount
 .text.Encoder_GetSpeed
                0x08006ac0       0x3c ./Core/Src/motor_control.o
                0x08006ac0                Encoder_GetSpeed
 .text.Encoder_Reset
                0x08006afc       0x34 ./Core/Src/motor_control.o
                0x08006afc                Encoder_Reset
 .text.MotorControl_ProcessInputs
                0x08006b30       0x14 ./Core/Src/motor_control.o
                0x08006b30                MotorControl_ProcessInputs
 .text.MotorControl_ApplyTim2Arr
                0x08006b44       0x50 ./Core/Src/motor_control.o
                0x08006b44                MotorControl_ApplyTim2Arr
 .text.MotorControl_UpdateIrqPriority
                0x08006b94       0x6c ./Core/Src/motor_control.o
                0x08006b94                MotorControl_UpdateIrqPriority
 .text.MotorControl_PulseTick10us
                0x08006c00      0x120 ./Core/Src/motor_control.o
                0x08006c00                MotorControl_PulseTick10us
 .text.MotorControl_TimerTick100us
                0x08006d20      0x208 ./Core/Src/motor_control.o
                0x08006d20                MotorControl_TimerTick100us
 .text.MotorControl_IsStallTripped
                0x08006f28       0x28 ./Core/Src/motor_control.o
                0x08006f28                MotorControl_IsStallTripped
 .text.MotorControl_ResetStall
                0x08006f50       0x46 ./Core/Src/motor_control.o
                0x08006f50                MotorControl_ResetStall
 *fill*         0x08006f96        0x2 
 .text.HAL_MspInit
                0x08006f98       0x64 ./Core/Src/stm32f1xx_hal_msp.o
                0x08006f98                HAL_MspInit
 .text.HAL_TIM_Base_MspInit
                0x08006ffc       0xa8 ./Core/Src/stm32f1xx_hal_msp.o
                0x08006ffc                HAL_TIM_Base_MspInit
 .text.HAL_TIM_Encoder_MspInit
                0x080070a4       0x8c ./Core/Src/stm32f1xx_hal_msp.o
                0x080070a4                HAL_TIM_Encoder_MspInit
 .text.HAL_TIM_MspPostInit
                0x08007130       0x68 ./Core/Src/stm32f1xx_hal_msp.o
                0x08007130                HAL_TIM_MspPostInit
 .text.HAL_UART_MspInit
                0x08007198       0xa8 ./Core/Src/stm32f1xx_hal_msp.o
                0x08007198                HAL_UART_MspInit
 .text.HAL_UART_MspDeInit
                0x08007240       0x44 ./Core/Src/stm32f1xx_hal_msp.o
                0x08007240                HAL_UART_MspDeInit
 .text.NMI_Handler
                0x08007284        0x8 ./Core/Src/stm32f1xx_it.o
                0x08007284                NMI_Handler
 .text.HardFault_Handler
                0x0800728c        0x8 ./Core/Src/stm32f1xx_it.o
                0x0800728c                HardFault_Handler
 .text.MemManage_Handler
                0x08007294        0x8 ./Core/Src/stm32f1xx_it.o
                0x08007294                MemManage_Handler
 .text.BusFault_Handler
                0x0800729c        0x8 ./Core/Src/stm32f1xx_it.o
                0x0800729c                BusFault_Handler
 .text.UsageFault_Handler
                0x080072a4        0x8 ./Core/Src/stm32f1xx_it.o
                0x080072a4                UsageFault_Handler
 .text.SVC_Handler
                0x080072ac        0xc ./Core/Src/stm32f1xx_it.o
                0x080072ac                SVC_Handler
 .text.DebugMon_Handler
                0x080072b8        0xc ./Core/Src/stm32f1xx_it.o
                0x080072b8                DebugMon_Handler
 .text.PendSV_Handler
                0x080072c4        0xc ./Core/Src/stm32f1xx_it.o
                0x080072c4                PendSV_Handler
 .text.SysTick_Handler
                0x080072d0        0xc ./Core/Src/stm32f1xx_it.o
                0x080072d0                SysTick_Handler
 .text.TIM1_UP_IRQHandler
                0x080072dc       0x50 ./Core/Src/stm32f1xx_it.o
                0x080072dc                TIM1_UP_IRQHandler
 .text.TIM2_IRQHandler
                0x0800732c       0x30 ./Core/Src/stm32f1xx_it.o
                0x0800732c                TIM2_IRQHandler
 .text.TIM3_IRQHandler
                0x0800735c       0x30 ./Core/Src/stm32f1xx_it.o
                0x0800735c                TIM3_IRQHandler
 .text.USART1_IRQHandler
                0x0800738c       0x6c ./Core/Src/stm32f1xx_it.o
                0x0800738c                USART1_IRQHandler
 .text.SystemInit
                0x080073f8        0xc ./Core/Src/system_stm32f1xx.o
                0x080073f8                SystemInit
 .text.Reset_Handler
                0x08007404       0x48 ./Core/Startup/startup_stm32f103rbtx.o
                0x08007404                Reset_Handler
 .text.Default_Handler
                0x0800744c        0x2 ./Core/Startup/startup_stm32f103rbtx.o
                0x0800744c                RTC_Alarm_IRQHandler
                0x0800744c                EXTI2_IRQHandler
                0x0800744c                TIM1_CC_IRQHandler
                0x0800744c                PVD_IRQHandler
                0x0800744c                EXTI3_IRQHandler
                0x0800744c                EXTI0_IRQHandler
                0x0800744c                I2C2_EV_IRQHandler
                0x0800744c                ADC1_2_IRQHandler
                0x0800744c                SPI1_IRQHandler
                0x0800744c                TAMPER_IRQHandler
                0x0800744c                DMA1_Channel4_IRQHandler
                0x0800744c                USART3_IRQHandler
                0x0800744c                RTC_IRQHandler
                0x0800744c                DMA1_Channel7_IRQHandler
                0x0800744c                CAN1_RX1_IRQHandler
                0x0800744c                TIM4_IRQHandler
                0x0800744c                I2C1_EV_IRQHandler
                0x0800744c                DMA1_Channel6_IRQHandler
                0x0800744c                RCC_IRQHandler
                0x0800744c                TIM1_TRG_COM_IRQHandler
                0x0800744c                DMA1_Channel1_IRQHandler
                0x0800744c                Default_Handler
                0x0800744c                EXTI15_10_IRQHandler
                0x0800744c                EXTI9_5_IRQHandler
                0x0800744c                SPI2_IRQHandler
                0x0800744c                DMA1_Channel5_IRQHandler
                0x0800744c                EXTI4_IRQHandler
                0x0800744c                USB_LP_CAN1_RX0_IRQHandler
                0x0800744c                USB_HP_CAN1_TX_IRQHandler
                0x0800744c                DMA1_Channel3_IRQHandler
                0x0800744c                WWDG_IRQHandler
                0x0800744c                TIM1_BRK_IRQHandler
                0x0800744c                EXTI1_IRQHandler
                0x0800744c                USART2_IRQHandler
                0x0800744c                I2C2_ER_IRQHandler
                0x0800744c                DMA1_Channel2_IRQHandler
                0x0800744c                CAN1_SCE_IRQHandler
                0x0800744c                FLASH_IRQHandler
                0x0800744c                I2C1_ER_IRQHandler
                0x0800744c                USBWakeUp_IRQHandler
 *fill*         0x0800744e        0x2 
 .text.HAL_Init
                0x08007450       0x2c ./Drivers/STM32F1xx_HAL_Driver/Src/stm32f1xx_hal.o
                0x08007450                HAL_Init
 .text.HAL_InitTick
                0x0800747c       0x60 ./Drivers/STM32F1xx_HAL_Driver/Src/stm32f1xx_hal.o
                0x0800747c                HAL_InitTick
 .text.HAL_IncTick
                0x080074dc       0x24 ./Drivers/STM32F1xx_HAL_Driver/Src/stm32f1xx_hal.o
                0x080074dc                HAL_IncTick
 .text.HAL_GetTick
                0x08007500       0x14 ./Drivers/STM32F1xx_HAL_Driver/Src/stm32f1xx_hal.o
                0x08007500                HAL_GetTick
 .text.HAL_Delay
                0x08007514       0x48 ./Drivers/STM32F1xx_HAL_Driver/Src/stm32f1xx_hal.o
                0x08007514                HAL_Delay
 .text.__NVIC_SetPriorityGrouping
                0x0800755c       0x48 ./Drivers/STM32F1xx_HAL_Driver/Src/stm32f1xx_hal_cortex.o
 .text.__NVIC_GetPriorityGrouping
                0x080075a4       0x1c ./Drivers/STM32F1xx_HAL_Driver/Src/stm32f1xx_hal_cortex.o
 .text.__NVIC_EnableIRQ
                0x080075c0       0x38 ./Drivers/STM32F1xx_HAL_Driver/Src/stm32f1xx_hal_cortex.o
 .text.__NVIC_DisableIRQ
                0x080075f8       0x48 ./Drivers/STM32F1xx_HAL_Driver/Src/stm32f1xx_hal_cortex.o
 .text.__NVIC_SetPriority
                0x08007640       0x54 ./Drivers/STM32F1xx_HAL_Driver/Src/stm32f1xx_hal_cortex.o
 .text.NVIC_EncodePriority
                0x08007694       0x64 ./Drivers/STM32F1xx_HAL_Driver/Src/stm32f1xx_hal_cortex.o
 .text.SysTick_Config
                0x080076f8       0x44 ./Drivers/STM32F1xx_HAL_Driver/Src/stm32f1xx_hal_cortex.o
 .text.HAL_NVIC_SetPriorityGrouping
                0x0800773c       0x16 ./Drivers/STM32F1xx_HAL_Driver/Src/stm32f1xx_hal_cortex.o
                0x0800773c                HAL_NVIC_SetPriorityGrouping
 .text.HAL_NVIC_SetPriority
                0x08007752       0x38 ./Drivers/STM32F1xx_HAL_Driver/Src/stm32f1xx_hal_cortex.o
                0x08007752                HAL_NVIC_SetPriority
 .text.HAL_NVIC_EnableIRQ
                0x0800778a       0x1c ./Drivers/STM32F1xx_HAL_Driver/Src/stm32f1xx_hal_cortex.o
                0x0800778a                HAL_NVIC_EnableIRQ
 .text.HAL_NVIC_DisableIRQ
                0x080077a6       0x1c ./Drivers/STM32F1xx_HAL_Driver/Src/stm32f1xx_hal_cortex.o
                0x080077a6                HAL_NVIC_DisableIRQ
 .text.HAL_SYSTICK_Config
                0x080077c2       0x18 ./Drivers/STM32F1xx_HAL_Driver/Src/stm32f1xx_hal_cortex.o
                0x080077c2                HAL_SYSTICK_Config
 .text.HAL_DMA_Abort
                0x080077da       0x76 ./Drivers/STM32F1xx_HAL_Driver/Src/stm32f1xx_hal_dma.o
                0x080077da                HAL_DMA_Abort
 .text.HAL_DMA_Abort_IT
                0x08007850       0xf0 ./Drivers/STM32F1xx_HAL_Driver/Src/stm32f1xx_hal_dma.o
                0x08007850                HAL_DMA_Abort_IT
 .text.HAL_DMA_GetError
                0x08007940       0x16 ./Drivers/STM32F1xx_HAL_Driver/Src/stm32f1xx_hal_dma.o
                0x08007940                HAL_DMA_GetError
 *fill*         0x08007956        0x2 
 .text.HAL_FLASH_Program
                0x08007958       0xe0 ./Drivers/STM32F1xx_HAL_Driver/Src/stm32f1xx_hal_flash.o
                0x08007958                HAL_FLASH_Program
 .text.HAL_FLASH_Unlock
                0x08007a38       0x4c ./Drivers/STM32F1xx_HAL_Driver/Src/stm32f1xx_hal_flash.o
                0x08007a38                HAL_FLASH_Unlock
 .text.HAL_FLASH_Lock
                0x08007a84       0x20 ./Drivers/STM32F1xx_HAL_Driver/Src/stm32f1xx_hal_flash.o
                0x08007a84                HAL_FLASH_Lock
 .text.FLASH_Program_HalfWord
                0x08007aa4       0x38 ./Drivers/STM32F1xx_HAL_Driver/Src/stm32f1xx_hal_flash.o
 .text.FLASH_WaitForLastOperation
                0x08007adc       0x8c ./Drivers/STM32F1xx_HAL_Driver/Src/stm32f1xx_hal_flash.o
                0x08007adc                FLASH_WaitForLastOperation
 .text.FLASH_SetErrorCode
                0x08007b68       0xa0 ./Drivers/STM32F1xx_HAL_Driver/Src/stm32f1xx_hal_flash.o
 .text.HAL_FLASHEx_Erase
                0x08007c08       0xd8 ./Drivers/STM32F1xx_HAL_Driver/Src/stm32f1xx_hal_flash_ex.o
                0x08007c08                HAL_FLASHEx_Erase
 .text.FLASH_MassErase
                0x08007ce0       0x38 ./Drivers/STM32F1xx_HAL_Driver/Src/stm32f1xx_hal_flash_ex.o
 .text.FLASH_PageErase
                0x08007d18       0x40 ./Drivers/STM32F1xx_HAL_Driver/Src/stm32f1xx_hal_flash_ex.o
                0x08007d18                FLASH_PageErase
 .text.HAL_GPIO_Init
                0x08007d58      0x308 ./Drivers/STM32F1xx_HAL_Driver/Src/stm32f1xx_hal_gpio.o
                0x08007d58                HAL_GPIO_Init
 .text.HAL_GPIO_DeInit
                0x08008060      0x178 ./Drivers/STM32F1xx_HAL_Driver/Src/stm32f1xx_hal_gpio.o
                0x08008060                HAL_GPIO_DeInit
 .text.HAL_GPIO_ReadPin
                0x080081d8       0x2e ./Drivers/STM32F1xx_HAL_Driver/Src/stm32f1xx_hal_gpio.o
                0x080081d8                HAL_GPIO_ReadPin
 .text.HAL_GPIO_WritePin
                0x08008206       0x30 ./Drivers/STM32F1xx_HAL_Driver/Src/stm32f1xx_hal_gpio.o
                0x08008206                HAL_GPIO_WritePin
 *fill*         0x08008236        0x2 
 .text.HAL_RCC_OscConfig
                0x08008238      0x504 ./Drivers/STM32F1xx_HAL_Driver/Src/stm32f1xx_hal_rcc.o
                0x08008238                HAL_RCC_OscConfig
 .text.HAL_RCC_ClockConfig
                0x0800873c      0x1d4 ./Drivers/STM32F1xx_HAL_Driver/Src/stm32f1xx_hal_rcc.o
                0x0800873c                HAL_RCC_ClockConfig
 .text.HAL_RCC_GetSysClockFreq
                0x08008910       0xa8 ./Drivers/STM32F1xx_HAL_Driver/Src/stm32f1xx_hal_rcc.o
                0x08008910                HAL_RCC_GetSysClockFreq
 .text.HAL_RCC_GetHCLKFreq
                0x080089b8       0x14 ./Drivers/STM32F1xx_HAL_Driver/Src/stm32f1xx_hal_rcc.o
                0x080089b8                HAL_RCC_GetHCLKFreq
 .text.HAL_RCC_GetPCLK1Freq
                0x080089cc       0x28 ./Drivers/STM32F1xx_HAL_Driver/Src/stm32f1xx_hal_rcc.o
                0x080089cc                HAL_RCC_GetPCLK1Freq
 .text.HAL_RCC_GetPCLK2Freq
                0x080089f4       0x28 ./Drivers/STM32F1xx_HAL_Driver/Src/stm32f1xx_hal_rcc.o
                0x080089f4                HAL_RCC_GetPCLK2Freq
 .text.RCC_Delay
                0x08008a1c       0x3c ./Drivers/STM32F1xx_HAL_Driver/Src/stm32f1xx_hal_rcc.o
 .text.HAL_TIM_Base_Init
                0x08008a58       0x9e ./Drivers/STM32F1xx_HAL_Driver/Src/stm32f1xx_hal_tim.o
                0x08008a58                HAL_TIM_Base_Init
 *fill*         0x08008af6        0x2 
 .text.HAL_TIM_Base_Start_IT
                0x08008af8       0xa4 ./Drivers/STM32F1xx_HAL_Driver/Src/stm32f1xx_hal_tim.o
                0x08008af8                HAL_TIM_Base_Start_IT
 .text.HAL_TIM_Base_Stop_IT
                0x08008b9c       0x5c ./Drivers/STM32F1xx_HAL_Driver/Src/stm32f1xx_hal_tim.o
                0x08008b9c                HAL_TIM_Base_Stop_IT
 .text.HAL_TIM_PWM_Init
                0x08008bf8       0x9e ./Drivers/STM32F1xx_HAL_Driver/Src/stm32f1xx_hal_tim.o
                0x08008bf8                HAL_TIM_PWM_Init
 .text.HAL_TIM_PWM_MspInit
                0x08008c96       0x12 ./Drivers/STM32F1xx_HAL_Driver/Src/stm32f1xx_hal_tim.o
                0x08008c96                HAL_TIM_PWM_MspInit
 .text.HAL_TIM_PWM_Start
                0x08008ca8      0x144 ./Drivers/STM32F1xx_HAL_Driver/Src/stm32f1xx_hal_tim.o
                0x08008ca8                HAL_TIM_PWM_Start
 .text.HAL_TIM_Encoder_Init
                0x08008dec      0x144 ./Drivers/STM32F1xx_HAL_Driver/Src/stm32f1xx_hal_tim.o
                0x08008dec                HAL_TIM_Encoder_Init
 .text.HAL_TIM_Encoder_Start
                0x08008f30      0x11c ./Drivers/STM32F1xx_HAL_Driver/Src/stm32f1xx_hal_tim.o
                0x08008f30                HAL_TIM_Encoder_Start
 .text.HAL_TIM_IRQHandler
                0x0800904c      0x1e0 ./Drivers/STM32F1xx_HAL_Driver/Src/stm32f1xx_hal_tim.o
                0x0800904c                HAL_TIM_IRQHandler
 .text.HAL_TIM_PWM_ConfigChannel
                0x0800922c      0x184 ./Drivers/STM32F1xx_HAL_Driver/Src/stm32f1xx_hal_tim.o
                0x0800922c                HAL_TIM_PWM_ConfigChannel
 .text.HAL_TIM_ConfigClockSource
                0x080093b0      0x18e ./Drivers/STM32F1xx_HAL_Driver/Src/stm32f1xx_hal_tim.o
                0x080093b0                HAL_TIM_ConfigClockSource
 .text.HAL_TIM_PeriodElapsedCallback
                0x0800953e       0x12 ./Drivers/STM32F1xx_HAL_Driver/Src/stm32f1xx_hal_tim.o
                0x0800953e                HAL_TIM_PeriodElapsedCallback
 .text.HAL_TIM_OC_DelayElapsedCallback
                0x08009550       0x12 ./Drivers/STM32F1xx_HAL_Driver/Src/stm32f1xx_hal_tim.o
                0x08009550                HAL_TIM_OC_DelayElapsedCallback
 .text.HAL_TIM_IC_CaptureCallback
                0x08009562       0x12 ./Drivers/STM32F1xx_HAL_Driver/Src/stm32f1xx_hal_tim.o
                0x08009562                HAL_TIM_IC_CaptureCallback
 .text.HAL_TIM_PWM_PulseFinishedCallback
                0x08009574       0x12 ./Drivers/STM32F1xx_HAL_Driver/Src/stm32f1xx_hal_tim.o
                0x08009574                HAL_TIM_PWM_PulseFinishedCallback
 .text.HAL_TIM_TriggerCallback
                0x08009586       0x12 ./Drivers/STM32F1xx_HAL_Driver/Src/stm32f1xx_hal_tim.o
                0x08009586                HAL_TIM_TriggerCallback
 .text.TIM_Base_SetConfig
                0x08009598       0xdc ./Drivers/STM32F1xx_HAL_Driver/Src/stm32f1xx_hal_tim.o
                0x08009598                TIM_Base_SetConfig
 .text.TIM_OC1_SetConfig
                0x08009674       0xcc ./Drivers/STM32F1xx_HAL_Driver/Src/stm32f1xx_hal_tim.o
 .text.TIM_OC2_SetConfig
                0x08009740       0xd4 ./Drivers/STM32F1xx_HAL_Driver/Src/stm32f1xx_hal_tim.o
                0x08009740                TIM_OC2_SetConfig
 .text.TIM_OC3_SetConfig
                0x08009814       0xd4 ./Drivers/STM32F1xx_HAL_Driver/Src/stm32f1xx_hal_tim.o
 .text.TIM_OC4_SetConfig
                0x080098e8       0x9c ./Drivers/STM32F1xx_HAL_Driver/Src/stm32f1xx_hal_tim.o
 .text.TIM_TI1_ConfigInputStage
                0x08009984       0x5c ./Drivers/STM32F1xx_HAL_Driver/Src/stm32f1xx_hal_tim.o
 .text.TIM_TI2_ConfigInputStage
                0x080099e0       0x5e ./Drivers/STM32F1xx_HAL_Driver/Src/stm32f1xx_hal_tim.o
 .text.TIM_ITRx_SetConfig
                0x08009a3e       0x34 ./Drivers/STM32F1xx_HAL_Driver/Src/stm32f1xx_hal_tim.o
 .text.TIM_ETR_SetConfig
                0x08009a72       0x3e ./Drivers/STM32F1xx_HAL_Driver/Src/stm32f1xx_hal_tim.o
                0x08009a72                TIM_ETR_SetConfig
 .text.TIM_CCxChannelCmd
                0x08009ab0       0x48 ./Drivers/STM32F1xx_HAL_Driver/Src/stm32f1xx_hal_tim.o
                0x08009ab0                TIM_CCxChannelCmd
 .text.HAL_TIMEx_MasterConfigSynchronization
                0x08009af8       0xbc ./Drivers/STM32F1xx_HAL_Driver/Src/stm32f1xx_hal_tim_ex.o
                0x08009af8                HAL_TIMEx_MasterConfigSynchronization
 .text.HAL_TIMEx_CommutCallback
                0x08009bb4       0x12 ./Drivers/STM32F1xx_HAL_Driver/Src/stm32f1xx_hal_tim_ex.o
                0x08009bb4                HAL_TIMEx_CommutCallback
 .text.HAL_TIMEx_BreakCallback
                0x08009bc6       0x12 ./Drivers/STM32F1xx_HAL_Driver/Src/stm32f1xx_hal_tim_ex.o
                0x08009bc6                HAL_TIMEx_BreakCallback
 .text.HAL_UART_Init
                0x08009bd8       0xa0 ./Drivers/STM32F1xx_HAL_Driver/Src/stm32f1xx_hal_uart.o
                0x08009bd8                HAL_UART_Init
 .text.HAL_UART_DeInit
                0x08009c78       0x64 ./Drivers/STM32F1xx_HAL_Driver/Src/stm32f1xx_hal_uart.o
                0x08009c78                HAL_UART_DeInit
 .text.HAL_UART_Transmit
                0x08009cdc      0x116 ./Drivers/STM32F1xx_HAL_Driver/Src/stm32f1xx_hal_uart.o
                0x08009cdc                HAL_UART_Transmit
 .text.HAL_UART_Receive_IT
                0x08009df2       0x4a ./Drivers/STM32F1xx_HAL_Driver/Src/stm32f1xx_hal_uart.o
                0x08009df2                HAL_UART_Receive_IT
 .text.HAL_UART_AbortReceive
                0x08009e3c      0x146 ./Drivers/STM32F1xx_HAL_Driver/Src/stm32f1xx_hal_uart.o
                0x08009e3c                HAL_UART_AbortReceive
 *fill*         0x08009f82        0x2 
 .text.HAL_UART_IRQHandler
                0x08009f84      0x524 ./Drivers/STM32F1xx_HAL_Driver/Src/stm32f1xx_hal_uart.o
                0x08009f84                HAL_UART_IRQHandler
 .text.HAL_UART_TxCpltCallback
                0x0800a4a8       0x12 ./Drivers/STM32F1xx_HAL_Driver/Src/stm32f1xx_hal_uart.o
                0x0800a4a8                HAL_UART_TxCpltCallback
 .text.HAL_UARTEx_RxEventCallback
                0x0800a4ba       0x16 ./Drivers/STM32F1xx_HAL_Driver/Src/stm32f1xx_hal_uart.o
                0x0800a4ba                HAL_UARTEx_RxEventCallback
 .text.UART_WaitOnFlagUntilTimeout
                0x0800a4d0       0xb2 ./Drivers/STM32F1xx_HAL_Driver/Src/stm32f1xx_hal_uart.o
 .text.UART_Start_Receive_IT
                0x0800a582       0x72 ./Drivers/STM32F1xx_HAL_Driver/Src/stm32f1xx_hal_uart.o
                0x0800a582                UART_Start_Receive_IT
 .text.UART_EndRxTransfer
                0x0800a5f4       0xc4 ./Drivers/STM32F1xx_HAL_Driver/Src/stm32f1xx_hal_uart.o
 .text.UART_DMAAbortOnError
                0x0800a6b8       0x28 ./Drivers/STM32F1xx_HAL_Driver/Src/stm32f1xx_hal_uart.o
 .text.UART_Transmit_IT
                0x0800a6e0       0x9e ./Drivers/STM32F1xx_HAL_Driver/Src/stm32f1xx_hal_uart.o
 .text.UART_EndTransmit_IT
                0x0800a77e       0x30 ./Drivers/STM32F1xx_HAL_Driver/Src/stm32f1xx_hal_uart.o
 .text.UART_Receive_IT
                0x0800a7ae      0x17c ./Drivers/STM32F1xx_HAL_Driver/Src/stm32f1xx_hal_uart.o
 *fill*         0x0800a92a        0x2 
 .text.UART_SetConfig
                0x0800a92c      0x11c ./Drivers/STM32F1xx_HAL_Driver/Src/stm32f1xx_hal_uart.o
 .text.memset   0x0800aa48       0x10 D:/soft/ST/STM32CubeIDE_2.2.0/STM32CubeIDE/plugins/com.st.stm32cube.ide.mcu.externaltools.gnu-tools-for-stm32.14.3.rel1.win32_1.0.100.202602081740/tools/bin/../lib/gcc/arm-none-eabi/14.3.1/../../../../arm-none-eabi/lib/thumb/v7-m/nofp\libc_nano.a(libc_a-memset.o)
                0x0800aa48                memset
 .text.__libc_init_array
                0x0800aa58       0x48 D:/soft/ST/STM32CubeIDE_2.2.0/STM32CubeIDE/plugins/com.st.stm32cube.ide.mcu.externaltools.gnu-tools-for-stm32.14.3.rel1.win32_1.0.100.202602081740/tools/bin/../lib/gcc/arm-none-eabi/14.3.1/../../../../arm-none-eabi/lib/thumb/v7-m/nofp\libc_nano.a(libc_a-init.o)
                0x0800aa58                __libc_init_array
 .text.memcpy   0x0800aaa0       0x1c D:/soft/ST/STM32CubeIDE_2.2.0/STM32CubeIDE/plugins/com.st.stm32cube.ide.mcu.externaltools.gnu-tools-for-stm32.14.3.rel1.win32_1.0.100.202602081740/tools/bin/../lib/gcc/arm-none-eabi/14.3.1/../../../../arm-none-eabi/lib/thumb/v7-m/nofp\libc_nano.a(libc_a-memcpy-stub.o)
                0x0800aaa0                memcpy
 *(.glue_7)
 .glue_7        0x0800aabc        0x0 linker stubs
 *(.glue_7t)
 .glue_7t       0x0800aabc        0x0 linker stubs
 *(.eh_frame)
 .eh_frame      0x0800aabc        0x0 D:/soft/ST/STM32CubeIDE_2.2.0/STM32CubeIDE/plugins/com.st.stm32cube.ide.mcu.externaltools.gnu-tools-for-stm32.14.3.rel1.win32_1.0.100.202602081740/tools/bin/../lib/gcc/arm-none-eabi/14.3.1/thumb/v7-m/nofp/crtbegin.o
 *(.init)
 .init          0x0800aabc        0x4 D:/soft/ST/STM32CubeIDE_2.2.0/STM32CubeIDE/plugins/com.st.stm32cube.ide.mcu.externaltools.gnu-tools-for-stm32.14.3.rel1.win32_1.0.100.202602081740/tools/bin/../lib/gcc/arm-none-eabi/14.3.1/thumb/v7-m/nofp/crti.o
                0x0800aabc                _init
 .init          0x0800aac0        0x8 D:/soft/ST/STM32CubeIDE_2.2.0/STM32CubeIDE/plugins/com.st.stm32cube.ide.mcu.externaltools.gnu-tools-for-stm32.14.3.rel1.win32_1.0.100.202602081740/tools/bin/../lib/gcc/arm-none-eabi/14.3.1/thumb/v7-m/nofp/crtn.o
 *(.fini)
 .fini          0x0800aac8        0x4 D:/soft/ST/STM32CubeIDE_2.2.0/STM32CubeIDE/plugins/com.st.stm32cube.ide.mcu.externaltools.gnu-tools-for-stm32.14.3.rel1.win32_1.0.100.202602081740/tools/bin/../lib/gcc/arm-none-eabi/14.3.1/thumb/v7-m/nofp/crti.o
                0x0800aac8                _fini
 .fini          0x0800aacc        0x8 D:/soft/ST/STM32CubeIDE_2.2.0/STM32CubeIDE/plugins/com.st.stm32cube.ide.mcu.externaltools.gnu-tools-for-stm32.14.3.rel1.win32_1.0.100.202602081740/tools/bin/../lib/gcc/arm-none-eabi/14.3.1/thumb/v7-m/nofp/crtn.o
                0x0800aad4                        . = ALIGN (0x4)
                0x0800aad4                        _etext = .

.vfp11_veneer   0x0800aad4        0x0
 .vfp11_veneer  0x0800aad4        0x0 linker stubs

.v4_bx          0x0800aad4        0x0
 .v4_bx         0x0800aad4        0x0 linker stubs

.iplt           0x0800aad4        0x0
 .iplt          0x0800aad4        0x0 D:/soft/ST/STM32CubeIDE_2.2.0/STM32CubeIDE/plugins/com.st.stm32cube.ide.mcu.externaltools.gnu-tools-for-stm32.14.3.rel1.win32_1.0.100.202602081740/tools/bin/../lib/gcc/arm-none-eabi/14.3.1/thumb/v7-m/nofp/crtbegin.o

.rodata         0x0800aad4      0x254
                0x0800aad4                        . = ALIGN (0x4)
 *(.rodata)
 *(.rodata*)
 .rodata.zzzz   0x0800aad4       0x14 ./Core/Src/afangkaobei.o
                0x0800aad4                zzzz
 .rodata.supported_baud_rates
                0x0800aae8       0x14 ./Core/Src/modbus.o
 .rodata.crc_table
                0x0800aafc      0x200 ./Core/Src/modbus.o
 .rodata.AHBPrescTable
                0x0800acfc       0x10 ./Core/Src/system_stm32f1xx.o
                0x0800acfc                AHBPrescTable
 .rodata.APBPrescTable
                0x0800ad0c        0x8 ./Core/Src/system_stm32f1xx.o
                0x0800ad0c                APBPrescTable
 .rodata.aPLLMULFactorTable.1
                0x0800ad14       0x10 ./Drivers/STM32F1xx_HAL_Driver/Src/stm32f1xx_hal_rcc.o
 .rodata.aPredivFactorTable.0
                0x0800ad24        0x2 ./Drivers/STM32F1xx_HAL_Driver/Src/stm32f1xx_hal_rcc.o
                0x0800ad28                        . = ALIGN (0x4)
 *fill*         0x0800ad26        0x2 

.ARM.extab      0x0800ad28        0x0
                0x0800ad28                        . = ALIGN (0x4)
 *(.ARM.extab* .gnu.linkonce.armextab.*)
                0x0800ad28                        . = ALIGN (0x4)

.ARM            0x0800ad28        0x8
                0x0800ad28                        . = ALIGN (0x4)
                0x0800ad28                        __exidx_start = .
 *(.ARM.exidx*)
 .ARM.exidx     0x0800ad28        0x8 D:/soft/ST/STM32CubeIDE_2.2.0/STM32CubeIDE/plugins/com.st.stm32cube.ide.mcu.externaltools.gnu-tools-for-stm32.14.3.rel1.win32_1.0.100.202602081740/tools/bin/../lib/gcc/arm-none-eabi/14.3.1/thumb/v7-m/nofp\libgcc.a(_udivmoddi4.o)
                0x0800ad30                        __exidx_end = .
                0x0800ad30                        . = ALIGN (0x4)

.preinit_array  0x0800ad30        0x0
                0x0800ad30                        . = ALIGN (0x4)
                0x0800ad30                        PROVIDE (__preinit_array_start = .)
 *(.preinit_array*)
                0x0800ad30                        PROVIDE (__preinit_array_end = .)
                0x0800ad30                        . = ALIGN (0x4)

.init_array     0x0800ad30        0x4
                0x0800ad30                        . = ALIGN (0x4)
                0x0800ad30                        PROVIDE (__init_array_start = .)
 *(SORT_BY_NAME(.init_array.*))
 *(.init_array*)
 .init_array    0x0800ad30        0x4 D:/soft/ST/STM32CubeIDE_2.2.0/STM32CubeIDE/plugins/com.st.stm32cube.ide.mcu.externaltools.gnu-tools-for-stm32.14.3.rel1.win32_1.0.100.202602081740/tools/bin/../lib/gcc/arm-none-eabi/14.3.1/thumb/v7-m/nofp/crtbegin.o
                0x0800ad34                        PROVIDE (__init_array_end = .)
                0x0800ad34                        . = ALIGN (0x4)

.fini_array     0x0800ad34        0x4
                0x0800ad34                        . = ALIGN (0x4)
                [!provide]                        PROVIDE (__fini_array_start = .)
 *(SORT_BY_NAME(.fini_array.*))
 *(.fini_array*)
 .fini_array    0x0800ad34        0x4 D:/soft/ST/STM32CubeIDE_2.2.0/STM32CubeIDE/plugins/com.st.stm32cube.ide.mcu.externaltools.gnu-tools-for-stm32.14.3.rel1.win32_1.0.100.202602081740/tools/bin/../lib/gcc/arm-none-eabi/14.3.1/thumb/v7-m/nofp/crtbegin.o
                [!provide]                        PROVIDE (__fini_array_end = .)
                0x0800ad38                        . = ALIGN (0x4)
                0x0800ad38                        _sidata = LOADADDR (.data)

.rel.dyn        0x0800ad38        0x0
 .rel.iplt      0x0800ad38        0x0 D:/soft/ST/STM32CubeIDE_2.2.0/STM32CubeIDE/plugins/com.st.stm32cube.ide.mcu.externaltools.gnu-tools-for-stm32.14.3.rel1.win32_1.0.100.202602081740/tools/bin/../lib/gcc/arm-none-eabi/14.3.1/thumb/v7-m/nofp/crtbegin.o

.data           0x20000000       0x24 load address 0x0800ad38
                0x20000000                        . = ALIGN (0x4)
                0x20000000                        _sdata = .
 *(.data)
 *(.data*)
 .data.JIAMIDIZHI1
                0x20000000        0x4 ./Core/Src/afangkaobei.o
                0x20000000                JIAMIDIZHI1
 .data.JIAMIDIZHI2
                0x20000004        0x4 ./Core/Src/afangkaobei.o
                0x20000004                JIAMIDIZHI2
 .data.JIAMIDIZHI3
                0x20000008        0x4 ./Core/Src/afangkaobei.o
                0x20000008                JIAMIDIZHI3
 .data.ASD      0x2000000c        0x4 ./Core/Src/afangkaobei.o
                0x2000000c                ASD
 .data.id1      0x20000010        0x4 ./Core/Src/afangkaobei.o
                0x20000010                id1
 .data.id2      0x20000014        0x4 ./Core/Src/afangkaobei.o
                0x20000014                id2
 .data.SystemCoreClock
                0x20000018        0x4 ./Core/Src/system_stm32f1xx.o
                0x20000018                SystemCoreClock
 .data.uwTickPrio
                0x2000001c        0x4 ./Drivers/STM32F1xx_HAL_Driver/Src/stm32f1xx_hal.o
                0x2000001c                uwTickPrio
 .data.uwTickFreq
                0x20000020        0x1 ./Drivers/STM32F1xx_HAL_Driver/Src/stm32f1xx_hal.o
                0x20000020                uwTickFreq
 *(.RamFunc)
 *(.RamFunc*)
                0x20000024                        . = ALIGN (0x4)
 *fill*         0x20000021        0x3 
                0x20000024                        _edata = .

.igot.plt       0x20000024        0x0 load address 0x0800ad5c
 .igot.plt      0x20000024        0x0 D:/soft/ST/STM32CubeIDE_2.2.0/STM32CubeIDE/plugins/com.st.stm32cube.ide.mcu.externaltools.gnu-tools-for-stm32.14.3.rel1.win32_1.0.100.202602081740/tools/bin/../lib/gcc/arm-none-eabi/14.3.1/thumb/v7-m/nofp/crtbegin.o
                0x20000024                        . = ALIGN (0x4)

.bss            0x20000028     0x2dc0 load address 0x0800ad5c
                0x20000028                        _sbss = .
                0x20000028                        __bss_start__ = _sbss
 *(.bss)
 .bss           0x20000028       0x1c D:/soft/ST/STM32CubeIDE_2.2.0/STM32CubeIDE/plugins/com.st.stm32cube.ide.mcu.externaltools.gnu-tools-for-stm32.14.3.rel1.win32_1.0.100.202602081740/tools/bin/../lib/gcc/arm-none-eabi/14.3.1/thumb/v7-m/nofp/crtbegin.o
 *(.bss*)
 .bss.ChipUniqueID
                0x20000044       0x24 ./Core/Src/afangkaobei.o
                0x20000044                ChipUniqueID
 .bss.ChipUniqueID2
                0x20000068       0x24 ./Core/Src/afangkaobei.o
                0x20000068                ChipUniqueID2
 .bss.htim1     0x2000008c       0x48 ./Core/Src/main.o
                0x2000008c                htim1
 .bss.htim2     0x200000d4       0x48 ./Core/Src/main.o
                0x200000d4                htim2
 .bss.htim3     0x2000011c       0x48 ./Core/Src/main.o
                0x2000011c                htim3
 .bss.htim4     0x20000164       0x48 ./Core/Src/main.o
                0x20000164                htim4
 .bss.huart1    0x200001ac       0x48 ./Core/Src/main.o
                0x200001ac                huart1
 *fill*         0x200001f4        0x4 
 .bss.motor     0x200001f8     0x2918 ./Core/Src/main.o
                0x200001f8                motor
 .bss.mb_ctx    0x20002b10      0x218 ./Core/Src/main.o
                0x20002b10                mb_ctx
 .bss.last_500ms.1
                0x20002d28        0x8 ./Core/Src/main.o
 .bss.last_2s.0
                0x20002d30        0x8 ./Core/Src/main.o
 .bss.sys_time_100us
                0x20002d38        0x8 ./Core/Src/modbus.o
                0x20002d38                sys_time_100us
 .bss.start_flag_set
                0x20002d40        0x1 ./Core/Src/modbus.o
 *fill*         0x20002d41        0x1 
 .bss.pending_control_word
                0x20002d42        0x2 ./Core/Src/modbus.o
 *fill*         0x20002d44        0x4 
 .bss.pending_target_pos
                0x20002d48        0x8 ./Core/Src/modbus.o
 .bss.pending_target_speed
                0x20002d50        0x4 ./Core/Src/modbus.o
 .bss.config_dirty
                0x20002d54        0x1 ./Core/Src/modbus.o
 *fill*         0x20002d55        0x3 
 .bss.pending_baud_rate
                0x20002d58        0x4 ./Core/Src/modbus.o
 .bss.motor_running
                0x20002d5c        0x1 ./Core/Src/motor_control.o
 *fill*         0x20002d5d        0x3 
 .bss.current_velocity
                0x20002d60        0x4 ./Core/Src/motor_control.o
 .bss.ramped_target_speed
                0x20002d64        0x4 ./Core/Src/motor_control.o
 .bss.encoder_wrap
                0x20002d68        0x4 ./Core/Src/motor_control.o
 *fill*         0x20002d6c        0x4 
 .bss.last_valid_count
                0x20002d70        0x8 ./Core/Src/motor_control.o
 .bss.motor_ctl
                0x20002d78        0x4 ./Core/Src/motor_control.o
 .bss.current_pwm_output
                0x20002d7c        0x2 ./Core/Src/motor_control.o
 .bss.homing_state
                0x20002d7e        0x1 ./Core/Src/motor_control.o
 .bss.homing_failed
                0x20002d7f        0x1 ./Core/Src/motor_control.o
 .bss.homing_ticks
                0x20002d80        0x4 ./Core/Src/motor_control.o
 .bss.homing_stall_ticks
                0x20002d84        0x4 ./Core/Src/motor_control.o
 .bss.homing_start_position
                0x20002d88        0x8 ./Core/Src/motor_control.o
 .bss.mode_before_homing
                0x20002d90        0x1 ./Core/Src/motor_control.o
 *fill*         0x20002d91        0x3 
 .bss.speed_limit_integral
                0x20002d94        0x4 ./Core/Src/motor_control.o
 .bss.speed_limit_prev_velocity
                0x20002d98        0x4 ./Core/Src/motor_control.o
 *fill*         0x20002d9c        0x4 
 .bss.switch_edge_pos
                0x20002da0        0x8 ./Core/Src/motor_control.o
 .bss.precision_cycle_idx
                0x20002da8        0x1 ./Core/Src/motor_control.o
 *fill*         0x20002da9        0x7 
 .bss.switch_edge_sum
                0x20002db0        0x8 ./Core/Src/motor_control.o
 .bss.prev_pin4_state
                0x20002db8        0x1 ./Core/Src/motor_control.o
 .bss.prev_pin5_state
                0x20002db9        0x1 ./Core/Src/motor_control.o
 *fill*         0x20002dba        0x2 
 .bss.pulse_accumulator
                0x20002dbc        0x4 ./Core/Src/motor_control.o
 .bss.target_level_state
                0x20002dc0        0x1 ./Core/Src/motor_control.o
 *fill*         0x20002dc1        0x1 
 .bss.pid_divider.0
                0x20002dc2        0x2 ./Core/Src/motor_control.o
 .bss.uwTick    0x20002dc4        0x4 ./Drivers/STM32F1xx_HAL_Driver/Src/stm32f1xx_hal.o
                0x20002dc4                uwTick
 .bss.pFlash    0x20002dc8       0x20 ./Drivers/STM32F1xx_HAL_Driver/Src/stm32f1xx_hal_flash.o
                0x20002dc8                pFlash
 *(COMMON)
                0x20002de8                        . = ALIGN (0x4)
                0x20002de8                        _ebss = .
                0x20002de8                        __bss_end__ = _ebss

._user_heap_stack
                0x20002de8      0x600 load address 0x0800ad5c
                0x20002de8                        . = ALIGN (0x8)
                [!provide]                        PROVIDE (end = .)
                0x20002de8                        PROVIDE (_end = .)
                0x20002fe8                        . = (. + _Min_Heap_Size)
 *fill*         0x20002de8      0x200 
                0x200033e8                        . = (. + _Min_Stack_Size)
 *fill*         0x20002fe8      0x400 
                0x200033e8                        . = ALIGN (0x8)

/DISCARD/
 libc.a(*)
 libm.a(*)
 libgcc.a(*)

.ARM.attributes
                0x00000000       0x29
 *(.ARM.attributes)
 .ARM.attributes
                0x00000000       0x1d D:/soft/ST/STM32CubeIDE_2.2.0/STM32CubeIDE/plugins/com.st.stm32cube.ide.mcu.externaltools.gnu-tools-for-stm32.14.3.rel1.win32_1.0.100.202602081740/tools/bin/../lib/gcc/arm-none-eabi/14.3.1/thumb/v7-m/nofp/crti.o
 .ARM.attributes
                0x0000001d       0x2d D:/soft/ST/STM32CubeIDE_2.2.0/STM32CubeIDE/plugins/com.st.stm32cube.ide.mcu.externaltools.gnu-tools-for-stm32.14.3.rel1.win32_1.0.100.202602081740/tools/bin/../lib/gcc/arm-none-eabi/14.3.1/thumb/v7-m/nofp/crtbegin.o
 .ARM.attributes
                0x0000004a       0x2d ./Core/Src/afangkaobei.o
 .ARM.attributes
                0x00000077       0x2d ./Core/Src/main.o
 .ARM.attributes
                0x000000a4       0x2d ./Core/Src/modbus.o
 .ARM.attributes
                0x000000d1       0x2d ./Core/Src/motor_control.o
 .ARM.attributes
                0x000000fe       0x2d ./Core/Src/stm32f1xx_hal_msp.o
 .ARM.attributes
                0x0000012b       0x2d ./Core/Src/stm32f1xx_it.o
 .ARM.attributes
                0x00000158       0x2d ./Core/Src/system_stm32f1xx.o
 .ARM.attributes
                0x00000185       0x21 ./Core/Startup/startup_stm32f103rbtx.o
 .ARM.attributes
                0x000001a6       0x2d ./Drivers/STM32F1xx_HAL_Driver/Src/stm32f1xx_hal.o
 .ARM.attributes
                0x000001d3       0x2d ./Drivers/STM32F1xx_HAL_Driver/Src/stm32f1xx_hal_cortex.o
 .ARM.attributes
                0x00000200       0x2d ./Drivers/STM32F1xx_HAL_Driver/Src/stm32f1xx_hal_dma.o
 .ARM.attributes
                0x0000022d       0x2d ./Drivers/STM32F1xx_HAL_Driver/Src/stm32f1xx_hal_flash.o
 .ARM.attributes
                0x0000025a       0x2d ./Drivers/STM32F1xx_HAL_Driver/Src/stm32f1xx_hal_flash_ex.o
 .ARM.attributes
                0x00000287       0x2d ./Drivers/STM32F1xx_HAL_Driver/Src/stm32f1xx_hal_gpio.o
 .ARM.attributes
                0x000002b4       0x2d ./Drivers/STM32F1xx_HAL_Driver/Src/stm32f1xx_hal_rcc.o
 .ARM.attributes
                0x000002e1       0x2d ./Drivers/STM32F1xx_HAL_Driver/Src/stm32f1xx_hal_tim.o
 .ARM.attributes
                0x0000030e       0x2d ./Drivers/STM32F1xx_HAL_Driver/Src/stm32f1xx_hal_tim_ex.o
 .ARM.attributes
                0x0000033b       0x2d ./Drivers/STM32F1xx_HAL_Driver/Src/stm32f1xx_hal_uart.o
 .ARM.attributes
                0x00000368       0x2d D:/soft/ST/STM32CubeIDE_2.2.0/STM32CubeIDE/plugins/com.st.stm32cube.ide.mcu.externaltools.gnu-tools-for-stm32.14.3.rel1.win32_1.0.100.202602081740/tools/bin/../lib/gcc/arm-none-eabi/14.3.1/../../../../arm-none-eabi/lib/thumb/v7-m/nofp\libc_nano.a(libc_a-memset.o)
 .ARM.attributes
                0x00000395       0x2d D:/soft/ST/STM32CubeIDE_2.2.0/STM32CubeIDE/plugins/com.st.stm32cube.ide.mcu.externaltools.gnu-tools-for-stm32.14.3.rel1.win32_1.0.100.202602081740/tools/bin/../lib/gcc/arm-none-eabi/14.3.1/../../../../arm-none-eabi/lib/thumb/v7-m/nofp\libc_nano.a(libc_a-init.o)
 .ARM.attributes
                0x000003c2       0x2d D:/soft/ST/STM32CubeIDE_2.2.0/STM32CubeIDE/plugins/com.st.stm32cube.ide.mcu.externaltools.gnu-tools-for-stm32.14.3.rel1.win32_1.0.100.202602081740/tools/bin/../lib/gcc/arm-none-eabi/14.3.1/../../../../arm-none-eabi/lib/thumb/v7-m/nofp\libc_nano.a(libc_a-memcpy-stub.o)
 .ARM.attributes
                0x000003ef       0x1d D:/soft/ST/STM32CubeIDE_2.2.0/STM32CubeIDE/plugins/com.st.stm32cube.ide.mcu.externaltools.gnu-tools-for-stm32.14.3.rel1.win32_1.0.100.202602081740/tools/bin/../lib/gcc/arm-none-eabi/14.3.1/thumb/v7-m/nofp\libgcc.a(_arm_addsubsf3.o)
 .ARM.attributes
                0x0000040c       0x1d D:/soft/ST/STM32CubeIDE_2.2.0/STM32CubeIDE/plugins/com.st.stm32cube.ide.mcu.externaltools.gnu-tools-for-stm32.14.3.rel1.win32_1.0.100.202602081740/tools/bin/../lib/gcc/arm-none-eabi/14.3.1/thumb/v7-m/nofp\libgcc.a(_arm_muldivsf3.o)
 .ARM.attributes
                0x00000429       0x1d D:/soft/ST/STM32CubeIDE_2.2.0/STM32CubeIDE/plugins/com.st.stm32cube.ide.mcu.externaltools.gnu-tools-for-stm32.14.3.rel1.win32_1.0.100.202602081740/tools/bin/../lib/gcc/arm-none-eabi/14.3.1/thumb/v7-m/nofp\libgcc.a(_arm_cmpsf2.o)
 .ARM.attributes
                0x00000446       0x1d D:/soft/ST/STM32CubeIDE_2.2.0/STM32CubeIDE/plugins/com.st.stm32cube.ide.mcu.externaltools.gnu-tools-for-stm32.14.3.rel1.win32_1.0.100.202602081740/tools/bin/../lib/gcc/arm-none-eabi/14.3.1/thumb/v7-m/nofp\libgcc.a(_arm_fixsfsi.o)
 .ARM.attributes
                0x00000463       0x1d D:/soft/ST/STM32CubeIDE_2.2.0/STM32CubeIDE/plugins/com.st.stm32cube.ide.mcu.externaltools.gnu-tools-for-stm32.14.3.rel1.win32_1.0.100.202602081740/tools/bin/../lib/gcc/arm-none-eabi/14.3.1/thumb/v7-m/nofp\libgcc.a(_aeabi_ldivmod.o)
 .ARM.attributes
                0x00000480       0x2d D:/soft/ST/STM32CubeIDE_2.2.0/STM32CubeIDE/plugins/com.st.stm32cube.ide.mcu.externaltools.gnu-tools-for-stm32.14.3.rel1.win32_1.0.100.202602081740/tools/bin/../lib/gcc/arm-none-eabi/14.3.1/thumb/v7-m/nofp\libgcc.a(_fixsfdi.o)
 .ARM.attributes
                0x000004ad       0x2d D:/soft/ST/STM32CubeIDE_2.2.0/STM32CubeIDE/plugins/com.st.stm32cube.ide.mcu.externaltools.gnu-tools-for-stm32.14.3.rel1.win32_1.0.100.202602081740/tools/bin/../lib/gcc/arm-none-eabi/14.3.1/thumb/v7-m/nofp\libgcc.a(_fixunssfdi.o)
 .ARM.attributes
                0x000004da       0x2d D:/soft/ST/STM32CubeIDE_2.2.0/STM32CubeIDE/plugins/com.st.stm32cube.ide.mcu.externaltools.gnu-tools-for-stm32.14.3.rel1.win32_1.0.100.202602081740/tools/bin/../lib/gcc/arm-none-eabi/14.3.1/thumb/v7-m/nofp\libgcc.a(_udivmoddi4.o)
 .ARM.attributes
                0x00000507       0x1d D:/soft/ST/STM32CubeIDE_2.2.0/STM32CubeIDE/plugins/com.st.stm32cube.ide.mcu.externaltools.gnu-tools-for-stm32.14.3.rel1.win32_1.0.100.202602081740/tools/bin/../lib/gcc/arm-none-eabi/14.3.1/thumb/v7-m/nofp\libgcc.a(_arm_muldf3.o)
 .ARM.attributes
                0x00000524       0x1d D:/soft/ST/STM32CubeIDE_2.2.0/STM32CubeIDE/plugins/com.st.stm32cube.ide.mcu.externaltools.gnu-tools-for-stm32.14.3.rel1.win32_1.0.100.202602081740/tools/bin/../lib/gcc/arm-none-eabi/14.3.1/thumb/v7-m/nofp\libgcc.a(_dvmd_tls.o)
 .ARM.attributes
                0x00000541       0x1d D:/soft/ST/STM32CubeIDE_2.2.0/STM32CubeIDE/plugins/com.st.stm32cube.ide.mcu.externaltools.gnu-tools-for-stm32.14.3.rel1.win32_1.0.100.202602081740/tools/bin/../lib/gcc/arm-none-eabi/14.3.1/thumb/v7-m/nofp\libgcc.a(_arm_addsubdf3.o)
 .ARM.attributes
                0x0000055e       0x1d D:/soft/ST/STM32CubeIDE_2.2.0/STM32CubeIDE/plugins/com.st.stm32cube.ide.mcu.externaltools.gnu-tools-for-stm32.14.3.rel1.win32_1.0.100.202602081740/tools/bin/../lib/gcc/arm-none-eabi/14.3.1/thumb/v7-m/nofp\libgcc.a(_arm_fixunsdfsi.o)
 .ARM.attributes
                0x0000057b       0x1d D:/soft/ST/STM32CubeIDE_2.2.0/STM32CubeIDE/plugins/com.st.stm32cube.ide.mcu.externaltools.gnu-tools-for-stm32.14.3.rel1.win32_1.0.100.202602081740/tools/bin/../lib/gcc/arm-none-eabi/14.3.1/thumb/v7-m/nofp/crtn.o
OUTPUT(rb.elf elf32-littlearm)
LOAD linker stubs
LOAD D:/soft/ST/STM32CubeIDE_2.2.0/STM32CubeIDE/plugins/com.st.stm32cube.ide.mcu.externaltools.gnu-tools-for-stm32.14.3.rel1.win32_1.0.100.202602081740/tools/bin/../lib/gcc/arm-none-eabi/14.3.1/../../../../arm-none-eabi/lib/thumb/v7-m/nofp\libc.a
LOAD D:/soft/ST/STM32CubeIDE_2.2.0/STM32CubeIDE/plugins/com.st.stm32cube.ide.mcu.externaltools.gnu-tools-for-stm32.14.3.rel1.win32_1.0.100.202602081740/tools/bin/../lib/gcc/arm-none-eabi/14.3.1/../../../../arm-none-eabi/lib/thumb/v7-m/nofp\libm.a
LOAD D:/soft/ST/STM32CubeIDE_2.2.0/STM32CubeIDE/plugins/com.st.stm32cube.ide.mcu.externaltools.gnu-tools-for-stm32.14.3.rel1.win32_1.0.100.202602081740/tools/bin/../lib/gcc/arm-none-eabi/14.3.1/thumb/v7-m/nofp\libgcc.a

.debug_info     0x00000000    0x11164
 .debug_info    0x00000000      0x254 ./Core/Src/afangkaobei.o
 .debug_info    0x00000254     0x1971 ./Core/Src/main.o
 .debug_info    0x00001bc5     0x1648 ./Core/Src/modbus.o
 .debug_info    0x0000320d     0x2035 ./Core/Src/motor_control.o
 .debug_info    0x00005242      0xe3f ./Core/Src/stm32f1xx_hal_msp.o
 .debug_info    0x00006081      0xf64 ./Core/Src/stm32f1xx_it.o
 .debug_info    0x00006fe5      0x222 ./Core/Src/system_stm32f1xx.o
 .debug_info    0x00007207       0x30 ./Core/Startup/startup_stm32f103rbtx.o
 .debug_info    0x00007237      0x704 ./Drivers/STM32F1xx_HAL_Driver/Src/stm32f1xx_hal.o
 .debug_info    0x0000793b      0xa87 ./Drivers/STM32F1xx_HAL_Driver/Src/stm32f1xx_hal_cortex.o
 .debug_info    0x000083c2      0x6d2 ./Drivers/STM32F1xx_HAL_Driver/Src/stm32f1xx_hal_dma.o
 .debug_info    0x00008a94      0x4f8 ./Drivers/STM32F1xx_HAL_Driver/Src/stm32f1xx_hal_flash.o
 .debug_info    0x00008f8c      0x777 ./Drivers/STM32F1xx_HAL_Driver/Src/stm32f1xx_hal_flash_ex.o
 .debug_info    0x00009703      0x5ab ./Drivers/STM32F1xx_HAL_Driver/Src/stm32f1xx_hal_gpio.o
 .debug_info    0x00009cae      0x7d5 ./Drivers/STM32F1xx_HAL_Driver/Src/stm32f1xx_hal_rcc.o
 .debug_info    0x0000a483     0x2959 ./Drivers/STM32F1xx_HAL_Driver/Src/stm32f1xx_hal_tim.o
 .debug_info    0x0000cddc     0x149b ./Drivers/STM32F1xx_HAL_Driver/Src/stm32f1xx_hal_tim_ex.o
 .debug_info    0x0000e277     0x2eed ./Drivers/STM32F1xx_HAL_Driver/Src/stm32f1xx_hal_uart.o

.debug_abbrev   0x00000000     0x2a07
 .debug_abbrev  0x00000000      0x13e ./Core/Src/afangkaobei.o
 .debug_abbrev  0x0000013e      0x363 ./Core/Src/main.o
 .debug_abbrev  0x000004a1      0x3b1 ./Core/Src/modbus.o
 .debug_abbrev  0x00000852      0x409 ./Core/Src/motor_control.o
 .debug_abbrev  0x00000c5b      0x21e ./Core/Src/stm32f1xx_hal_msp.o
 .debug_abbrev  0x00000e79      0x222 ./Core/Src/stm32f1xx_it.o
 .debug_abbrev  0x0000109b      0x13f ./Core/Src/system_stm32f1xx.o
 .debug_abbrev  0x000011da       0x24 ./Core/Startup/startup_stm32f103rbtx.o
 .debug_abbrev  0x000011fe      0x201 ./Drivers/STM32F1xx_HAL_Driver/Src/stm32f1xx_hal.o
 .debug_abbrev  0x000013ff      0x2f8 ./Drivers/STM32F1xx_HAL_Driver/Src/stm32f1xx_hal_cortex.o
 .debug_abbrev  0x000016f7      0x20b ./Drivers/STM32F1xx_HAL_Driver/Src/stm32f1xx_hal_dma.o
 .debug_abbrev  0x00001902      0x250 ./Drivers/STM32F1xx_HAL_Driver/Src/stm32f1xx_hal_flash.o
 .debug_abbrev  0x00001b52      0x247 ./Drivers/STM32F1xx_HAL_Driver/Src/stm32f1xx_hal_flash_ex.o
 .debug_abbrev  0x00001d99      0x1ca ./Drivers/STM32F1xx_HAL_Driver/Src/stm32f1xx_hal_gpio.o
 .debug_abbrev  0x00001f63      0x2b3 ./Drivers/STM32F1xx_HAL_Driver/Src/stm32f1xx_hal_rcc.o
 .debug_abbrev  0x00002216      0x277 ./Drivers/STM32F1xx_HAL_Driver/Src/stm32f1xx_hal_tim.o
 .debug_abbrev  0x0000248d      0x282 ./Drivers/STM32F1xx_HAL_Driver/Src/stm32f1xx_hal_tim_ex.o
 .debug_abbrev  0x0000270f      0x2f8 ./Drivers/STM32F1xx_HAL_Driver/Src/stm32f1xx_hal_uart.o

.debug_aranges  0x00000000      0xfb0
 .debug_aranges
                0x00000000       0x28 ./Core/Src/afangkaobei.o
 .debug_aranges
                0x00000028       0x80 ./Core/Src/main.o
 .debug_aranges
                0x000000a8       0xb8 ./Core/Src/modbus.o
 .debug_aranges
                0x00000160      0x180 ./Core/Src/motor_control.o
 .debug_aranges
                0x000002e0       0x58 ./Core/Src/stm32f1xx_hal_msp.o
 .debug_aranges
                0x00000338       0x80 ./Core/Src/stm32f1xx_it.o
 .debug_aranges
                0x000003b8       0x28 ./Core/Src/system_stm32f1xx.o
 .debug_aranges
                0x000003e0       0x28 ./Core/Startup/startup_stm32f103rbtx.o
 .debug_aranges
                0x00000408       0xe0 ./Drivers/STM32F1xx_HAL_Driver/Src/stm32f1xx_hal.o
 .debug_aranges
                0x000004e8      0x100 ./Drivers/STM32F1xx_HAL_Driver/Src/stm32f1xx_hal_cortex.o
 .debug_aranges
                0x000005e8       0x80 ./Drivers/STM32F1xx_HAL_Driver/Src/stm32f1xx_hal_dma.o
 .debug_aranges
                0x00000668       0x88 ./Drivers/STM32F1xx_HAL_Driver/Src/stm32f1xx_hal_flash.o
 .debug_aranges
                0x000006f0       0x98 ./Drivers/STM32F1xx_HAL_Driver/Src/stm32f1xx_hal_flash_ex.o
 .debug_aranges
                0x00000788       0x58 ./Drivers/STM32F1xx_HAL_Driver/Src/stm32f1xx_hal_gpio.o
 .debug_aranges
                0x000007e0       0x90 ./Drivers/STM32F1xx_HAL_Driver/Src/stm32f1xx_hal_rcc.o
 .debug_aranges
                0x00000870      0x3d0 ./Drivers/STM32F1xx_HAL_Driver/Src/stm32f1xx_hal_tim.o
 .debug_aranges
                0x00000c40      0x168 ./Drivers/STM32F1xx_HAL_Driver/Src/stm32f1xx_hal_tim_ex.o
 .debug_aranges
                0x00000da8      0x208 ./Drivers/STM32F1xx_HAL_Driver/Src/stm32f1xx_hal_uart.o

.debug_rnglists
                0x00000000      0xc65
 .debug_rnglists
                0x00000000       0x1a ./Core/Src/afangkaobei.o
 .debug_rnglists
                0x0000001a       0x62 ./Core/Src/main.o
 .debug_rnglists
                0x0000007c       0x91 ./Core/Src/modbus.o
 .debug_rnglists
                0x0000010d      0x149 ./Core/Src/motor_control.o
 .debug_rnglists
                0x00000256       0x40 ./Core/Src/stm32f1xx_hal_msp.o
 .debug_rnglists
                0x00000296       0x5b ./Core/Src/stm32f1xx_it.o
 .debug_rnglists
                0x000002f1       0x1a ./Core/Src/system_stm32f1xx.o
 .debug_rnglists
                0x0000030b       0x19 ./Core/Startup/startup_stm32f103rbtx.o
 .debug_rnglists
                0x00000324       0xa3 ./Drivers/STM32F1xx_HAL_Driver/Src/stm32f1xx_hal.o
 .debug_rnglists
                0x000003c7       0xbb ./Drivers/STM32F1xx_HAL_Driver/Src/stm32f1xx_hal_cortex.o
 .debug_rnglists
                0x00000482       0x64 ./Drivers/STM32F1xx_HAL_Driver/Src/stm32f1xx_hal_dma.o
 .debug_rnglists
                0x000004e6       0x66 ./Drivers/STM32F1xx_HAL_Driver/Src/stm32f1xx_hal_flash.o
 .debug_rnglists
                0x0000054c       0x73 ./Drivers/STM32F1xx_HAL_Driver/Src/stm32f1xx_hal_flash_ex.o
 .debug_rnglists
                0x000005bf       0x3f ./Drivers/STM32F1xx_HAL_Driver/Src/stm32f1xx_hal_gpio.o
 .debug_rnglists
                0x000005fe       0x6c ./Drivers/STM32F1xx_HAL_Driver/Src/stm32f1xx_hal_rcc.o
 .debug_rnglists
                0x0000066a      0x31a ./Drivers/STM32F1xx_HAL_Driver/Src/stm32f1xx_hal_tim.o
 .debug_rnglists
                0x00000984      0x125 ./Drivers/STM32F1xx_HAL_Driver/Src/stm32f1xx_hal_tim_ex.o
 .debug_rnglists
                0x00000aa9      0x1bc ./Drivers/STM32F1xx_HAL_Driver/Src/stm32f1xx_hal_uart.o

.debug_macro    0x00000000    0x18421
 .debug_macro   0x00000000      0x1ad ./Core/Src/afangkaobei.o
 .debug_macro   0x000001ad      0xacc ./Core/Src/afangkaobei.o
 .debug_macro   0x00000c79      0x21b ./Core/Src/afangkaobei.o
 .debug_macro   0x00000e94       0x2e ./Core/Src/afangkaobei.o
 .debug_macro   0x00000ec2       0x22 ./Core/Src/afangkaobei.o
 .debug_macro   0x00000ee4       0x22 ./Core/Src/afangkaobei.o
 .debug_macro   0x00000f06       0x8e ./Core/Src/afangkaobei.o
 .debug_macro   0x00000f94       0x51 ./Core/Src/afangkaobei.o
 .debug_macro   0x00000fe5      0x103 ./Core/Src/afangkaobei.o
 .debug_macro   0x000010e8       0x6a ./Core/Src/afangkaobei.o
 .debug_macro   0x00001152      0x1df ./Core/Src/afangkaobei.o
 .debug_macro   0x00001331       0x1c ./Core/Src/afangkaobei.o
 .debug_macro   0x0000134d       0x22 ./Core/Src/afangkaobei.o
 .debug_macro   0x0000136f       0xbd ./Core/Src/afangkaobei.o
 .debug_macro   0x0000142c      0xd23 ./Core/Src/afangkaobei.o
 .debug_macro   0x0000214f     0xe09e ./Core/Src/afangkaobei.o
 .debug_macro   0x000101ed       0x6d ./Core/Src/afangkaobei.o
 .debug_macro   0x0001025a     0x34a2 ./Core/Src/afangkaobei.o
 .debug_macro   0x000136fc      0x190 ./Core/Src/afangkaobei.o
 .debug_macro   0x0001388c       0x5c ./Core/Src/afangkaobei.o
 .debug_macro   0x000138e8      0x5bc ./Core/Src/afangkaobei.o
 .debug_macro   0x00013ea4      0x289 ./Core/Src/afangkaobei.o
 .debug_macro   0x0001412d      0x1cb ./Core/Src/afangkaobei.o
 .debug_macro   0x000142f8      0x114 ./Core/Src/afangkaobei.o
 .debug_macro   0x0001440c      0x1b2 ./Core/Src/afangkaobei.o
 .debug_macro   0x000145be       0x27 ./Core/Src/afangkaobei.o
 .debug_macro   0x000145e5      0x136 ./Core/Src/afangkaobei.o
 .debug_macro   0x0001471b      0x1bc ./Core/Src/afangkaobei.o
 .debug_macro   0x000148d7       0x34 ./Core/Src/afangkaobei.o
 .debug_macro   0x0001490b       0x3c ./Core/Src/afangkaobei.o
 .debug_macro   0x00014947       0x57 ./Core/Src/afangkaobei.o
 .debug_macro   0x0001499e       0x87 ./Core/Src/afangkaobei.o
 .debug_macro   0x00014a25      0x240 ./Core/Src/afangkaobei.o
 .debug_macro   0x00014c65      0x140 ./Core/Src/afangkaobei.o
 .debug_macro   0x00014da5      0x8ed ./Core/Src/afangkaobei.o
 .debug_macro   0x00015692      0x28e ./Core/Src/afangkaobei.o
 .debug_macro   0x00015920       0x83 ./Core/Src/afangkaobei.o
 .debug_macro   0x000159a3      0x1e2 ./Core/Src/main.o
 .debug_macro   0x00015b85       0x1c ./Core/Src/main.o
 .debug_macro   0x00015ba1       0x10 ./Core/Src/main.o
 .debug_macro   0x00015bb1      0x289 ./Core/Src/main.o
 .debug_macro   0x00015e3a      0x298 ./Core/Src/modbus.o
 .debug_macro   0x000160d2       0x16 ./Core/Src/modbus.o
 .debug_macro   0x000160e8       0x61 ./Core/Src/modbus.o
 .debug_macro   0x00016149       0x24 ./Core/Src/modbus.o
 .debug_macro   0x0001616d       0x43 ./Core/Src/modbus.o
 .debug_macro   0x000161b0       0x34 ./Core/Src/modbus.o
 .debug_macro   0x000161e4      0x364 ./Core/Src/modbus.o
 .debug_macro   0x00016548       0x16 ./Core/Src/modbus.o
 .debug_macro   0x0001655e       0x4a ./Core/Src/modbus.o
 .debug_macro   0x000165a8       0x34 ./Core/Src/modbus.o
 .debug_macro   0x000165dc       0x10 ./Core/Src/modbus.o
 .debug_macro   0x000165ec       0x58 ./Core/Src/modbus.o
 .debug_macro   0x00016644       0x8e ./Core/Src/modbus.o
 .debug_macro   0x000166d2       0x1c ./Core/Src/modbus.o
 .debug_macro   0x000166ee      0x17e ./Core/Src/modbus.o
 .debug_macro   0x0001686c       0x10 ./Core/Src/modbus.o
 .debug_macro   0x0001687c       0x3c ./Core/Src/modbus.o
 .debug_macro   0x000168b8       0x20 ./Core/Src/modbus.o
 .debug_macro   0x000168d8      0x2f9 ./Core/Src/motor_control.o
 .debug_macro   0x00016bd1       0x16 ./Core/Src/motor_control.o
 .debug_macro   0x00016be7       0x16 ./Core/Src/motor_control.o
 .debug_macro   0x00016bfd       0x29 ./Core/Src/motor_control.o
 .debug_macro   0x00016c26      0x19b ./Core/Src/motor_control.o
 .debug_macro   0x00016dc1       0x16 ./Core/Src/motor_control.o
 .debug_macro   0x00016dd7      0x1b2 ./Core/Src/stm32f1xx_hal_msp.o
 .debug_macro   0x00016f89      0x1e2 ./Core/Src/stm32f1xx_it.o
 .debug_macro   0x0001716b      0x1a3 ./Core/Src/system_stm32f1xx.o
 .debug_macro   0x0001730e      0x1c7 ./Drivers/STM32F1xx_HAL_Driver/Src/stm32f1xx_hal.o
 .debug_macro   0x000174d5      0x1a3 ./Drivers/STM32F1xx_HAL_Driver/Src/stm32f1xx_hal_cortex.o
 .debug_macro   0x00017678      0x1a3 ./Drivers/STM32F1xx_HAL_Driver/Src/stm32f1xx_hal_dma.o
 .debug_macro   0x0001781b      0x1a3 ./Drivers/STM32F1xx_HAL_Driver/Src/stm32f1xx_hal_flash.o
 .debug_macro   0x000179be      0x1b5 ./Drivers/STM32F1xx_HAL_Driver/Src/stm32f1xx_hal_flash_ex.o
 .debug_macro   0x00017b73      0x20e ./Drivers/STM32F1xx_HAL_Driver/Src/stm32f1xx_hal_gpio.o
 .debug_macro   0x00017d81      0x1b5 ./Drivers/STM32F1xx_HAL_Driver/Src/stm32f1xx_hal_rcc.o
 .debug_macro   0x00017f36      0x1a4 ./Drivers/STM32F1xx_HAL_Driver/Src/stm32f1xx_hal_tim.o
 .debug_macro   0x000180da      0x1a3 ./Drivers/STM32F1xx_HAL_Driver/Src/stm32f1xx_hal_tim_ex.o
 .debug_macro   0x0001827d      0x1a4 ./Drivers/STM32F1xx_HAL_Driver/Src/stm32f1xx_hal_uart.o

.debug_line     0x00000000    0x12aa2
 .debug_line    0x00000000      0x854 ./Core/Src/afangkaobei.o
 .debug_line    0x00000854      0xb28 ./Core/Src/main.o
 .debug_line    0x0000137c     0x18b0 ./Core/Src/modbus.o
 .debug_line    0x00002c2c     0x21a4 ./Core/Src/motor_control.o
 .debug_line    0x00004dd0      0x85f ./Core/Src/stm32f1xx_hal_msp.o
 .debug_line    0x0000562f      0x881 ./Core/Src/stm32f1xx_it.o
 .debug_line    0x00005eb0      0x793 ./Core/Src/system_stm32f1xx.o
 .debug_line    0x00006643       0x78 ./Core/Startup/startup_stm32f103rbtx.o
 .debug_line    0x000066bb      0x9c7 ./Drivers/STM32F1xx_HAL_Driver/Src/stm32f1xx_hal.o
 .debug_line    0x00007082      0xb8e ./Drivers/STM32F1xx_HAL_Driver/Src/stm32f1xx_hal_cortex.o
 .debug_line    0x00007c10      0xdce ./Drivers/STM32F1xx_HAL_Driver/Src/stm32f1xx_hal_dma.o
 .debug_line    0x000089de      0xa7e ./Drivers/STM32F1xx_HAL_Driver/Src/stm32f1xx_hal_flash.o
 .debug_line    0x0000945c      0xb8b ./Drivers/STM32F1xx_HAL_Driver/Src/stm32f1xx_hal_flash_ex.o
 .debug_line    0x00009fe7      0xa1e ./Drivers/STM32F1xx_HAL_Driver/Src/stm32f1xx_hal_gpio.o
 .debug_line    0x0000aa05      0xe7d ./Drivers/STM32F1xx_HAL_Driver/Src/stm32f1xx_hal_rcc.o
 .debug_line    0x0000b882     0x34b8 ./Drivers/STM32F1xx_HAL_Driver/Src/stm32f1xx_hal_tim.o
 .debug_line    0x0000ed3a     0x1888 ./Drivers/STM32F1xx_HAL_Driver/Src/stm32f1xx_hal_tim_ex.o
 .debug_line    0x000105c2     0x24e0 ./Drivers/STM32F1xx_HAL_Driver/Src/stm32f1xx_hal_uart.o

.debug_str      0x00000000    0x8c5b3
 .debug_str     0x00000000    0x8c5b3 ./Core/Src/afangkaobei.o
                              0x837e2 (size before relaxing)
 .debug_str     0x0008c5b3    0x857a3 ./Core/Src/main.o
 .debug_str     0x0008c5b3    0x88311 ./Core/Src/modbus.o
 .debug_str     0x0008c5b3    0x889b8 ./Core/Src/motor_control.o
 .debug_str     0x0008c5b3    0x842c9 ./Core/Src/stm32f1xx_hal_msp.o
 .debug_str     0x0008c5b3    0x84f8f ./Core/Src/stm32f1xx_it.o
 .debug_str     0x0008c5b3    0x83794 ./Core/Src/system_stm32f1xx.o
 .debug_str     0x0008c5b3       0x75 ./Core/Startup/startup_stm32f103rbtx.o
 .debug_str     0x0008c5b3    0x83ec7 ./Drivers/STM32F1xx_HAL_Driver/Src/stm32f1xx_hal.o
 .debug_str     0x0008c5b3    0x83e13 ./Drivers/STM32F1xx_HAL_Driver/Src/stm32f1xx_hal_cortex.o
 .debug_str     0x0008c5b3    0x83b3d ./Drivers/STM32F1xx_HAL_Driver/Src/stm32f1xx_hal_dma.o
 .debug_str     0x0008c5b3    0x83a6f ./Drivers/STM32F1xx_HAL_Driver/Src/stm32f1xx_hal_flash.o
 .debug_str     0x0008c5b3    0x83c1d ./Drivers/STM32F1xx_HAL_Driver/Src/stm32f1xx_hal_flash_ex.o
 .debug_str     0x0008c5b3    0x83b1a ./Drivers/STM32F1xx_HAL_Driver/Src/stm32f1xx_hal_gpio.o
 .debug_str     0x0008c5b3    0x83bc3 ./Drivers/STM32F1xx_HAL_Driver/Src/stm32f1xx_hal_rcc.o
 .debug_str     0x0008c5b3    0x84bc5 ./Drivers/STM32F1xx_HAL_Driver/Src/stm32f1xx_hal_tim.o
 .debug_str     0x0008c5b3    0x843d1 ./Drivers/STM32F1xx_HAL_Driver/Src/stm32f1xx_hal_tim_ex.o
 .debug_str     0x0008c5b3    0x84234 ./Drivers/STM32F1xx_HAL_Driver/Src/stm32f1xx_hal_uart.o

.comment        0x00000000       0x43
 .comment       0x00000000       0x43 ./Core/Src/afangkaobei.o
                                 0x44 (size before relaxing)
 .comment       0x00000043       0x44 ./Core/Src/main.o
 .comment       0x00000043       0x44 ./Core/Src/modbus.o
 .comment       0x00000043       0x44 ./Core/Src/motor_control.o
 .comment       0x00000043       0x44 ./Core/Src/stm32f1xx_hal_msp.o
 .comment       0x00000043       0x44 ./Core/Src/stm32f1xx_it.o
 .comment       0x00000043       0x44 ./Core/Src/system_stm32f1xx.o
 .comment       0x00000043       0x44 ./Drivers/STM32F1xx_HAL_Driver/Src/stm32f1xx_hal.o
 .comment       0x00000043       0x44 ./Drivers/STM32F1xx_HAL_Driver/Src/stm32f1xx_hal_cortex.o
 .comment       0x00000043       0x44 ./Drivers/STM32F1xx_HAL_Driver/Src/stm32f1xx_hal_dma.o
 .comment       0x00000043       0x44 ./Drivers/STM32F1xx_HAL_Driver/Src/stm32f1xx_hal_flash.o
 .comment       0x00000043       0x44 ./Drivers/STM32F1xx_HAL_Driver/Src/stm32f1xx_hal_flash_ex.o
 .comment       0x00000043       0x44 ./Drivers/STM32F1xx_HAL_Driver/Src/stm32f1xx_hal_gpio.o
 .comment       0x00000043       0x44 ./Drivers/STM32F1xx_HAL_Driver/Src/stm32f1xx_hal_rcc.o
 .comment       0x00000043       0x44 ./Drivers/STM32F1xx_HAL_Driver/Src/stm32f1xx_hal_tim.o
 .comment       0x00000043       0x44 ./Drivers/STM32F1xx_HAL_Driver/Src/stm32f1xx_hal_tim_ex.o
 .comment       0x00000043       0x44 ./Drivers/STM32F1xx_HAL_Driver/Src/stm32f1xx_hal_uart.o

.debug_frame    0x00000000     0x420c
 .debug_frame   0x00000000       0x64 ./Core/Src/afangkaobei.o
 .debug_frame   0x00000064      0x1cc ./Core/Src/main.o
 .debug_frame   0x00000230      0x2fc ./Core/Src/modbus.o
 .debug_frame   0x0000052c      0x668 ./Core/Src/motor_control.o
 .debug_frame   0x00000b94      0x130 ./Core/Src/stm32f1xx_hal_msp.o
 .debug_frame   0x00000cc4      0x170 ./Core/Src/stm32f1xx_it.o
 .debug_frame   0x00000e34       0x50 ./Core/Src/system_stm32f1xx.o
 .debug_frame   0x00000e84      0x2e4 ./Drivers/STM32F1xx_HAL_Driver/Src/stm32f1xx_hal.o
 .debug_frame   0x00001168      0x3f0 ./Drivers/STM32F1xx_HAL_Driver/Src/stm32f1xx_hal_cortex.o
 .debug_frame   0x00001558      0x1e8 ./Drivers/STM32F1xx_HAL_Driver/Src/stm32f1xx_hal_dma.o
 .debug_frame   0x00001740      0x1e8 ./Drivers/STM32F1xx_HAL_Driver/Src/stm32f1xx_hal_flash.o
 .debug_frame   0x00001928      0x240 ./Drivers/STM32F1xx_HAL_Driver/Src/stm32f1xx_hal_flash_ex.o
 .debug_frame   0x00001b68      0x130 ./Drivers/STM32F1xx_HAL_Driver/Src/stm32f1xx_hal_gpio.o
 .debug_frame   0x00001c98      0x1f8 ./Drivers/STM32F1xx_HAL_Driver/Src/stm32f1xx_hal_rcc.o
 .debug_frame   0x00001e90     0x10e8 ./Drivers/STM32F1xx_HAL_Driver/Src/stm32f1xx_hal_tim.o
 .debug_frame   0x00002f78      0x600 ./Drivers/STM32F1xx_HAL_Driver/Src/stm32f1xx_hal_tim_ex.o
 .debug_frame   0x00003578      0x8dc ./Drivers/STM32F1xx_HAL_Driver/Src/stm32f1xx_hal_uart.o
 .debug_frame   0x00003e54       0x20 D:/soft/ST/STM32CubeIDE_2.2.0/STM32CubeIDE/plugins/com.st.stm32cube.ide.mcu.externaltools.gnu-tools-for-stm32.14.3.rel1.win32_1.0.100.202602081740/tools/bin/../lib/gcc/arm-none-eabi/14.3.1/../../../../arm-none-eabi/lib/thumb/v7-m/nofp\libc_nano.a(libc_a-memset.o)
 .debug_frame   0x00003e74       0x2c D:/soft/ST/STM32CubeIDE_2.2.0/STM32CubeIDE/plugins/com.st.stm32cube.ide.mcu.externaltools.gnu-tools-for-stm32.14.3.rel1.win32_1.0.100.202602081740/tools/bin/../lib/gcc/arm-none-eabi/14.3.1/../../../../arm-none-eabi/lib/thumb/v7-m/nofp\libc_nano.a(libc_a-init.o)
 .debug_frame   0x00003ea0       0x28 D:/soft/ST/STM32CubeIDE_2.2.0/STM32CubeIDE/plugins/com.st.stm32cube.ide.mcu.externaltools.gnu-tools-for-stm32.14.3.rel1.win32_1.0.100.202602081740/tools/bin/../lib/gcc/arm-none-eabi/14.3.1/../../../../arm-none-eabi/lib/thumb/v7-m/nofp\libc_nano.a(libc_a-memcpy-stub.o)
 .debug_frame   0x00003ec8       0x4c D:/soft/ST/STM32CubeIDE_2.2.0/STM32CubeIDE/plugins/com.st.stm32cube.ide.mcu.externaltools.gnu-tools-for-stm32.14.3.rel1.win32_1.0.100.202602081740/tools/bin/../lib/gcc/arm-none-eabi/14.3.1/thumb/v7-m/nofp\libgcc.a(_arm_addsubsf3.o)
 .debug_frame   0x00003f14       0x38 D:/soft/ST/STM32CubeIDE_2.2.0/STM32CubeIDE/plugins/com.st.stm32cube.ide.mcu.externaltools.gnu-tools-for-stm32.14.3.rel1.win32_1.0.100.202602081740/tools/bin/../lib/gcc/arm-none-eabi/14.3.1/thumb/v7-m/nofp\libgcc.a(_arm_muldivsf3.o)
 .debug_frame   0x00003f4c       0xc8 D:/soft/ST/STM32CubeIDE_2.2.0/STM32CubeIDE/plugins/com.st.stm32cube.ide.mcu.externaltools.gnu-tools-for-stm32.14.3.rel1.win32_1.0.100.202602081740/tools/bin/../lib/gcc/arm-none-eabi/14.3.1/thumb/v7-m/nofp\libgcc.a(_arm_cmpsf2.o)
 .debug_frame   0x00004014       0x24 D:/soft/ST/STM32CubeIDE_2.2.0/STM32CubeIDE/plugins/com.st.stm32cube.ide.mcu.externaltools.gnu-tools-for-stm32.14.3.rel1.win32_1.0.100.202602081740/tools/bin/../lib/gcc/arm-none-eabi/14.3.1/thumb/v7-m/nofp\libgcc.a(_arm_fixsfsi.o)
 .debug_frame   0x00004038       0x44 D:/soft/ST/STM32CubeIDE_2.2.0/STM32CubeIDE/plugins/com.st.stm32cube.ide.mcu.externaltools.gnu-tools-for-stm32.14.3.rel1.win32_1.0.100.202602081740/tools/bin/../lib/gcc/arm-none-eabi/14.3.1/thumb/v7-m/nofp\libgcc.a(_aeabi_ldivmod.o)
 .debug_frame   0x0000407c       0x30 D:/soft/ST/STM32CubeIDE_2.2.0/STM32CubeIDE/plugins/com.st.stm32cube.ide.mcu.externaltools.gnu-tools-for-stm32.14.3.rel1.win32_1.0.100.202602081740/tools/bin/../lib/gcc/arm-none-eabi/14.3.1/thumb/v7-m/nofp\libgcc.a(_fixsfdi.o)
 .debug_frame   0x000040ac       0x2c D:/soft/ST/STM32CubeIDE_2.2.0/STM32CubeIDE/plugins/com.st.stm32cube.ide.mcu.externaltools.gnu-tools-for-stm32.14.3.rel1.win32_1.0.100.202602081740/tools/bin/../lib/gcc/arm-none-eabi/14.3.1/thumb/v7-m/nofp\libgcc.a(_fixunssfdi.o)
 .debug_frame   0x000040d8       0x34 D:/soft/ST/STM32CubeIDE_2.2.0/STM32CubeIDE/plugins/com.st.stm32cube.ide.mcu.externaltools.gnu-tools-for-stm32.14.3.rel1.win32_1.0.100.202602081740/tools/bin/../lib/gcc/arm-none-eabi/14.3.1/thumb/v7-m/nofp\libgcc.a(_udivmoddi4.o)
 .debug_frame   0x0000410c       0x30 D:/soft/ST/STM32CubeIDE_2.2.0/STM32CubeIDE/plugins/com.st.stm32cube.ide.mcu.externaltools.gnu-tools-for-stm32.14.3.rel1.win32_1.0.100.202602081740/tools/bin/../lib/gcc/arm-none-eabi/14.3.1/thumb/v7-m/nofp\libgcc.a(_arm_muldf3.o)
 .debug_frame   0x0000413c       0xac D:/soft/ST/STM32CubeIDE_2.2.0/STM32CubeIDE/plugins/com.st.stm32cube.ide.mcu.externaltools.gnu-tools-for-stm32.14.3.rel1.win32_1.0.100.202602081740/tools/bin/../lib/gcc/arm-none-eabi/14.3.1/thumb/v7-m/nofp\libgcc.a(_arm_addsubdf3.o)
 .debug_frame   0x000041e8       0x24 D:/soft/ST/STM32CubeIDE_2.2.0/STM32CubeIDE/plugins/com.st.stm32cube.ide.mcu.externaltools.gnu-tools-for-stm32.14.3.rel1.win32_1.0.100.202602081740/tools/bin/../lib/gcc/arm-none-eabi/14.3.1/thumb/v7-m/nofp\libgcc.a(_arm_fixunsdfsi.o)

.debug_line_str
                0x00000000       0x59
 .debug_line_str
                0x00000000       0x59 ./Core/Startup/startup_stm32f103rbtx.o
